Microchip MPLAB XC8 Compiler V2.50

Linker command line:

-W-3 --edf=/opt/microchip/xc8/v2.50/pic/dat/20240725155939_en.msgs \
  -pivt0x8=08h -cn -h+dist/default/debug/robot_arm_nrf.debug.sym \
  --cmf=dist/default/debug/robot_arm_nrf.debug.cmf -z -Q18F57Q43 \
  -o/tmp/xcXjHeNCO/driver_tmp_3.o --defsym=__MPLAB_BUILD=1 \
  --fixupoverflow=error -Mdist/default/debug/robot_arm_nrf.debug.map \
  --md=/tmp/xcXjHeNCO/driver_tmp_0.dat -E1 -ver=XC8 Compiler --acfsm=1493 \
  -ACODE=00h-01FFFFh -ACONST=00h-01FFFFh -ASMALLCONST=02600h-026FFhx474 \
  -AMEDIUMCONST=02600h-0FFFFh,012600h-01FFFFh -ACOMRAM=0501h-055Fh \
  -AABS1=0500h-024FFh -ABIGRAM=0501h-024FFh \
  -ARAM=0560h-05FFh,0600h-06FFhx31 -ABANK5=0560h-05FFh -ABANK6=0600h-06FFh \
  -ABANK7=0700h-07FFh -ABANK8=0800h-08FFh -ABANK9=0900h-09FFh \
  -ABANK10=0A00h-0AFFh -ABANK11=0B00h-0BFFh -ABANK12=0C00h-0CFFh \
  -ABANK13=0D00h-0DFFh -ABANK14=0E00h-0EFFh -ABANK15=0F00h-0FFFh \
  -ABANK16=01000h-010FFh -ABANK17=01100h-011FFh -ABANK18=01200h-012FFh \
  -ABANK19=01300h-013FFh -ABANK20=01400h-014FFh -ABANK21=01500h-015FFh \
  -ABANK22=01600h-016FFh -ABANK23=01700h-017FFh -ABANK24=01800h-018FFh \
  -ABANK25=01900h-019FFh -ABANK26=01A00h-01AFFh -ABANK27=01B00h-01BFFh \
  -ABANK28=01C00h-01CFFh -ABANK29=01D00h-01DFFh -ABANK30=01E00h-01EFFh \
  -ABANK31=01F00h-01FFFh -ABANK32=02000h-020FFh -ABANK33=02100h-021FFh \
  -ABANK34=02200h-022FFh -ABANK35=02300h-023FFh -ABANK36=02400h-024FFh \
  -ASFR=00h-0FFhx4,0400h-045Fh,0460h-04FFh,02500h-025FFh \
  -ABIGSFR=00h-04FFh,02500h-025FFh -ACONFIG=0300000h-0300011h \
  -AIDLOC=0200000h-020003Fh -AEEDATA=0380000h-03803FFh -peeprom_data=EEDATA \
  -preset_vec=00h -ppowerup=CODE,init -pramtop=02600h \
  -psmallconst=SMALLCONST -pmediumconst=MEDIUMCONST -pconst=CONST \
  -AFARRAM=00h-00h \
  -prdata=COMRAM,nvrram=COMRAM,nvbit=COMRAM,rbss=COMRAM,rbit=COMRAM \
  -pfarbss=FARRAM,fardata=FARRAM,nvFARRAM=FARRAM \
  -pintsave_regs=BIGRAM,bigbss=BIGRAM,bigdata=BIGRAM -pbss=RAM \
  -pidata=CODE,irdata=CODE,ibigdata=CODE,ifardata=CODE -prparam=COMRAM \
  /tmp/xcXjHeNCO/driver_tmp_9.o dist/default/debug/robot_arm_nrf.debug.o 

Object code version is 3.11

Machine type is 18F57Q43



                Name                               Link     Load   Length Selector   Space Scale
/tmp/xcXjHeNCO/driver_tmp_9.o
                config                           300000   300000        A        0       4
                init                                 1A       1A        4        4       0
                reset_vec                             0        0        4        0       0
dist/default/debug/robot_arm_nrf.debug.o
                config                           300000   300000        A        0       4
                mediumconst                        FDAE     FDAE      252     7ED7       0
                ivt0x8                                8        8       12        4       0
                text92                            11A8C    11A8C        6     8D31       0
                text91                            11AAE    11AAE        2     8D31       0
                text90                            1157C    1157C       36     8000       0
                text89                            118F8    118F8       16     8000       0
                text88                            11A86    11A86        6     8D31       0
                text87                            11A24    11A24        C     8000       0
                text86                            11AAC    11AAC        2     8D31       0
                text85                            11506    11506       3E     8000       0
                text84                            11AA6    11AA6        4     8D31       0
                text83                            11A4E    11A4E        A     8000       0
                text82                            11A44    11A44        A     8000       0
                text81                            11AA2    11AA2        4     8D31       0
                text80                            11A3A    11A3A        A     8000       0
                text79                            11A30    11A30        A     8000       0
                text78                            104A4    104A4      24A     8000       0
                text77                            11AAA    11AAA        2     8D31       0
                text76                            11840    11840       20     8000       0
                text75                            10F1A    10F1A       7E     8000       0
                text74                            11922    11922       14     8000       0
                text73                            11A0A    11A0A        E     8000       0
                text72                            119FC    119FC        E     8000       0
                text71                            119EE    119EE        E     8000       0
                text70                            114C6    114C6       40     8000       0
                text69                            119E0    119E0        E     8000       0
                text68                            10BF6    10BF6       C2     8000       0
                text67                            119D2    119D2        E     8000       0
                text66                            119C4    119C4        E     8000       0
                text65                            119B6    119B6        E     8000       0
                text64                            11236    11236       68     8000       0
                text63                            119A8    119A8        E     8000       0
                text62                            1199A    1199A        E     8000       0
                text61                            1198C    1198C        E     8000       0
                text60                            111CE    111CE       68     8000       0
                text59                            1197E    1197E        E     8000       0
                text58                            11970    11970        E     8000       0
                text57                            11962    11962        E     8000       0
                text56                            11166    11166       68     8000       0
                text55                            118CA    118CA       18     8000       0
                text54                            115E6    115E6       34     8000       0
                text53                            11954    11954        E     8000       0
                text52                            11762    11762       2A     8000       0
                text51                            117B2    117B2       26     8000       0
                text50                            11A80    11A80        6     8D31       0
                text49                            11A7A    11A7A        6     8D31       0
                text48                            11A74    11A74        6     8D31       0
                text47                            11946    11946        E     8000       0
                text46                            1187C    1187C       1C     8000       0
                text45                            11086    11086       72     8000       0
                text44                            1181E    1181E       22     8000       0
                text43                            11A9E    11A9E        4     8D31       0
                text42                            11A9A    11A9A        4     8D31       0
                text41                            11898    11898       1A     8000       0
                text40                            11736    11736       2C     8000       0
                text39                            118B2    118B2       18     8000       0
                text38                            115B2    115B2       34     8000       0
                text37                            116AE    116AE       30     8000       0
                text36                            110F8    110F8       6E     8000       0
                text35                            1170A    1170A       2C     8000       0
                text34                            117FC    117FC       22     8000       0
                text33                            1167E    1167E       30     8000       0
                text32                            11A18    11A18        C     8000       0
                text31                            118E2    118E2       16     8000       0
                text30                            117D8    117D8       24     8000       0
                text29                            10F98    10F98       7C     8000       0
                text28                            1178C    1178C       26     8000       0
                text27                            1164C    1164C       32     8000       0
                text26                            10A64    10A64       CA     8000       0
                text25                            116DE    116DE       2C     8000       0
                text24                            1134A    1134A       52     8000       0
                text23                            11482    11482       44     8000       0
                text22                            1161A    1161A       32     8000       0
                text21                            10D64    10D64       9A     8000       0
                text20                            10CB8    10CB8       AC     8000       0
                text19                            11A96    11A96        4     8D31       0
                text18                            11A6E    11A6E        6     8D31       0
                text17                            11A92    11A92        4     8D31       0
                text16                            11A68    11A68        6     8D31       0
                text15                            11860    11860       1C     8000       0
                text14                            10848    10848      126     8000       0
                text13                            10B2E    10B2E       C8     8000       0
                text12                            1190E    1190E       14     8000       0
                text11                            113EC    113EC       4C     8000       0
                text10                            11014    11014       72     8000       0
                text9                             1129E    1129E       58     8000       0
                text8                             10DFE    10DFE       92     8000       0
                text7                             11A62    11A62        6     8D31       0
                text6                             11936    11936       10     8000       0
                text5                             10000    10000      4A4     8000       0
                text4                             11438    11438       4A     8000       0
                text3                             1139C    1139C       50     8000       0
                text2                             1096E    1096E       F6     8000       0
                text1                             106EE    106EE      15A     8000       0
                text0                             112F6    112F6       54     8000       0
                cstackCOMRAM                        501      501       2A      501       1
                cstackBANK5                         560      560       3F      560       1
                cstackBANK6                         658      658       12      600       1
                dataBANK6                           600      600       38      600       1
                bssBANK6                            638      638       20      600       1
                dataBANK5                           5F6      5F6        9      560       1
                bssBANK5                            59F      59F       39      560       1
                dataCOMRAM                          54D      54D        1      501       1
                bssCOMRAM                           52B      52B       13      501       1
                cinit                             10E90    10E90       8A     8000       0
                nvBANK5                             5D8      5D8       1E      560       1
                nvCOMRAM                            53E      53E        F      501       1
                idataBANK6                        11544    11544       38     8000       0
                idataBANK5                        11A58    11A58        9     8000       0
                idataCOMRAM                       11AB0    11AB0        1     8D31       0

TOTAL           Name                               Link     Load   Length     Space
        CLASS   CODE           
                init                                 1A       1A        4         0
                reset_vec                             0        0        4         0
                ivt0x8                                8        8       12         0
                text92                            11A8C    11A8C        6         0
                text91                            11AAE    11AAE        2         0
                text90                            1157C    1157C       36         0
                text89                            118F8    118F8       16         0
                text88                            11A86    11A86        6         0
                text87                            11A24    11A24        C         0
                text86                            11AAC    11AAC        2         0
                text85                            11506    11506       3E         0
                text84                            11AA6    11AA6        4         0
                text83                            11A4E    11A4E        A         0
                text82                            11A44    11A44        A         0
                text81                            11AA2    11AA2        4         0
                text80                            11A3A    11A3A        A         0
                text79                            11A30    11A30        A         0
                text78                            104A4    104A4      24A         0
                text77                            11AAA    11AAA        2         0
                text76                            11840    11840       20         0
                text75                            10F1A    10F1A       7E         0
                text74                            11922    11922       14         0
                text73                            11A0A    11A0A        E         0
                text72                            119FC    119FC        E         0
                text71                            119EE    119EE        E         0
                text70                            114C6    114C6       40         0
                text69                            119E0    119E0        E         0
                text68                            10BF6    10BF6       C2         0
                text67                            119D2    119D2        E         0
                text66                            119C4    119C4        E         0
                text65                            119B6    119B6        E         0
                text64                            11236    11236       68         0
                text63                            119A8    119A8        E         0
                text62                            1199A    1199A        E         0
                text61                            1198C    1198C        E         0
                text60                            111CE    111CE       68         0
                text59                            1197E    1197E        E         0
                text58                            11970    11970        E         0
                text57                            11962    11962        E         0
                text56                            11166    11166       68         0
                text55                            118CA    118CA       18         0
                text54                            115E6    115E6       34         0
                text53                            11954    11954        E         0
                text52                            11762    11762       2A         0
                text51                            117B2    117B2       26         0
                text50                            11A80    11A80        6         0
                text49                            11A7A    11A7A        6         0
                text48                            11A74    11A74        6         0
                text47                            11946    11946        E         0
                text46                            1187C    1187C       1C         0
                text45                            11086    11086       72         0
                text44                            1181E    1181E       22         0
                text43                            11A9E    11A9E        4         0
                text42                            11A9A    11A9A        4         0
                text41                            11898    11898       1A         0
                text40                            11736    11736       2C         0
                text39                            118B2    118B2       18         0
                text38                            115B2    115B2       34         0
                text37                            116AE    116AE       30         0
                text36                            110F8    110F8       6E         0
                text35                            1170A    1170A       2C         0
                text34                            117FC    117FC       22         0
                text33                            1167E    1167E       30         0
                text32                            11A18    11A18        C         0
                text31                            118E2    118E2       16         0
                text30                            117D8    117D8       24         0
                text29                            10F98    10F98       7C         0
                text28                            1178C    1178C       26         0
                text27                            1164C    1164C       32         0
                text26                            10A64    10A64       CA         0
                text25                            116DE    116DE       2C         0
                text24                            1134A    1134A       52         0
                text23                            11482    11482       44         0
                text22                            1161A    1161A       32         0
                text21                            10D64    10D64       9A         0
                text20                            10CB8    10CB8       AC         0
                text19                            11A96    11A96        4         0
                text18                            11A6E    11A6E        6         0
                text17                            11A92    11A92        4         0
                text16                            11A68    11A68        6         0
                text15                            11860    11860       1C         0
                text14                            10848    10848      126         0
                text13                            10B2E    10B2E       C8         0
                text12                            1190E    1190E       14         0
                text11                            113EC    113EC       4C         0
                text10                            11014    11014       72         0
                text9                             1129E    1129E       58         0
                text8                             10DFE    10DFE       92         0
                text7                             11A62    11A62        6         0
                text6                             11936    11936       10         0
                text5                             10000    10000      4A4         0
                text4                             11438    11438       4A         0
                text3                             1139C    1139C       50         0
                text2                             1096E    1096E       F6         0
                text1                             106EE    106EE      15A         0
                text0                             112F6    112F6       54         0
                cinit                             10E90    10E90       8A         0
                idataBANK6                        11544    11544       38         0
                idataBANK5                        11A58    11A58        9         0
                idataCOMRAM                       11AB0    11AB0        1         0

        CLASS   CONST          

        CLASS   SMALLCONST     

        CLASS   MEDIUMCONST    
                mediumconst                        FDAE     FDAE      252         0

        CLASS   COMRAM         
                cstackCOMRAM                        501      501       2A         1
                dataCOMRAM                          54D      54D        1         1
                bssCOMRAM                           52B      52B       13         1
                nvCOMRAM                            53E      53E        F         1

        CLASS   ABS1           

        CLASS   BIGRAM         

        CLASS   RAM            

        CLASS   BANK5          
                cstackBANK5                         560      560       3F         1
                dataBANK5                           5F6      5F6        9         1
                bssBANK5                            59F      59F       39         1
                nvBANK5                             5D8      5D8       1E         1

        CLASS   BANK6          
                cstackBANK6                         658      658       12         1
                dataBANK6                           600      600       38         1
                bssBANK6                            638      638       20         1

        CLASS   BANK7          

        CLASS   BANK8          

        CLASS   BANK9          

        CLASS   BANK10         

        CLASS   BANK11         

        CLASS   BANK12         

        CLASS   BANK13         

        CLASS   BANK14         

        CLASS   BANK15         

        CLASS   BANK16         

        CLASS   BANK17         

        CLASS   BANK18         

        CLASS   BANK19         

        CLASS   BANK20         

        CLASS   BANK21         

        CLASS   BANK22         

        CLASS   BANK23         

        CLASS   BANK24         

        CLASS   BANK25         

        CLASS   BANK26         

        CLASS   BANK27         

        CLASS   BANK28         

        CLASS   BANK29         

        CLASS   BANK30         

        CLASS   BANK31         

        CLASS   BANK32         

        CLASS   BANK33         

        CLASS   BANK34         

        CLASS   BANK35         

        CLASS   BANK36         

        CLASS   SFR            

        CLASS   BIGSFR         

        CLASS   CONFIG         
                config                           300000   300000        A         4

        CLASS   IDLOC          

        CLASS   EEDATA         

        CLASS   FARRAM         

        CLASS   HEAP           

        CLASS   STACK          



SEGMENTS        Name                           Load    Length   Top    Selector   Space  Class

                reset_vec                      000000  000004  000004         0       0  CODE    
                text5                          010000  001A61  011A61      8000       0  CODE    
                text7                          011A62  00004F  011AB1      8D31       0  CODE    
                ivt0x8                         000008  000016  00001E         4       0  CODE    
                dataBANK6                      000600  00006A  00066A       600       1  BANK6   
                cstackBANK5                    000560  00009F  0005FF       560       1  BANK5   
                cstackCOMRAM                   000501  00004D  00054E       501       1  COMRAM  
                mediumconst                    00FDAE  000252  010000      7ED7       0  MEDIUMCO


UNUSED ADDRESS RANGES

        Name                Unused          Largest block    Delta
        BANK10           000A00-000AFF              100
        BANK11           000B00-000BFF              100
        BANK12           000C00-000CFF              100
        BANK13           000D00-000DFF              100
        BANK14           000E00-000EFF              100
        BANK15           000F00-000FFF              100
        BANK16           001000-0010FF              100
        BANK17           001100-0011FF              100
        BANK18           001200-0012FF              100
        BANK19           001300-0013FF              100
        BANK20           001400-0014FF              100
        BANK21           001500-0015FF              100
        BANK22           001600-0016FF              100
        BANK23           001700-0017FF              100
        BANK24           001800-0018FF              100
        BANK25           001900-0019FF              100
        BANK26           001A00-001AFF              100
        BANK27           001B00-001BFF              100
        BANK28           001C00-001CFF              100
        BANK29           001D00-001DFF              100
        BANK30           001E00-001EFF              100
        BANK31           001F00-001FFF              100
        BANK32           002000-0020FF              100
        BANK33           002100-0021FF              100
        BANK34           002200-0022FF              100
        BANK35           002300-0023FF              100
        BANK36           002400-0024FF              100
        BANK5            0005FF-0005FF                1
        BANK6            00066A-0006FF               96
        BANK7            000700-0007FF              100
        BANK8            000800-0008FF              100
        BANK9            000900-0009FF              100
        BIGRAM           00054E-00055F               12
                         0005FF-0005FF                1
                         00066A-0024FF             1E96
        BIGSFR           000000-0004FF              500
                         002500-0025FF              100
        CODE             000004-000007                4
                         00001E-00FDAD             FD90
                         011A61-011A61                1
                         011AB1-01FFFF             E54F
        COMRAM           00054E-00055F               12
        CONFIG           30000A-300011                8
        CONST            000004-000007                4
                         00001E-00FDAD             FD90
                         011A61-011A61                1
                         011AB1-01FFFF             E54F
        EEDATA           380000-3803FF              400
        IDLOC            200000-20003F               40
        MEDIUMCONST      002600-00FDAD             D7AE
                         012600-01FFFF             DA00
        RAM              0005FF-0005FF                1
                         00066A-0024FF              100
        SFR              000000-0004FF              100
                         002500-0025FF              100
        SMALLCONST       002600-00FDAD              100
                         011A61-011A61                1
                         011AB1-01FFFF              100

                                  Symbol Table

?_Nrf24_setRADDR                                              cstackCOMRAM 000519
?_Nrf24_setTADDR                                              cstackCOMRAM 000519
?_calculateAngle                                              cstackCOMRAM 00050F
?_getAngle                                                    cstackCOMRAM 00050F
?_get_docking_servo_angles                                    cstackCOMRAM 00050F
?_get_grid_servo_angles                                       cstackCOMRAM 00050F
AdvancedSettings@dev                                          cstackCOMRAM 00051D
DELAY_microseconds@microseconds                               cstackCOMRAM 00050F
DELAY_milliseconds@milliseconds                               cstackCOMRAM 00050F
INT0_SetInterruptHandler@InterruptHandler                     cstackCOMRAM 00050F
INT1_SetInterruptHandler@InterruptHandler                     cstackCOMRAM 00050F
INT2_SetInterruptHandler@InterruptHandler                     cstackCOMRAM 00050F
IVTBASEH                                                      (abs)        00045E
IVTBASEL                                                      (abs)        00045D
IVTBASEU                                                      (abs)        00045F
Nrf24_SetSpeedDataRates@dev                                   cstackCOMRAM 000519
Nrf24_SetSpeedDataRates@val                                   cstackCOMRAM 00051B
Nrf24_SetSpeedDataRates@value                                 cstackCOMRAM 00051C
Nrf24_config@channel                                          cstackCOMRAM 00051E
Nrf24_config@dev                                              cstackCOMRAM 00051C
Nrf24_config@payload                                          cstackCOMRAM 00051F
Nrf24_configRegister@reg                                      cstackCOMRAM 000512
Nrf24_configRegister@value                                    cstackCOMRAM 000511
Nrf24_dataReady@dev                                           cstackCOMRAM 00051C
Nrf24_dataReady@status                                        cstackCOMRAM 00051E
Nrf24_flushRx@dev                                             cstackCOMRAM 000511
Nrf24_getData@data                                            cstackCOMRAM 000517
Nrf24_getData@dev                                             cstackCOMRAM 000515
Nrf24_getStatus@dev                                           cstackCOMRAM 000519
Nrf24_getStatus@rv                                            cstackCOMRAM 00051B
Nrf24_init@dev                                                cstackCOMRAM 000510
Nrf24_powerUpRx@dev                                           cstackCOMRAM 000513
Nrf24_readRegister@len                                        cstackCOMRAM 000517
Nrf24_readRegister@reg                                        cstackCOMRAM 000518
Nrf24_readRegister@value                                      cstackCOMRAM 000515
Nrf24_setRADDR@adr                                            cstackCOMRAM 00051B
Nrf24_setRADDR@buffer                                         cstackCOMRAM 000520
Nrf24_setRADDR@dev                                            cstackCOMRAM 000519
Nrf24_setRADDR@i                                              cstackCOMRAM 000527
Nrf24_setRADDR@ret                                            cstackCOMRAM 000525
Nrf24_setRetransmitDelay@dev                                  cstackCOMRAM 000519
Nrf24_setRetransmitDelay@val                                  cstackCOMRAM 00051B
Nrf24_setRetransmitDelay@value                                cstackCOMRAM 00051C
Nrf24_setTADDR@adr                                            cstackCOMRAM 00051B
Nrf24_setTADDR@buffer                                         cstackCOMRAM 000520
Nrf24_setTADDR@dev                                            cstackCOMRAM 000519
Nrf24_setTADDR@i                                              cstackCOMRAM 000527
Nrf24_setTADDR@ret                                            cstackCOMRAM 000525
Nrf24_writeRegister@len                                       cstackCOMRAM 000517
Nrf24_writeRegister@reg                                       cstackCOMRAM 000518
Nrf24_writeRegister@value                                     cstackCOMRAM 000515
PWM1_16BIT_Period_SetInterruptHandler@InterruptHandler        cstackCOMRAM 00050F
PWM1_16BIT_Slice1Output1_SetInterruptHandler@InterruptHandler cstackCOMRAM 00050F
PWM1_16BIT_Slice1Output2_SetInterruptHandler@InterruptHandler cstackCOMRAM 00050F
PWM2_16BIT_Period_SetInterruptHandler@InterruptHandler        cstackCOMRAM 00050F
PWM2_16BIT_SetSlice1Output1DutyCycleRegister@registerValue    cstackCOMRAM 000501
PWM2_16BIT_SetSlice1Output2DutyCycleRegister@registerValue    cstackCOMRAM 000501
PWM2_16BIT_Slice1Output1_SetInterruptHandler@InterruptHandler cstackCOMRAM 00050F
PWM2_16BIT_Slice1Output2_SetInterruptHandler@InterruptHandler cstackCOMRAM 00050F
PWM3_16BIT_Period_SetInterruptHandler@InterruptHandler        cstackCOMRAM 00050F
PWM3_16BIT_SetSlice1Output1DutyCycleRegister@registerValue    cstackCOMRAM 000501
PWM3_16BIT_SetSlice1Output2DutyCycleRegister@registerValue    cstackCOMRAM 000501
PWM3_16BIT_Slice1Output1_SetInterruptHandler@InterruptHandler cstackCOMRAM 00050F
PWM3_16BIT_Slice1Output2_SetInterruptHandler@InterruptHandler cstackCOMRAM 00050F
SPI1_ByteExchange@byteData                                    cstackCOMRAM 00050F
SPI1_ByteExchange@returnValue                                 cstackCOMRAM 000510
SPI1_Open@spiConfigIndex                                      cstackCOMRAM 00050F
SPI_read_buff@buffer                                          cstackCOMRAM 000511
SPI_read_buff@bytes                                           cstackCOMRAM 000513
SPI_read_buff@i                                               cstackCOMRAM 000514
SPI_write_buff@buffer                                         cstackCOMRAM 000511
SPI_write_buff@bytes                                          cstackCOMRAM 000513
SPI_write_buff@i                                              cstackCOMRAM 000514
TMR0_OverflowCallbackRegister@callbackHandler                 cstackCOMRAM 00050F
TMR2_OverflowCallbackRegister@InterruptHandler                cstackCOMRAM 00050F
_ACTCON                                                       (abs)        0000AC
_ANSELA                                                       (abs)        000400
_ANSELB                                                       (abs)        000408
_ANSELC                                                       (abs)        000410
_ANSELD                                                       (abs)        000418
_ANSELE                                                       (abs)        000420
_ANSELF                                                       (abs)        000428
_AdvancedSettings                                             text34       0117FC
_CLOCK_Initialize                                             text74       011922
_DELAY_microseconds                                           text24       01134A
_DELAY_milliseconds                                           text33       01167E
_INLVLA                                                       (abs)        000404
_INLVLB                                                       (abs)        00040C
_INLVLC                                                       (abs)        000414
_INLVLD                                                       (abs)        00041C
_INLVLE                                                       (abs)        000424
_INLVLF                                                       (abs)        00042C
_INT0_DefaultInterruptHandler                                 (abs)        000000
_INT0_InterruptHandler                                        nvBANK5      0005E4
_INT0_SetInterruptHandler                                     text73       011A0A
_INT1_DefaultInterruptHandler                                 (abs)        000000
_INT1_InterruptHandler                                        nvBANK5      0005E1
_INT1_SetInterruptHandler                                     text72       0119FC
_INT2_DefaultInterruptHandler                                 (abs)        000000
_INT2_InterruptHandler                                        nvBANK5      0005DE
_INT2_SetInterruptHandler                                     text71       0119EE
_INTCON0bits                                                  (abs)        0004D6
_INTERRUPT_Initialize                                         text70       0114C6
_INTERRUPT_InterruptManager                                   text75       010F1A
_IOCAF                                                        (abs)        000407
_IOCAN                                                        (abs)        000406
_IOCAP                                                        (abs)        000405
_IOCBF                                                        (abs)        00040F
_IOCBN                                                        (abs)        00040E
_IOCBP                                                        (abs)        00040D
_IOCCF                                                        (abs)        000417
_IOCCFbits                                                    (abs)        000417
_IOCCN                                                        (abs)        000416
_IOCCP                                                        (abs)        000415
_IOCEF                                                        (abs)        000427
_IOCEN                                                        (abs)        000426
_IOCEP                                                        (abs)        000425
_LATA                                                         (abs)        0004BE
_LATB                                                         (abs)        0004BF
_LATC                                                         (abs)        0004C0
_LATCbits                                                     (abs)        0004C0
_LATD                                                         (abs)        0004C1
_LATE                                                         (abs)        0004C2
_LATF                                                         (abs)        0004C3
_Nrf24_SetSpeedDataRates                                      text36       0110F8
_Nrf24_config                                                 text29       010F98
_Nrf24_configRegister                                         text39       0118B2
_Nrf24_dataReady                                              text28       01178C
_Nrf24_flushRx                                                text32       011A18
_Nrf24_getData                                                text27       01164C
_Nrf24_getStatus                                              text31       0118E2
_Nrf24_init                                                   text25       0116DE
_Nrf24_powerUpRx                                              text30       0117D8
_Nrf24_readRegister                                           text37       0116AE
_Nrf24_setRADDR                                               text21       010D64
_Nrf24_setRetransmitDelay                                     text35       01170A
_Nrf24_setTADDR                                               text20       010CB8
_Nrf24_writeRegister                                          text22       01161A
_ODCONA                                                       (abs)        000402
_ODCONB                                                       (abs)        00040A
_ODCONC                                                       (abs)        000412
_ODCOND                                                       (abs)        00041A
_ODCONE                                                       (abs)        000422
_ODCONF                                                       (abs)        00042A
_OSCCON1                                                      (abs)        0000AD
_OSCCON3                                                      (abs)        0000AF
_OSCEN                                                        (abs)        0000B3
_OSCFRQ                                                       (abs)        0000B1
_OSCTUNE                                                      (abs)        0000B0
_PIE0bits                                                     (abs)        00049E
_PIE3bits                                                     (abs)        0004A1
_PIE4bits                                                     (abs)        0004A2
_PIE5bits                                                     (abs)        0004A3
_PIE7bits                                                     (abs)        0004A5
_PIN_MANAGER_IOC                                              text89       0118F8
_PIN_MANAGER_Initialize                                       text68       010BF6
_PIR0bits                                                     (abs)        0004AE
_PIR10bits                                                    (abs)        0004B8
_PIR1bits                                                     (abs)        0004AF
_PIR3bits                                                     (abs)        0004B1
_PIR4bits                                                     (abs)        0004B2
_PIR5bits                                                     (abs)        0004B3
_PIR6bits                                                     (abs)        0004B4
_PIR7bits                                                     (abs)        0004B5
_PR2                                                          (abs)        000323
_PWM1CLK                                                      (abs)        000461
_PWM1CON                                                      (abs)        000469
_PWM1CONbits                                                  (abs)        000469
_PWM1CPRE                                                     (abs)        000465
_PWM1ERS                                                      (abs)        000460
_PWM1GIE                                                      (abs)        000468
_PWM1GIEbits                                                  (abs)        000468
_PWM1GIR                                                      (abs)        000467
_PWM1GIRbits                                                  (abs)        000467
_PWM1LDS                                                      (abs)        000462
_PWM1PIPOS                                                    (abs)        000466
_PWM1PRH                                                      (abs)        000464
_PWM1PRL                                                      (abs)        000463
_PWM1S1CFG                                                    (abs)        00046A
_PWM1S1P1H                                                    (abs)        00046C
_PWM1S1P1L                                                    (abs)        00046B
_PWM1S1P2H                                                    (abs)        00046E
_PWM1S1P2L                                                    (abs)        00046D
_PWM1_16BIT_Disable                                           text19       011A96
_PWM1_16BIT_Enable                                            text17       011A92
_PWM1_16BIT_Initialize                                        text64       011236
_PWM1_16BIT_Period_DefaultInterruptHandler                    (abs)        000000
_PWM1_16BIT_Period_InterruptHandler                           nvCOMRAM     000544
_PWM1_16BIT_Period_SetInterruptHandler                        text67       0119D2
_PWM1_16BIT_Slice1Output1_DefaultInterruptHandler             (abs)        000000
_PWM1_16BIT_Slice1Output1_InterruptHandler                    nvCOMRAM     00054A
_PWM1_16BIT_Slice1Output1_SetInterruptHandler                 text66       0119C4
_PWM1_16BIT_Slice1Output2_DefaultInterruptHandler             (abs)        000000
_PWM1_16BIT_Slice1Output2_InterruptHandler                    nvCOMRAM     000547
_PWM1_16BIT_Slice1Output2_SetInterruptHandler                 text65       0119B6
_PWM2CLK                                                      (abs)        000470
_PWM2CON                                                      (abs)        000478
_PWM2CONbits                                                  (abs)        000478
_PWM2CPRE                                                     (abs)        000474
_PWM2ERS                                                      (abs)        00046F
_PWM2GIE                                                      (abs)        000477
_PWM2GIEbits                                                  (abs)        000477
_PWM2GIR                                                      (abs)        000476
_PWM2GIRbits                                                  (abs)        000476
_PWM2LDS                                                      (abs)        000471
_PWM2PIPOS                                                    (abs)        000475
_PWM2PRH                                                      (abs)        000473
_PWM2PRL                                                      (abs)        000472
_PWM2S1CFG                                                    (abs)        000479
_PWM2S1P1H                                                    (abs)        00047B
_PWM2S1P1L                                                    (abs)        00047A
_PWM2S1P2H                                                    (abs)        00047D
_PWM2S1P2L                                                    (abs)        00047C
_PWM2_16BIT_Enable                                            text43       011A9E
_PWM2_16BIT_Initialize                                        text60       0111CE
_PWM2_16BIT_LoadBufferRegisters                               text84       011AA6
_PWM2_16BIT_Period_DefaultInterruptHandler                    (abs)        000000
_PWM2_16BIT_Period_InterruptHandler                           nvBANK5      0005F3
_PWM2_16BIT_Period_SetInterruptHandler                        text63       0119A8
_PWM2_16BIT_SetSlice1Output1DutyCycleRegister                 text83       011A4E
_PWM2_16BIT_SetSlice1Output2DutyCycleRegister                 text82       011A44
_PWM2_16BIT_Slice1Output1_DefaultInterruptHandler             (abs)        000000
_PWM2_16BIT_Slice1Output1_InterruptHandler                    nvCOMRAM     000541
_PWM2_16BIT_Slice1Output1_SetInterruptHandler                 text62       01199A
_PWM2_16BIT_Slice1Output2_DefaultInterruptHandler             (abs)        000000
_PWM2_16BIT_Slice1Output2_InterruptHandler                    nvCOMRAM     00053E
_PWM2_16BIT_Slice1Output2_SetInterruptHandler                 text61       01198C
_PWM3CLK                                                      (abs)        00047F
_PWM3CON                                                      (abs)        000487
_PWM3CONbits                                                  (abs)        000487
_PWM3CPRE                                                     (abs)        000483
_PWM3ERS                                                      (abs)        00047E
_PWM3GIE                                                      (abs)        000486
_PWM3GIEbits                                                  (abs)        000486
_PWM3GIR                                                      (abs)        000485
_PWM3GIRbits                                                  (abs)        000485
_PWM3LDS                                                      (abs)        000480
_PWM3PIPOS                                                    (abs)        000484
_PWM3PRH                                                      (abs)        000482
_PWM3PRL                                                      (abs)        000481
_PWM3S1CFG                                                    (abs)        000488
_PWM3S1P1H                                                    (abs)        00048A
_PWM3S1P1L                                                    (abs)        000489
_PWM3S1P2H                                                    (abs)        00048C
_PWM3S1P2L                                                    (abs)        00048B
_PWM3_16BIT_Enable                                            text42       011A9A
_PWM3_16BIT_Initialize                                        text56       011166
_PWM3_16BIT_LoadBufferRegisters                               text81       011AA2
_PWM3_16BIT_Period_DefaultInterruptHandler                    (abs)        000000
_PWM3_16BIT_Period_InterruptHandler                           nvBANK5      0005EA
_PWM3_16BIT_Period_SetInterruptHandler                        text59       01197E
_PWM3_16BIT_SetSlice1Output1DutyCycleRegister                 text80       011A3A
_PWM3_16BIT_SetSlice1Output2DutyCycleRegister                 text79       011A30
_PWM3_16BIT_Slice1Output1_DefaultInterruptHandler             (abs)        000000
_PWM3_16BIT_Slice1Output1_InterruptHandler                    nvBANK5      0005F0
_PWM3_16BIT_Slice1Output1_SetInterruptHandler                 text58       011970
_PWM3_16BIT_Slice1Output2_DefaultInterruptHandler             (abs)        000000
_PWM3_16BIT_Slice1Output2_InterruptHandler                    nvBANK5      0005ED
_PWM3_16BIT_Slice1Output2_SetInterruptHandler                 text57       011962
_RB0PPS                                                       (abs)        000209
_RB1I2C                                                       (abs)        000289
_RB1PPS                                                       (abs)        00020A
_RB2I2C                                                       (abs)        000288
_RB2PPS                                                       (abs)        00020B
_RB3PPS                                                       (abs)        00020C
_RC0PPS                                                       (abs)        000211
_RC3I2C                                                       (abs)        000287
_RC3PPS                                                       (abs)        000214
_RC4I2C                                                       (abs)        000286
_RC4PPS                                                       (abs)        000215
_SLRCONA                                                      (abs)        000403
_SLRCONB                                                      (abs)        00040B
_SLRCONC                                                      (abs)        000413
_SLRCOND                                                      (abs)        00041B
_SLRCONE                                                      (abs)        000423
_SLRCONF                                                      (abs)        00042B
_SPI1BAUD                                                     (abs)        000089
_SPI1CLK                                                      (abs)        00008C
_SPI1CON0                                                     (abs)        000084
_SPI1CON0bits                                                 (abs)        000084
_SPI1CON1                                                     (abs)        000085
_SPI1CON2                                                     (abs)        000086
_SPI1INTFbits                                                 (abs)        00008A
_SPI1RXB                                                      (abs)        000080
_SPI1SCKPPS                                                   (abs)        00026A
_SPI1SDIPPS                                                   (abs)        00026B
_SPI1STATUSbits                                               (abs)        000087
_SPI1TCNTH                                                    (abs)        000083
_SPI1TCNTL                                                    (abs)        000082
_SPI1TXB                                                      (abs)        000081
_SPI1_BufferExchange                                          (abs)        000000
_SPI1_BufferRead                                              (abs)        000000
_SPI1_BufferWrite                                             (abs)        000000
_SPI1_ByteExchange                                            text40       011736
_SPI1_ByteRead                                                (abs)        000000
_SPI1_ByteWrite                                               (abs)        000000
_SPI1_Close                                                   (abs)        000000
_SPI1_Deinitialize                                            (abs)        000000
_SPI1_Host                                                    mediumconst  00FDAF
_SPI1_Initialize                                              text55       0118CA
_SPI1_IsRxReady                                               (abs)        000000
_SPI1_IsTxReady                                               (abs)        000000
_SPI1_Open                                                    text26       010A64
_SPI_read_buff                                                text38       0115B2
_SPI_write_buff                                               text23       011482
_SYSTEM_Initialize                                            text51       0117B2
_T0CON0                                                       (abs)        00031A
_T0CON0bits                                                   (abs)        00031A
_T0CON1                                                       (abs)        00031B
_T2CLKCON                                                     (abs)        000326
_T2CON                                                        (abs)        000324
_T2CONbits                                                    (abs)        000324
_T2HLT                                                        (abs)        000325
_T2HLTbits                                                    (abs)        000325
_T2PR                                                         (abs)        000323
_T2RST                                                        (abs)        000327
_T2RSTbits                                                    (abs)        000327
_T2TMR                                                        (abs)        000322
_TMR0H                                                        (abs)        000319
_TMR0L                                                        (abs)        000318
_TMR0_DefaultCallback                                         text86       011AAC
_TMR0_ISR                                                     text85       011506
_TMR0_Initialize                                              text54       0115E6
_TMR0_OverflowCallback                                        nvBANK5      0005DB
_TMR0_OverflowCallbackRegister                                text47       011946
_TMR0_Start                                                   text7        011A62
_TMR0_Stop                                                    text50       011A80
_TMR2                                                         (abs)        000322
_TMR2_DefaultOverflowCallback                                 text77       011AAA
_TMR2_ISR                                                     text76       011840
_TMR2_Initialize                                              text52       011762
_TMR2_OverflowCallback                                        nvBANK5      0005D8
_TMR2_OverflowCallbackRegister                                text53       011954
_TMR2_PeriodCountSet                                          (abs)        000000
_TMR2_Start                                                   text49       011A7A
_TMR2_Stop                                                    text48       011A74
_TRISA                                                        (abs)        0004C6
_TRISB                                                        (abs)        0004C7
_TRISC                                                        (abs)        0004C8
_TRISCbits                                                    (abs)        0004C8
_TRISD                                                        (abs)        0004C9
_TRISE                                                        (abs)        0004CA
_TRISF                                                        (abs)        0004CB
_Timer2                                                       mediumconst  00FDD9
_WPUA                                                         (abs)        000401
_WPUB                                                         (abs)        000409
_WPUC                                                         (abs)        000411
_WPUD                                                         (abs)        000419
_WPUE                                                         (abs)        000421
_WPUF                                                         (abs)        000429
__HRAM                                                        (abs)        000000
__H__absolute__                                               __absolute__ 000000
__Habs1                                                       abs1         000000
__Hbank10                                                     bank10       000000
__Hbank11                                                     bank11       000000
__Hbank12                                                     bank12       000000
__Hbank13                                                     bank13       000000
__Hbank14                                                     bank14       000000
__Hbank15                                                     bank15       000000
__Hbank16                                                     bank16       000000
__Hbank17                                                     bank17       000000
__Hbank18                                                     bank18       000000
__Hbank19                                                     bank19       000000
__Hbank20                                                     bank20       000000
__Hbank21                                                     bank21       000000
__Hbank22                                                     bank22       000000
__Hbank23                                                     bank23       000000
__Hbank24                                                     bank24       000000
__Hbank25                                                     bank25       000000
__Hbank26                                                     bank26       000000
__Hbank27                                                     bank27       000000
__Hbank28                                                     bank28       000000
__Hbank29                                                     bank29       000000
__Hbank30                                                     bank30       000000
__Hbank31                                                     bank31       000000
__Hbank32                                                     bank32       000000
__Hbank33                                                     bank33       000000
__Hbank34                                                     bank34       000000
__Hbank35                                                     bank35       000000
__Hbank36                                                     bank36       000000
__Hbank5                                                      bank5        000000
__Hbank6                                                      bank6        000000
__Hbank7                                                      bank7        000000
__Hbank8                                                      bank8        000000
__Hbank9                                                      bank9        000000
__Hbigbss                                                     bigbss       000000
__Hbigdata                                                    bigdata      000000
__Hbigram                                                     bigram       000000
__Hbigsfr                                                     bigsfr       000000
__Hbss                                                        bss          000000
__HbssBANK5                                                   bssBANK5     000000
__HbssBANK6                                                   bssBANK6     000000
__HbssCOMRAM                                                  bssCOMRAM    000000
__Hcinit                                                      cinit        000000
__Hclrtext                                                    clrtext      000000
__Hcomram                                                     comram       000000
__Hconfig                                                     config       30000A
__Hconst                                                      const        000000
__HcstackBANK5                                                cstackBANK5  000000
__HcstackBANK6                                                cstackBANK6  000000
__HcstackCOMRAM                                               cstackCOMRAM 000000
__Hdata                                                       data         000000
__HdataBANK5                                                  dataBANK5    000000
__HdataBANK6                                                  dataBANK6    000000
__HdataCOMRAM                                                 dataCOMRAM   000000
__Heeprom_data                                                eeprom_data  000000
__Hfarbss                                                     farbss       000000
__Hfardata                                                    fardata      000000
__Hheap                                                       heap         000000
__Hibigdata                                                   ibigdata     000000
__Hidata                                                      idata        000000
__HidataBANK5                                                 idataBANK5   000000
__HidataBANK6                                                 idataBANK6   000000
__HidataCOMRAM                                                idataCOMRAM  000000
__Hidloc                                                      idloc        000000
__Hifardata                                                   ifardata     000000
__Hinit                                                       init         00001E
__Hintsave_regs                                               intsave_regs 000000
__Hirdata                                                     irdata       000000
__Hivt0x8                                                     ivt0x8       00001A
__Hmediumconst                                                mediumconst  010000
__HnvBANK5                                                    nvBANK5      000000
__HnvCOMRAM                                                   nvCOMRAM     000000
__HnvFARRAM                                                   nvFARRAM     000000
__Hnvbit                                                      nvbit        000000
__Hnvrram                                                     nvrram       000000
__Hparam                                                      rparam       000000
__Hpowerup                                                    powerup      000000
__Hram                                                        ram          000000
__Hramtop                                                     ramtop       002600
__Hrbit                                                       rbit         000000
__Hrbss                                                       rbss         000000
__Hrdata                                                      rdata        000000
__Hreset_vec                                                  reset_vec    000004
__Hrparam                                                     rparam       000000
__Hsfr                                                        sfr          000000
__Hsmallconst                                                 smallconst   000000
__Hspace_0                                                    (abs)        011AB1
__Hspace_1                                                    (abs)        00066A
__Hspace_2                                                    (abs)        000000
__Hspace_4                                                    (abs)        60000A
__Hstack                                                      stack        000000
__Hstruct                                                     struct       000000
__Htemp                                                       temp         000000
__Htext                                                       text         000000
__Htext0                                                      text0        000000
__Htext1                                                      text1        000000
__Htext10                                                     text10       000000
__Htext11                                                     text11       000000
__Htext12                                                     text12       000000
__Htext13                                                     text13       000000
__Htext14                                                     text14       000000
__Htext15                                                     text15       000000
__Htext16                                                     text16       000000
__Htext17                                                     text17       000000
__Htext18                                                     text18       000000
__Htext19                                                     text19       000000
__Htext2                                                      text2        000000
__Htext20                                                     text20       000000
__Htext21                                                     text21       000000
__Htext22                                                     text22       000000
__Htext23                                                     text23       000000
__Htext24                                                     text24       000000
__Htext25                                                     text25       000000
__Htext26                                                     text26       000000
__Htext27                                                     text27       000000
__Htext28                                                     text28       000000
__Htext29                                                     text29       000000
__Htext3                                                      text3        000000
__Htext30                                                     text30       000000
__Htext31                                                     text31       000000
__Htext32                                                     text32       000000
__Htext33                                                     text33       000000
__Htext34                                                     text34       000000
__Htext35                                                     text35       000000
__Htext36                                                     text36       000000
__Htext37                                                     text37       000000
__Htext38                                                     text38       000000
__Htext39                                                     text39       000000
__Htext4                                                      text4        000000
__Htext40                                                     text40       000000
__Htext41                                                     text41       000000
__Htext42                                                     text42       000000
__Htext43                                                     text43       000000
__Htext44                                                     text44       000000
__Htext45                                                     text45       000000
__Htext46                                                     text46       000000
__Htext47                                                     text47       000000
__Htext48                                                     text48       000000
__Htext49                                                     text49       000000
__Htext5                                                      text5        000000
__Htext50                                                     text50       000000
__Htext51                                                     text51       000000
__Htext52                                                     text52       000000
__Htext53                                                     text53       000000
__Htext54                                                     text54       000000
__Htext55                                                     text55       000000
__Htext56                                                     text56       000000
__Htext57                                                     text57       000000
__Htext58                                                     text58       000000
__Htext59                                                     text59       000000
__Htext6                                                      text6        000000
__Htext60                                                     text60       000000
__Htext61                                                     text61       000000
__Htext62                                                     text62       000000
__Htext63                                                     text63       000000
__Htext64                                                     text64       000000
__Htext65                                                     text65       000000
__Htext66                                                     text66       000000
__Htext67                                                     text67       000000
__Htext68                                                     text68       000000
__Htext69                                                     text69       000000
__Htext7                                                      text7        000000
__Htext70                                                     text70       000000
__Htext71                                                     text71       000000
__Htext72                                                     text72       000000
__Htext73                                                     text73       000000
__Htext74                                                     text74       000000
__Htext75                                                     text75       000000
__Htext76                                                     text76       000000
__Htext77                                                     text77       000000
__Htext78                                                     text78       000000
__Htext79                                                     text79       000000
__Htext8                                                      text8        000000
__Htext80                                                     text80       000000
__Htext81                                                     text81       000000
__Htext82                                                     text82       000000
__Htext83                                                     text83       000000
__Htext84                                                     text84       000000
__Htext85                                                     text85       000000
__Htext86                                                     text86       000000
__Htext87                                                     text87       000000
__Htext88                                                     text88       000000
__Htext89                                                     text89       000000
__Htext9                                                      text9        000000
__Htext90                                                     text90       000000
__Htext91                                                     text91       000000
__Htext92                                                     text92       000000
__LRAM                                                        (abs)        000001
__L__absolute__                                               __absolute__ 000000
__Labs1                                                       abs1         000000
__Lbank10                                                     bank10       000000
__Lbank11                                                     bank11       000000
__Lbank12                                                     bank12       000000
__Lbank13                                                     bank13       000000
__Lbank14                                                     bank14       000000
__Lbank15                                                     bank15       000000
__Lbank16                                                     bank16       000000
__Lbank17                                                     bank17       000000
__Lbank18                                                     bank18       000000
__Lbank19                                                     bank19       000000
__Lbank20                                                     bank20       000000
__Lbank21                                                     bank21       000000
__Lbank22                                                     bank22       000000
__Lbank23                                                     bank23       000000
__Lbank24                                                     bank24       000000
__Lbank25                                                     bank25       000000
__Lbank26                                                     bank26       000000
__Lbank27                                                     bank27       000000
__Lbank28                                                     bank28       000000
__Lbank29                                                     bank29       000000
__Lbank30                                                     bank30       000000
__Lbank31                                                     bank31       000000
__Lbank32                                                     bank32       000000
__Lbank33                                                     bank33       000000
__Lbank34                                                     bank34       000000
__Lbank35                                                     bank35       000000
__Lbank36                                                     bank36       000000
__Lbank5                                                      bank5        000000
__Lbank6                                                      bank6        000000
__Lbank7                                                      bank7        000000
__Lbank8                                                      bank8        000000
__Lbank9                                                      bank9        000000
__Lbigbss                                                     bigbss       000000
__Lbigdata                                                    bigdata      000000
__Lbigram                                                     bigram       000000
__Lbigsfr                                                     bigsfr       000000
__Lbss                                                        bss          000000
__LbssBANK5                                                   bssBANK5     000000
__LbssBANK6                                                   bssBANK6     000000
__LbssCOMRAM                                                  bssCOMRAM    000000
__Lcinit                                                      cinit        000000
__Lclrtext                                                    clrtext      000000
__Lcomram                                                     comram       000000
__Lconfig                                                     config       000000
__Lconst                                                      const        000000
__LcstackBANK5                                                cstackBANK5  000000
__LcstackBANK6                                                cstackBANK6  000000
__LcstackCOMRAM                                               cstackCOMRAM 000000
__Ldata                                                       data         000000
__LdataBANK5                                                  dataBANK5    000000
__LdataBANK6                                                  dataBANK6    000000
__LdataCOMRAM                                                 dataCOMRAM   000000
__Leeprom_data                                                eeprom_data  000000
__Lfarbss                                                     farbss       000000
__Lfardata                                                    fardata      000000
__Lheap                                                       heap         000000
__Libigdata                                                   ibigdata     000000
__Lidata                                                      idata        000000
__LidataBANK5                                                 idataBANK5   000000
__LidataBANK6                                                 idataBANK6   000000
__LidataCOMRAM                                                idataCOMRAM  000000
__Lidloc                                                      idloc        000000
__Lifardata                                                   ifardata     000000
__Linit                                                       init         00001A
__Lintsave_regs                                               intsave_regs 000000
__Lirdata                                                     irdata       000000
__Livt0x8                                                     ivt0x8       000008
__Lmediumconst                                                mediumconst  00FDAE
__LnvBANK5                                                    nvBANK5      000000
__LnvCOMRAM                                                   nvCOMRAM     000000
__LnvFARRAM                                                   nvFARRAM     000000
__Lnvbit                                                      nvbit        000000
__Lnvrram                                                     nvrram       000000
__Lparam                                                      rparam       000000
__Lpowerup                                                    powerup      000000
__Lram                                                        ram          000000
__Lramtop                                                     ramtop       002600
__Lrbit                                                       rbit         000000
__Lrbss                                                       rbss         000000
__Lrdata                                                      rdata        000000
__Lreset_vec                                                  reset_vec    000000
__Lrparam                                                     rparam       000000
__Lsfr                                                        sfr          000000
__Lsmallconst                                                 smallconst   000000
__Lspace_0                                                    (abs)        000000
__Lspace_1                                                    (abs)        000000
__Lspace_2                                                    (abs)        000000
__Lspace_4                                                    (abs)        000000
__Lstack                                                      stack        000000
__Lstruct                                                     struct       000000
__Ltemp                                                       temp         000000
[...]
__ptext59                                                     text59       01197E
__ptext6                                                      text6        011936
__ptext60                                                     text60       0111CE
__ptext61                                                     text61       01198C
__ptext62                                                     text62       01199A
__ptext63                                                     text63       0119A8
__ptext64                                                     text64       011236
__ptext65                                                     text65       0119B6
__ptext66                                                     text66       0119C4
__ptext67                                                     text67       0119D2
__ptext68                                                     text68       010BF6
__ptext69                                                     text69       0119E0
__ptext7                                                      text7        011A62
__ptext70                                                     text70       0114C6
__ptext71                                                     text71       0119EE
__ptext72                                                     text72       0119FC
__ptext73                                                     text73       011A0A
__ptext74                                                     text74       011922
__ptext75                                                     text75       010F1A
__ptext76                                                     text76       011840
__ptext77                                                     text77       011AAA
__ptext78                                                     text78       0104A4
__ptext79                                                     text79       011A30
__ptext8                                                      text8        010DFE
__ptext80                                                     text80       011A3A
__ptext81                                                     text81       011AA2
__ptext82                                                     text82       011A44
__ptext83                                                     text83       011A4E
__ptext84                                                     text84       011AA6
__ptext85                                                     text85       011506
__ptext86                                                     text86       011AAC
__ptext87                                                     text87       011A24
__ptext88                                                     text88       011A86
__ptext89                                                     text89       0118F8
__ptext9                                                      text9        01129E
__ptext90                                                     text90       01157C
__ptext91                                                     text91       011AAE
__ptext92                                                     text92       011A8C
__ramtop                                                      ramtop       002600
__smallconst                                                  smallconst   000000
_arm_fsm_init                                                 text44       01181E
_arm_fsm_update                                               text5        010000
_arm_fsm_update$2554                                          cstackBANK5  00059E
_arm_mode                                                     bssBANK5     0005D5
_arm_set_target                                               text4        011438
_buf                                                          bssBANK6     000638
_calculateAngle                                               text46       01187C
_current_state                                                bssBANK5     0005D7
_delay                                                        text87       011A24
_delay_done                                                   dataBANK5    0005FE
_delay_next_state                                             bssBANK5     0005CF
_disableMagnet                                                text18       011A6E
_docking_positions                                            mediumconst  00FEAE
_enableMagnet                                                 text16       011A68
_enablePWM                                                    text41       011898
_getAngle                                                     text15       011860
_get_adjusted_servo_angles                                    text14       010848
_get_adjusted_servo_angles$2590                               cstackCOMRAM 000519
_get_dependent_servo_angle                                    text13       010B2E
_get_dependent_servo_angle$2583                               cstackCOMRAM 000517
_get_docking_servo_angles                                     text12       01190E
_get_grid_servo_angles                                        text11       0113EC
_grid_angles                                                  mediumconst  00FDFA
_initServo                                                    text45       011086
_isrTim0                                                      text78       0104A4
_main                                                         text0        0112F6
_memcpy                                                       text3        01139C
_move_servo_to_angles                                         text10       011014
_move_servo_to_int                                            text9        01129E
_nRF24_IRQ_DefaultInterruptHandler                            text91       011AAE
_nRF24_IRQ_ISR                                                text90       01157C
_nRF24_IRQ_InterruptHandler                                   nvBANK5      0005E7
_nRF24_IRQ_SetInterruptHandler                                text69       0119E0
_next_state                                                   bssBANK5     0005D6
_nrf_flag                                                     bssCOMRAM    00053D
_nrf_irq                                                      text92       011A8C
_parse_robot_message                                          text2        01096E
_process_fsm                                                  bssBANK5     0005D0
_rf24_crclength                                               mediumconst  00FE90
_rf24_datarates                                               dataBANK6    000620
_rf24_pa_dbm                                                  dataBANK6    000600
_servoMovement                                                text8        010DFE
_servos                                                       bssCOMRAM    00052B
_slave                                                        text1        0106EE
_spi1_configuration                                           mediumconst  00FDEB
_start_fsm_delay                                              text6        011936
_state_done                                                   dataCOMRAM   00054D
_target_boat                                                  bssBANK5     0005D4
_target_orientation                                           bssBANK5     0005D1
_target_x                                                     bssBANK5     0005D3
_target_y                                                     bssBANK5     0005D2
_tmr0PeriodCount                                              bssCOMRAM    00053B
arm_fsm_update@F162                                           dataBANK5    0005FA
arm_fsm_update@F173                                           dataBANK5    0005F6
arm_fsm_update@angles                                         cstackBANK5  00056C
arm_fsm_update@angles_2551                                    cstackBANK5  000568
arm_fsm_update@idle_angles                                    cstackBANK5  000564
arm_fsm_update@middle1_angles                                 cstackBANK5  000576
arm_fsm_update@middle2_angles                                 cstackBANK5  000560
arm_fsm_update@middle2_angles_2556                            cstackBANK5  00058E
arm_fsm_update@moveup_angles                                  cstackBANK5  00056E
arm_fsm_update@moveup_angles_2548                             cstackBANK5  00057E
arm_fsm_update@moveup_angles_2550                             cstackBANK5  000586
arm_fsm_update@moveup_angles_2558                             cstackBANK5  000596
arm_set_target@boat_id                                        cstackCOMRAM 000513
arm_set_target@is_vertical                                    cstackCOMRAM 000511
arm_set_target@mode                                           cstackCOMRAM 000512
arm_set_target@x                                              cstackCOMRAM 00050F
arm_set_target@y                                              cstackCOMRAM 000510
calculateAngle@angleDeg                                       cstackCOMRAM 000513
end_of_initialization                                         cinit        010F14
getAngle@i                                                    cstackCOMRAM 000511
get_adjusted_servo_angles@i                                   cstackCOMRAM 00051C
get_adjusted_servo_angles@is_vertical                         cstackCOMRAM 000510
get_adjusted_servo_angles@out_angles                          cstackCOMRAM 000511
get_adjusted_servo_angles@x                                   cstackCOMRAM 00051B
get_adjusted_servo_angles@y                                   cstackCOMRAM 00050F
get_dependent_servo_angle@is_vertical                         cstackCOMRAM 000510
get_dependent_servo_angle@x                                   cstackCOMRAM 000519
get_dependent_servo_angle@y                                   cstackCOMRAM 00050F
get_docking_servo_angles@boat_id                              cstackCOMRAM 000512
get_grid_servo_angles@x                                       cstackCOMRAM 000516
get_grid_servo_angles@y                                       cstackCOMRAM 00050F
i2_TMR0_Stop                                                  text88       011A86
intlevel0                                                     text         000000
intlevel1                                                     text         000000
intlevel2                                                     text         000000
intlevel3                                                     text         000000
isa$std                                                       (abs)        000001
isa$xinst                                                     (abs)        000000
isrTim0@i                                                     cstackCOMRAM 00050B
ivt0x8_base                                                   ivt0x8       000008
memcpy@d                                                      cstackCOMRAM 000516
memcpy@d1                                                     cstackCOMRAM 00050F
memcpy@n                                                      cstackCOMRAM 000513
memcpy@s                                                      cstackCOMRAM 000518
memcpy@s1                                                     cstackCOMRAM 000511
memcpy@tmp                                                    cstackCOMRAM 000515
move_servo_to_angles@angles                                   cstackCOMRAM 000514
move_servo_to_angles@i                                        cstackCOMRAM 000518
move_servo_to_int@i                                           cstackCOMRAM 000513
move_servo_to_int@intAngles                                   cstackCOMRAM 00050F
nRF24_IRQ_SetInterruptHandler@InterruptHandler                cstackCOMRAM 00050F
parse_robot_message@out                                       cstackCOMRAM 00051C
parse_robot_message@raw_data                                  cstackCOMRAM 00051A
servoMovement@i                                               cstackCOMRAM 000517
slave@dev                                                     cstackBANK6  000667
slave@pvParameters                                            cstackCOMRAM 000529
slave@ret                                                     cstackBANK6  000658
slave@rob                                                     cstackBANK6  00065A
stackhi                                                       (abs)        000000
stacklo                                                       (abs)        000000
start                                                         init         00001A
start_fsm_delay@next                                          cstackCOMRAM 00050F
start_initialization                                          cinit        010E90


MODULE INFORMATION

Module		Function		Class		Link	Load	Size
servo.c
		_move_servo_to_int		CODE           	1129E	0000	88
		_disableMagnet 		CODE           	11A6E	0000	6
		_isrTim0       		CODE           	104A4	0000	586
		_enablePWM     		CODE           	11898	0000	26
		_enableMagnet  		CODE           	11A68	0000	6
		_initServo     		CODE           	11086	0000	114
		_move_servo_to_angles		CODE           	11014	0000	114
		_getAngle      		CODE           	11860	0000	28
		_servoMovement 		CODE           	10DFE	0000	146
		_calculateAngle		CODE           	1187C	0000	28

servo.c estimated size: 1142

mcc_generated_files/pwm/src/pwm3_16bit.c
		_PWM3_16BIT_Enable		CODE           	11A9A	0000	4
		_PWM3_16BIT_Period_SetInterruptHandler		CODE           	1197E	0000	14
		_PWM3_16BIT_Slice1Output1_SetInterruptHandler		CODE           	11970	0000	14
		_PWM3_16BIT_Slice1Output2_SetInterruptHandler		CODE           	11962	0000	14
		_PWM3_16BIT_Initialize		CODE           	11166	0000	104
		_PWM3_16BIT_LoadBufferRegisters		CODE           	11AA2	0000	4
		_PWM3_16BIT_SetSlice1Output1DutyCycleRegister		CODE           	11A3A	0000	10
		_PWM3_16BIT_SetSlice1Output2DutyCycleRegister		CODE           	11A30	0000	10

mcc_generated_files/pwm/src/pwm3_16bit.c estimated size: 174

message_parser.c
		_parse_robot_message		CODE           	1096E	0000	246

message_parser.c estimated size: 246

mcc_generated_files/system/src/interrupt.c
		_INT0_SetInterruptHandler		CODE           	11A0A	0000	14
		_INT1_SetInterruptHandler		CODE           	119FC	0000	14
		_INT2_SetInterruptHandler		CODE           	119EE	0000	14
		_INTERRUPT_Initialize		CODE           	114C6	0000	64
		_INTERRUPT_InterruptManager		CODE           	10F1A	0000	126

mcc_generated_files/system/src/interrupt.c estimated size: 232

mcc_generated_files/pwm/src/pwm1_16bit.c
		_PWM1_16BIT_Disable		CODE           	11A96	0000	4
		_PWM1_16BIT_Period_SetInterruptHandler		CODE           	119D2	0000	14
		_PWM1_16BIT_Slice1Output1_SetInterruptHandler		CODE           	119C4	0000	14
		_PWM1_16BIT_Slice1Output2_SetInterruptHandler		CODE           	119B6	0000	14
		_PWM1_16BIT_Initialize		CODE           	11236	0000	104
		_PWM1_16BIT_Enable		CODE           	11A92	0000	4

mcc_generated_files/pwm/src/pwm1_16bit.c estimated size: 154

/opt/microchip/xc8/v2.50/pic/sources/c99/common/memcpy.c
		_memcpy        		CODE           	1139C	0000	80

/opt/microchip/xc8/v2.50/pic/sources/c99/common/memcpy.c estimated size: 80

mcc_generated_files/system/src/pins.c
		_PIN_MANAGER_Initialize		CODE           	10BF6	0000	194
		_nRF24_IRQ_DefaultInterruptHandler		CODE           	11AAE	0000	2
		_nRF24_IRQ_ISR 		CODE           	1157C	0000	54
		_nRF24_IRQ_SetInterruptHandler		CODE           	119E0	0000	14
		_PIN_MANAGER_IOC		CODE           	118F8	0000	22

mcc_generated_files/system/src/pins.c estimated size: 286

mcc_generated_files/timer/src/delay.c
		_DELAY_milliseconds		CODE           	1167E	0000	48
		_DELAY_microseconds		CODE           	1134A	0000	82

mcc_generated_files/timer/src/delay.c estimated size: 130

shared
		_grid_angles   		MEDIUMCONST    	FDFA	0000	150
		_docking_positions		MEDIUMCONST    	FEAE	0000	16
		_rf24_crclength		MEDIUMCONST    	FE90	0000	30
		_Timer2        		MEDIUMCONST    	FDD9	0000	18
		__initialization		CODE           	10E90	0000	132
		_SPI1_Host     		MEDIUMCONST    	FDAF	0000	42
		_spi1_configuration		MEDIUMCONST    	FDEB	0000	15
		i2_TMR0_Stop   		CODE           	11A86	0000	6

shared estimated size: 409

mirf.c
		_Nrf24_writeRegister		CODE           	1161A	0000	50
		_Nrf24_dataReady		CODE           	1178C	0000	38
		_Nrf24_getStatus		CODE           	118E2	0000	22
		_SPI_write_buff		CODE           	11482	0000	68
		_SPI_read_buff 		CODE           	115B2	0000	52
		_Nrf24_powerUpRx		CODE           	117D8	0000	36
		_Nrf24_setRetransmitDelay		CODE           	1170A	0000	44
		_Nrf24_getData 		CODE           	1164C	0000	50
		_Nrf24_configRegister		CODE           	118B2	0000	24
		_Nrf24_SetSpeedDataRates		CODE           	110F8	0000	110
		_Nrf24_readRegister		CODE           	116AE	0000	48
		_Nrf24_config  		CODE           	10F98	0000	124
		_Nrf24_init    		CODE           	116DE	0000	44
		_Nrf24_flushRx 		CODE           	11A18	0000	12
		_Nrf24_setRADDR		CODE           	10D64	0000	154
		_Nrf24_setTADDR		CODE           	10CB8	0000	172

mirf.c estimated size: 1048

grid_lookup.c
		_get_grid_servo_angles		CODE           	113EC	0000	76
		_get_adjusted_servo_angles		CODE           	10848	0000	294
		_get_dependent_servo_angle		CODE           	10B2E	0000	200

grid_lookup.c estimated size: 570

arm_fsm.c
		_arm_set_target		CODE           	11438	0000	74
		_delay         		CODE           	11A24	0000	12
		_start_fsm_delay		CODE           	11936	0000	16
		_arm_fsm_init  		CODE           	1181E	0000	34
		_arm_fsm_update		CODE           	10000	0000	1188

arm_fsm.c estimated size: 1324

mcc_generated_files/timer/src/tmr2.c
		_TMR2_ISR      		CODE           	11840	0000	32
		_TMR2_Initialize		CODE           	11762	0000	42
		_TMR2_Stop     		CODE           	11A74	0000	6
		_TMR2_Start    		CODE           	11A7A	0000	6
		_TMR2_OverflowCallbackRegister		CODE           	11954	0000	14
		_TMR2_DefaultOverflowCallback		CODE           	11AAA	0000	2

mcc_generated_files/timer/src/tmr2.c estimated size: 102

mcc_generated_files/system/src/clock.c
		_CLOCK_Initialize		CODE           	11922	0000	20

mcc_generated_files/system/src/clock.c estimated size: 20

mcc_generated_files/timer/src/tmr0.c
		_TMR0_DefaultCallback		CODE           	11AAC	0000	2
		_TMR0_OverflowCallbackRegister		CODE           	11946	0000	14
		_TMR0_ISR      		CODE           	11506	0000	62
		_TMR0_Initialize		CODE           	115E6	0000	52
		_TMR0_Stop     		CODE           	11A80	0000	6
		_TMR0_Start    		CODE           	11A62	0000	6

mcc_generated_files/timer/src/tmr0.c estimated size: 142

main.c
		_nrf_irq       		CODE           	11A8C	0000	6
		_main          		CODE           	112F6	0000	84
		_slave         		CODE           	106EE	0000	346
		_AdvancedSettings		CODE           	117FC	0000	34

main.c estimated size: 470

mcc_generated_files/pwm/src/pwm2_16bit.c
		_PWM2_16BIT_Period_SetInterruptHandler		CODE           	119A8	0000	14
		_PWM2_16BIT_Slice1Output1_SetInterruptHandler		CODE           	1199A	0000	14
		_PWM2_16BIT_Slice1Output2_SetInterruptHandler		CODE           	1198C	0000	14
		_PWM2_16BIT_Initialize		CODE           	111CE	0000	104
		_PWM2_16BIT_LoadBufferRegisters		CODE           	11AA6	0000	4
		_PWM2_16BIT_SetSlice1Output1DutyCycleRegister		CODE           	11A4E	0000	10
		_PWM2_16BIT_SetSlice1Output2DutyCycleRegister		CODE           	11A44	0000	10
		_PWM2_16BIT_Enable		CODE           	11A9E	0000	4

mcc_generated_files/pwm/src/pwm2_16bit.c estimated size: 174

boat_control.c
		_get_docking_servo_angles		CODE           	1190E	0000	20

boat_control.c estimated size: 20

mcc_generated_files/system/src/system.c
		_SYSTEM_Initialize		CODE           	117B2	0000	38

mcc_generated_files/system/src/system.c estimated size: 38

mcc_generated_files/spi/src/spi1.c
		_SPI1_ByteExchange		CODE           	11736	0000	44
		_SPI1_Open     		CODE           	10A64	0000	202
		_SPI1_Initialize		CODE           	118CA	0000	24

mcc_generated_files/spi/src/spi1.c estimated size: 270

