Microchip MPLAB XC8 Compiler V2.50

Linker command line:

-W-3 --edf=/opt/microchip/xc8/v2.50/pic/dat/20240725155939_en.msgs \
  -pivt0x8=08h -cn -h+dist/default/debug/robot_arm_nrf.debug.sym \
  --cmf=dist/default/debug/robot_arm_nrf.debug.cmf -z -Q18F57Q43 \
  -o/tmp/xcXkbfNGL/driver_tmp_3.o --defsym=__MPLAB_BUILD=1 \
  --fixupoverflow=error -Mdist/default/debug/robot_arm_nrf.debug.map \
  --md=/tmp/xcXkbfNGL/driver_tmp_0.dat -E1 -ver=XC8 Compiler --acfsm=1493 \
  -ACODE=00h-01FFFFh -ACONST=00h-01FFFFh -ASMALLCONST=02600h-026FFhx474 \
  -AMEDIUMCONST=02600h-0FFFFh,012600h-01FFFFh -ACOMRAM=0501h-055Fh \
  -AABS1=0500h-024FFh -ABIGRAM=0501h-024FFh \
  -ARAM=0560h-05FFh,0600h-06FFhx31 -ABANK5=0560h-05FFh -ABANK6=0600h-06FFh \
  -ABANK7=0700h-07FFh -ABANK8=0800h-08FFh -ABANK9=0900h-09FFh \
  -ABANK10=0A00h-0AFFh -ABANK11=0B00h-0BFFh -ABANK12=0C00h-0CFFh \
  -ABANK13=0D00h-0DFFh -ABANK14=0E00h-0EFFh -ABANK15=0F00h-0FFFh \
  -ABANK16=01000h-010FFh -ABANK17=01100h-011FFh -ABANK18=01200h-012FFh \
  -ABANK19=01300h-013FFh -ABANK20=01400h-014FFh -ABANK21=01500h-015FFh \
  -ABANK22=01600h-016FFh -ABANK23=01700h-017FFh -ABANK24=01800h-018FFh \
  -ABANK25=01900h-019FFh -ABANK26=01A00h-01AFFh -ABANK27=01B00h-01BFFh \
  -ABANK28=01C00h-01CFFh -ABANK29=01D00h-01DFFh -ABANK30=01E00h-01EFFh \
  -ABANK31=01F00h-01FFFh -ABANK32=02000h-020FFh -ABANK33=02100h-021FFh \
  -ABANK34=02200h-022FFh -ABANK35=02300h-023FFh -ABANK36=02400h-024FFh \
  -ASFR=00h-0FFhx4,0400h-045Fh,0460h-04FFh,02500h-025FFh \
  -ABIGSFR=00h-04FFh,02500h-025FFh -ACONFIG=0300000h-0300011h \
  -AIDLOC=0200000h-020003Fh -AEEDATA=0380000h-03803FFh -peeprom_data=EEDATA \
  -preset_vec=00h -ppowerup=CODE,init -pramtop=02600h \
  -psmallconst=SMALLCONST -pmediumconst=MEDIUMCONST -pconst=CONST \
  -AFARRAM=00h-00h \
  -prdata=COMRAM,nvrram=COMRAM,nvbit=COMRAM,rbss=COMRAM,rbit=COMRAM \
  -pfarbss=FARRAM,fardata=FARRAM,nvFARRAM=FARRAM \
  -pintsave_regs=BIGRAM,bigbss=BIGRAM,bigdata=BIGRAM -pbss=RAM \
  -pidata=CODE,irdata=CODE,ibigdata=CODE,ifardata=CODE -prparam=COMRAM \
  /tmp/xcXkbfNGL/driver_tmp_9.o dist/default/debug/robot_arm_nrf.debug.o 

Object code version is 3.11

Machine type is 18F57Q43



                Name                               Link     Load   Length Selector   Space Scale
/tmp/xcXkbfNGL/driver_tmp_9.o
                config                           300000   300000        A        0       4
                init                                 1A       1A        4        4       0
                reset_vec                             0        0        4        0       0
dist/default/debug/robot_arm_nrf.debug.o
                config                           300000   300000        A        0       4
                mediumconst                        FD08     FD08      2F8     7E84       0
                ivt0x8                                8        8       12        4       0
                text94                            11BA4    11BA4        8     8000       0
                text93                            11BF4    11BF4        2     8000       0
                text92                            11650    11650       36     8000       0
                text91                            11A3A    11A3A       16     8000       0
                text90                            11BD0    11BD0        6     8000       0
                text89                            11B92    11B92        A     8000       0
                text88                            11BF2    11BF2        2     8000       0
                text87                            11612    11612       3E     8000       0
                text86                            11BEA    11BEA        4     8000       0
                text85                            11B88    11B88        A     8000       0
                text84                            11B7E    11B7E        A     8000       0
                text83                            11BE6    11BE6        4     8000       0
                text82                            11B74    11B74        A     8000       0
                text81                            11B6A    11B6A        A     8000       0
                text80                            104BA    104BA      24A     8000       0
                text79                            11BF0    11BF0        2     8000       0
                text78                            11966    11966       20     8000       0
                text77                            1107C    1107C       7E     8000       0
                text76                            11A78    11A78       14     8000       0
                text75                            11B50    11B50        E     8000       0
                text74                            11B42    11B42        E     8000       0
                text73                            11B34    11B34        E     8000       0
                text72                            115D2    115D2       40     8000       0
                text71                            11B26    11B26        E     8000       0
                text70                            10D52    10D52       C2     8000       0
                text69                            11B18    11B18        E     8000       0
                text68                            11B0A    11B0A        E     8000       0
                text67                            11AFC    11AFC        E     8000       0
                text66                            11398    11398       68     8000       0
                text65                            11AEE    11AEE        E     8000       0
                text64                            11AE0    11AE0        E     8000       0
                text63                            11AD2    11AD2        E     8000       0
                text62                            11330    11330       68     8000       0
                text61                            11AC4    11AC4        E     8000       0
                text60                            11AB6    11AB6        E     8000       0
                text59                            11AA8    11AA8        E     8000       0
                text58                            112C8    112C8       68     8000       0
                text57                            11A0C    11A0C       18     8000       0
                text56                            116BA    116BA       34     8000       0
                text55                            11A9A    11A9A        E     8000       0
                text54                            11868    11868       2A     8000       0
                text53                            118B8    118B8       26     8000       0
                text52                            11BCA    11BCA        6     8000       0
                text51                            11BC4    11BC4        6     8000       0
                text50                            1183C    1183C       2C     8000       0
                text49                            119F4    119F4       18     8000       0
                text48                            11686    11686       34     8000       0
                text47                            117B4    117B4       30     8000       0
                text46                            1125A    1125A       6E     8000       0
                text45                            11810    11810       2C     8000       0
                text44                            11924    11924       22     8000       0
                text43                            11784    11784       30     8000       0
                text42                            11B5E    11B5E        C     8000       0
                text41                            11A24    11A24       16     8000       0
                text40                            118DE    118DE       24     8000       0
                text39                            110FA    110FA       7C     8000       0
                text38                            11892    11892       26     8000       0
                text37                            11752    11752       32     8000       0
                text36                            10BC0    10BC0       CA     8000       0
                text35                            117E4    117E4       2C     8000       0
                text34                            11458    11458       52     8000       0
                text33                            1158E    1158E       44     8000       0
                text32                            11720    11720       32     8000       0
                text31                            10EC0    10EC0       9A     8000       0
                text30                            10E14    10E14       AC     8000       0
                text29                            11BBE    11BBE        6     8000       0
                text28                            11A8C    11A8C        E     8000       0
                text27                            119BE    119BE       1C     8000       0
                text26                            111E8    111E8       72     8000       0
                text25                            11902    11902       22     8000       0
                text24                            11BE2    11BE2        4     8000       0
                text23                            11BB8    11BB8        6     8000       0
                text22                            11BDE    11BDE        4     8000       0
                text21                            11BB2    11BB2        6     8000       0
                text20                            119A2    119A2       1C     8000       0
                text19                            109A4    109A4      126     8000       0
                text18                            1087E    1087E      126     8000       0
                text17                            10C8A    10C8A       C8     8000       0
                text16                            11A64    11A64       14     8000       0
                text15                            11A50    11A50       14     8000       0
                text14                            114FA    114FA       4C     8000       0
                text13                            11176    11176       72     8000       0
                text12                            11400    11400       58     8000       0
                text11                            10F5A    10F5A       92     8000       0
                text10                            11BAC    11BAC        6     8000       0
                text9                             11B9C    11B9C        8     8000       0
                text8                             10000    10000      4BA     8000       0
                text7                             11546    11546       48     8000       0
                text6                             11BDA    11BDA        4     8000       0
                text5                             11BD6    11BD6        4     8000       0
                text4                             119DA    119DA       1A     8000       0
                text3                             114AA    114AA       50     8000       0
                text2                             10ACA    10ACA       F6     8000       0
                text1                             10704    10704      17A     8000       0
                text0                             116EE    116EE       32     8000       0
                cstackCOMRAM                        501      501       3C      501       1
                cstackBANK6                         600      600       30      600       1
                dataBANK6                           650      650       20      600       1
                bssBANK6                            630      630       20      600       1
                dataBANK5                           5BE      5BE       1C      560       1
                bssBANK5                            560      560       31      560       1
                dataCOMRAM                          548      548        2      501       1
                bssCOMRAM                           53D      53D        B      501       1
                cinit                             10FEC    10FEC       90     8000       0
                nvBANK5                             591      591       2D      560       1
                idataBANK6                        11946    11946       20     8000       0
                idataBANK5                        11986    11986       1C     8000       0
                idataCOMRAM                       11BEE    11BEE        2     8000       0

TOTAL           Name                               Link     Load   Length     Space
        CLASS   CODE           
                init                                 1A       1A        4         0
                reset_vec                             0        0        4         0
                ivt0x8                                8        8       12         0
                text94                            11BA4    11BA4        8         0
                text93                            11BF4    11BF4        2         0
                text92                            11650    11650       36         0
                text91                            11A3A    11A3A       16         0
                text90                            11BD0    11BD0        6         0
                text89                            11B92    11B92        A         0
                text88                            11BF2    11BF2        2         0
                text87                            11612    11612       3E         0
                text86                            11BEA    11BEA        4         0
                text85                            11B88    11B88        A         0
                text84                            11B7E    11B7E        A         0
                text83                            11BE6    11BE6        4         0
                text82                            11B74    11B74        A         0
                text81                            11B6A    11B6A        A         0
                text80                            104BA    104BA      24A         0
                text79                            11BF0    11BF0        2         0
                text78                            11966    11966       20         0
                text77                            1107C    1107C       7E         0
                text76                            11A78    11A78       14         0
                text75                            11B50    11B50        E         0
                text74                            11B42    11B42        E         0
                text73                            11B34    11B34        E         0
                text72                            115D2    115D2       40         0
                text71                            11B26    11B26        E         0
                text70                            10D52    10D52       C2         0
                text69                            11B18    11B18        E         0
                text68                            11B0A    11B0A        E         0
                text67                            11AFC    11AFC        E         0
                text66                            11398    11398       68         0
                text65                            11AEE    11AEE        E         0
                text64                            11AE0    11AE0        E         0
                text63                            11AD2    11AD2        E         0
                text62                            11330    11330       68         0
                text61                            11AC4    11AC4        E         0
                text60                            11AB6    11AB6        E         0
                text59                            11AA8    11AA8        E         0
                text58                            112C8    112C8       68         0
                text57                            11A0C    11A0C       18         0
                text56                            116BA    116BA       34         0
                text55                            11A9A    11A9A        E         0
                text54                            11868    11868       2A         0
                text53                            118B8    118B8       26         0
                text52                            11BCA    11BCA        6         0
                text51                            11BC4    11BC4        6         0
                text50                            1183C    1183C       2C         0
                text49                            119F4    119F4       18         0
                text48                            11686    11686       34         0
                text47                            117B4    117B4       30         0
                text46                            1125A    1125A       6E         0
                text45                            11810    11810       2C         0
                text44                            11924    11924       22         0
                text43                            11784    11784       30         0
                text42                            11B5E    11B5E        C         0
                text41                            11A24    11A24       16         0
                text40                            118DE    118DE       24         0
                text39                            110FA    110FA       7C         0
                text38                            11892    11892       26         0
                text37                            11752    11752       32         0
                text36                            10BC0    10BC0       CA         0
                text35                            117E4    117E4       2C         0
                text34                            11458    11458       52         0
                text33                            1158E    1158E       44         0
                text32                            11720    11720       32         0
                text31                            10EC0    10EC0       9A         0
                text30                            10E14    10E14       AC         0
                text29                            11BBE    11BBE        6         0
                text28                            11A8C    11A8C        E         0
                text27                            119BE    119BE       1C         0
                text26                            111E8    111E8       72         0
                text25                            11902    11902       22         0
                text24                            11BE2    11BE2        4         0
                text23                            11BB8    11BB8        6         0
                text22                            11BDE    11BDE        4         0
                text21                            11BB2    11BB2        6         0
                text20                            119A2    119A2       1C         0
                text19                            109A4    109A4      126         0
                text18                            1087E    1087E      126         0
                text17                            10C8A    10C8A       C8         0
                text16                            11A64    11A64       14         0
                text15                            11A50    11A50       14         0
                text14                            114FA    114FA       4C         0
                text13                            11176    11176       72         0
                text12                            11400    11400       58         0
                text11                            10F5A    10F5A       92         0
                text10                            11BAC    11BAC        6         0
                text9                             11B9C    11B9C        8         0
                text8                             10000    10000      4BA         0
                text7                             11546    11546       48         0
                text6                             11BDA    11BDA        4         0
                text5                             11BD6    11BD6        4         0
                text4                             119DA    119DA       1A         0
                text3                             114AA    114AA       50         0
                text2                             10ACA    10ACA       F6         0
                text1                             10704    10704      17A         0
                text0                             116EE    116EE       32         0
                cinit                             10FEC    10FEC       90         0
                idataBANK6                        11946    11946       20         0
                idataBANK5                        11986    11986       1C         0
                idataCOMRAM                       11BEE    11BEE        2         0

        CLASS   CONST          

        CLASS   SMALLCONST     

        CLASS   MEDIUMCONST    
                mediumconst                        FD08     FD08      2F8         0

        CLASS   COMRAM         
                cstackCOMRAM                        501      501       3C         1
                dataCOMRAM                          548      548        2         1
                bssCOMRAM                           53D      53D        B         1

        CLASS   ABS1           

        CLASS   BIGRAM         

        CLASS   RAM            

        CLASS   BANK5          
                dataBANK5                           5BE      5BE       1C         1
                bssBANK5                            560      560       31         1
                nvBANK5                             591      591       2D         1

        CLASS   BANK6          
                cstackBANK6                         600      600       30         1
                dataBANK6                           650      650       20         1
                bssBANK6                            630      630       20         1

        CLASS   BANK7          

        CLASS   BANK8          

        CLASS   BANK9          

        CLASS   BANK10         

        CLASS   BANK11         

        CLASS   BANK12         

        CLASS   BANK13         

        CLASS   BANK14         

        CLASS   BANK15         

        CLASS   BANK16         

        CLASS   BANK17         

        CLASS   BANK18         

        CLASS   BANK19         

        CLASS   BANK20         

        CLASS   BANK21         

        CLASS   BANK22         

        CLASS   BANK23         

        CLASS   BANK24         

        CLASS   BANK25         

        CLASS   BANK26         

        CLASS   BANK27         

        CLASS   BANK28         

        CLASS   BANK29         

        CLASS   BANK30         

        CLASS   BANK31         

        CLASS   BANK32         

        CLASS   BANK33         

        CLASS   BANK34         

        CLASS   BANK35         

        CLASS   BANK36         

        CLASS   SFR            

        CLASS   BIGSFR         

        CLASS   CONFIG         
                config                           300000   300000        A         4

        CLASS   IDLOC          

        CLASS   EEDATA         

        CLASS   FARRAM         

        CLASS   HEAP           

        CLASS   STACK          



SEGMENTS        Name                           Load    Length   Top    Selector   Space  Class

                reset_vec                      000000  000004  000004         0       0  CODE    
                text8                          010000  001BF6  011BF6      8000       0  CODE    
                ivt0x8                         000008  000016  00001E         4       0  CODE    
                cstackBANK6                    000600  000070  000670       600       1  BANK6   
                bssBANK5                       000560  00007A  0005DA       560       1  BANK5   
                mediumconst                    00FD08  0002F8  010000      7E84       0  MEDIUMCO
                cstackCOMRAM                   000501  000049  00054A       501       1  COMRAM  


UNUSED ADDRESS RANGES

        Name                Unused          Largest block    Delta
        BANK10           000A00-000AFF              100
        BANK11           000B00-000BFF              100
        BANK12           000C00-000CFF              100
        BANK13           000D00-000DFF              100
        BANK14           000E00-000EFF              100
        BANK15           000F00-000FFF              100
        BANK16           001000-0010FF              100
        BANK17           001100-0011FF              100
        BANK18           001200-0012FF              100
        BANK19           001300-0013FF              100
        BANK20           001400-0014FF              100
        BANK21           001500-0015FF              100
        BANK22           001600-0016FF              100
        BANK23           001700-0017FF              100
        BANK24           001800-0018FF              100
        BANK25           001900-0019FF              100
        BANK26           001A00-001AFF              100
        BANK27           001B00-001BFF              100
        BANK28           001C00-001CFF              100
        BANK29           001D00-001DFF              100
        BANK30           001E00-001EFF              100
        BANK31           001F00-001FFF              100
        BANK32           002000-0020FF              100
        BANK33           002100-0021FF              100
        BANK34           002200-0022FF              100
        BANK35           002300-0023FF              100
        BANK36           002400-0024FF              100
        BANK5            0005DA-0005FF               26
        BANK6            000670-0006FF               90
        BANK7            000700-0007FF              100
        BANK8            000800-0008FF              100
        BANK9            000900-0009FF              100
        BIGRAM           00054A-00055F               16
                         0005DA-0005FF               26
                         000670-0024FF             1E90
        BIGSFR           000000-0004FF              500
                         002500-0025FF              100
        CODE             000004-000007                4
                         00001E-00FD07             FCEA
                         011BF6-01FFFF             E40A
        COMRAM           00054A-00055F               16
        CONFIG           30000A-300011                8
        CONST            000004-000007                4
                         00001E-00FD07             FCEA
                         011BF6-01FFFF             E40A
        EEDATA           380000-3803FF              400
        IDLOC            200000-20003F               40
        MEDIUMCONST      002600-00FD07             D708
                         012600-01FFFF             DA00
        RAM              0005DA-0005FF               26
                         000670-0024FF              100
        SFR              000000-0004FF              100
                         002500-0025FF              100
        SMALLCONST       002600-00FD07              100
                         011BF6-01FFFF              100

                                  Symbol Table

?_Nrf24_setRADDR                                              cstackCOMRAM 000519
?_Nrf24_setTADDR                                              cstackCOMRAM 000519
?_calculateAngle                                              cstackCOMRAM 00050F
?_getAngle                                                    cstackCOMRAM 00050F
?_get_docking_servo_angles                                    cstackCOMRAM 00050F
?_get_docking_servo_angles_up                                 cstackCOMRAM 00050F
?_get_grid_servo_angles                                       cstackCOMRAM 00050F
AdvancedSettings@dev                                          cstackCOMRAM 00051D
DELAY_microseconds@microseconds                               cstackCOMRAM 00050F
DELAY_milliseconds@milliseconds                               cstackCOMRAM 00050F
INT0_SetInterruptHandler@InterruptHandler                     cstackCOMRAM 00050F
INT1_SetInterruptHandler@InterruptHandler                     cstackCOMRAM 00050F
INT2_SetInterruptHandler@InterruptHandler                     cstackCOMRAM 00050F
IVTBASEH                                                      (abs)        00045E
IVTBASEL                                                      (abs)        00045D
IVTBASEU                                                      (abs)        00045F
Nrf24_SetSpeedDataRates@dev                                   cstackCOMRAM 000519
Nrf24_SetSpeedDataRates@val                                   cstackCOMRAM 00051B
Nrf24_SetSpeedDataRates@value                                 cstackCOMRAM 00051C
Nrf24_config@channel                                          cstackCOMRAM 00051E
Nrf24_config@dev                                              cstackCOMRAM 00051C
Nrf24_config@payload                                          cstackCOMRAM 00051F
Nrf24_configRegister@reg                                      cstackCOMRAM 000512
Nrf24_configRegister@value                                    cstackCOMRAM 000511
Nrf24_dataReady@dev                                           cstackCOMRAM 00051C
Nrf24_dataReady@status                                        cstackCOMRAM 00051E
Nrf24_flushRx@dev                                             cstackCOMRAM 000511
Nrf24_getData@data                                            cstackCOMRAM 000517
Nrf24_getData@dev                                             cstackCOMRAM 000515
Nrf24_getStatus@dev                                           cstackCOMRAM 000519
Nrf24_getStatus@rv                                            cstackCOMRAM 00051B
Nrf24_init@dev                                                cstackCOMRAM 000510
Nrf24_powerUpRx@dev                                           cstackCOMRAM 000513
Nrf24_readRegister@len                                        cstackCOMRAM 000517
Nrf24_readRegister@reg                                        cstackCOMRAM 000518
Nrf24_readRegister@value                                      cstackCOMRAM 000515
Nrf24_setRADDR@adr                                            cstackCOMRAM 00051B
Nrf24_setRADDR@buffer                                         cstackCOMRAM 000520
Nrf24_setRADDR@dev                                            cstackCOMRAM 000519
Nrf24_setRADDR@i                                              cstackCOMRAM 000527
Nrf24_setRADDR@ret                                            cstackCOMRAM 000525
Nrf24_setRetransmitDelay@dev                                  cstackCOMRAM 000519
Nrf24_setRetransmitDelay@val                                  cstackCOMRAM 00051B
Nrf24_setRetransmitDelay@value                                cstackCOMRAM 00051C
Nrf24_setTADDR@adr                                            cstackCOMRAM 00051B
Nrf24_setTADDR@buffer                                         cstackCOMRAM 000520
Nrf24_setTADDR@dev                                            cstackCOMRAM 000519
Nrf24_setTADDR@i                                              cstackCOMRAM 000527
Nrf24_setTADDR@ret                                            cstackCOMRAM 000525
Nrf24_writeRegister@len                                       cstackCOMRAM 000517
Nrf24_writeRegister@reg                                       cstackCOMRAM 000518
Nrf24_writeRegister@value                                     cstackCOMRAM 000515
PWM1_16BIT_Period_SetInterruptHandler@InterruptHandler        cstackCOMRAM 00050F
PWM1_16BIT_Slice1Output1_SetInterruptHandler@InterruptHandler cstackCOMRAM 00050F
PWM1_16BIT_Slice1Output2_SetInterruptHandler@InterruptHandler cstackCOMRAM 00050F
PWM2_16BIT_Period_SetInterruptHandler@InterruptHandler        cstackCOMRAM 00050F
PWM2_16BIT_SetSlice1Output1DutyCycleRegister@registerValue    cstackCOMRAM 000501
PWM2_16BIT_SetSlice1Output2DutyCycleRegister@registerValue    cstackCOMRAM 000501
PWM2_16BIT_Slice1Output1_SetInterruptHandler@InterruptHandler cstackCOMRAM 00050F
PWM2_16BIT_Slice1Output2_SetInterruptHandler@InterruptHandler cstackCOMRAM 00050F
PWM3_16BIT_Period_SetInterruptHandler@InterruptHandler        cstackCOMRAM 00050F
PWM3_16BIT_SetSlice1Output1DutyCycleRegister@registerValue    cstackCOMRAM 000501
PWM3_16BIT_SetSlice1Output2DutyCycleRegister@registerValue    cstackCOMRAM 000501
PWM3_16BIT_Slice1Output1_SetInterruptHandler@InterruptHandler cstackCOMRAM 00050F
PWM3_16BIT_Slice1Output2_SetInterruptHandler@InterruptHandler cstackCOMRAM 00050F
SPI1_ByteExchange@byteData                                    cstackCOMRAM 00050F
SPI1_ByteExchange@returnValue                                 cstackCOMRAM 000510
SPI1_Open@spiConfigIndex                                      cstackCOMRAM 00050F
SPI_read_buff@buffer                                          cstackCOMRAM 000511
SPI_read_buff@bytes                                           cstackCOMRAM 000513
SPI_read_buff@i                                               cstackCOMRAM 000514
SPI_write_buff@buffer                                         cstackCOMRAM 000511
SPI_write_buff@bytes                                          cstackCOMRAM 000513
SPI_write_buff@i                                              cstackCOMRAM 000514
TMR0_OverflowCallbackRegister@callbackHandler                 cstackCOMRAM 00050F
TMR2_OverflowCallbackRegister@InterruptHandler                cstackCOMRAM 00050F
_ACTCON                                                       (abs)        0000AC
_ANSELA                                                       (abs)        000400
_ANSELB                                                       (abs)        000408
_ANSELC                                                       (abs)        000410
_ANSELD                                                       (abs)        000418
_ANSELE                                                       (abs)        000420
_ANSELF                                                       (abs)        000428
_AdvancedSettings                                             text44       011924
_CLOCK_Initialize                                             text76       011A78
_DELAY_microseconds                                           text34       011458
_DELAY_milliseconds                                           text43       011784
_INLVLA                                                       (abs)        000404
_INLVLB                                                       (abs)        00040C
_INLVLC                                                       (abs)        000414
_INLVLD                                                       (abs)        00041C
_INLVLE                                                       (abs)        000424
_INLVLF                                                       (abs)        00042C
_INT0_DefaultInterruptHandler                                 (abs)        000000
_INT0_InterruptHandler                                        nvBANK5      00059D
_INT0_SetInterruptHandler                                     text75       011B50
_INT1_DefaultInterruptHandler                                 (abs)        000000
_INT1_InterruptHandler                                        nvBANK5      00059A
_INT1_SetInterruptHandler                                     text74       011B42
_INT2_DefaultInterruptHandler                                 (abs)        000000
_INT2_InterruptHandler                                        nvBANK5      000597
_INT2_SetInterruptHandler                                     text73       011B34
_INTCON0bits                                                  (abs)        0004D6
_INTERRUPT_Initialize                                         text72       0115D2
_INTERRUPT_InterruptManager                                   text77       01107C
_IOCAF                                                        (abs)        000407
_IOCAN                                                        (abs)        000406
_IOCAP                                                        (abs)        000405
_IOCBF                                                        (abs)        00040F
_IOCBN                                                        (abs)        00040E
_IOCBP                                                        (abs)        00040D
_IOCCF                                                        (abs)        000417
_IOCCFbits                                                    (abs)        000417
_IOCCN                                                        (abs)        000416
_IOCCP                                                        (abs)        000415
_IOCEF                                                        (abs)        000427
_IOCEN                                                        (abs)        000426
_IOCEP                                                        (abs)        000425
_LATA                                                         (abs)        0004BE
_LATB                                                         (abs)        0004BF
_LATC                                                         (abs)        0004C0
_LATCbits                                                     (abs)        0004C0
_LATD                                                         (abs)        0004C1
_LATE                                                         (abs)        0004C2
_LATF                                                         (abs)        0004C3
_Nrf24_SetSpeedDataRates                                      text46       01125A
_Nrf24_config                                                 text39       0110FA
_Nrf24_configRegister                                         text49       0119F4
_Nrf24_dataReady                                              text38       011892
_Nrf24_flushRx                                                text42       011B5E
_Nrf24_getData                                                text37       011752
_Nrf24_getStatus                                              text41       011A24
_Nrf24_init                                                   text35       0117E4
_Nrf24_powerUpRx                                              text40       0118DE
_Nrf24_readRegister                                           text47       0117B4
_Nrf24_setRADDR                                               text31       010EC0
_Nrf24_setRetransmitDelay                                     text45       011810
_Nrf24_setTADDR                                               text30       010E14
_Nrf24_writeRegister                                          text32       011720
_ODCONA                                                       (abs)        000402
_ODCONB                                                       (abs)        00040A
_ODCONC                                                       (abs)        000412
_ODCOND                                                       (abs)        00041A
_ODCONE                                                       (abs)        000422
_ODCONF                                                       (abs)        00042A
_OSCCON1                                                      (abs)        0000AD
_OSCCON3                                                      (abs)        0000AF
_OSCEN                                                        (abs)        0000B3
_OSCFRQ                                                       (abs)        0000B1
_OSCTUNE                                                      (abs)        0000B0
_PIE0bits                                                     (abs)        00049E
_PIE3bits                                                     (abs)        0004A1
_PIE4bits                                                     (abs)        0004A2
_PIE5bits                                                     (abs)        0004A3
_PIE7bits                                                     (abs)        0004A5
_PIN_MANAGER_IOC                                              text91       011A3A
_PIN_MANAGER_Initialize                                       text70       010D52
_PIR0bits                                                     (abs)        0004AE
_PIR10bits                                                    (abs)        0004B8
_PIR1bits                                                     (abs)        0004AF
_PIR3bits                                                     (abs)        0004B1
_PIR4bits                                                     (abs)        0004B2
_PIR5bits                                                     (abs)        0004B3
_PIR6bits                                                     (abs)        0004B4
_PIR7bits                                                     (abs)        0004B5
_PR2                                                          (abs)        000323
_PWM1CLK                                                      (abs)        000461
_PWM1CON                                                      (abs)        000469
_PWM1CONbits                                                  (abs)        000469
_PWM1CPRE                                                     (abs)        000465
_PWM1ERS                                                      (abs)        000460
_PWM1GIE                                                      (abs)        000468
_PWM1GIEbits                                                  (abs)        000468
_PWM1GIR                                                      (abs)        000467
_PWM1GIRbits                                                  (abs)        000467
_PWM1LDS                                                      (abs)        000462
_PWM1PIPOS                                                    (abs)        000466
_PWM1PRH                                                      (abs)        000464
_PWM1PRL                                                      (abs)        000463
_PWM1S1CFG                                                    (abs)        00046A
_PWM1S1P1H                                                    (abs)        00046C
_PWM1S1P1L                                                    (abs)        00046B
_PWM1S1P2H                                                    (abs)        00046E
_PWM1S1P2L                                                    (abs)        00046D
_PWM1_16BIT_Disable                                           text24       011BE2
_PWM1_16BIT_Enable                                            text22       011BDE
_PWM1_16BIT_Initialize                                        text66       011398
_PWM1_16BIT_Period_DefaultInterruptHandler                    (abs)        000000
_PWM1_16BIT_Period_InterruptHandler                           nvBANK5      0005B5
_PWM1_16BIT_Period_SetInterruptHandler                        text69       011B18
_PWM1_16BIT_Slice1Output1_DefaultInterruptHandler             (abs)        000000
_PWM1_16BIT_Slice1Output1_InterruptHandler                    nvBANK5      0005BB
_PWM1_16BIT_Slice1Output1_SetInterruptHandler                 text68       011B0A
_PWM1_16BIT_Slice1Output2_DefaultInterruptHandler             (abs)        000000
_PWM1_16BIT_Slice1Output2_InterruptHandler                    nvBANK5      0005B8
_PWM1_16BIT_Slice1Output2_SetInterruptHandler                 text67       011AFC
_PWM2CLK                                                      (abs)        000470
_PWM2CON                                                      (abs)        000478
_PWM2CONbits                                                  (abs)        000478
_PWM2CPRE                                                     (abs)        000474
_PWM2ERS                                                      (abs)        00046F
_PWM2GIE                                                      (abs)        000477
_PWM2GIEbits                                                  (abs)        000477
_PWM2GIR                                                      (abs)        000476
_PWM2GIRbits                                                  (abs)        000476
_PWM2LDS                                                      (abs)        000471
_PWM2PIPOS                                                    (abs)        000475
_PWM2PRH                                                      (abs)        000473
_PWM2PRL                                                      (abs)        000472
_PWM2S1CFG                                                    (abs)        000479
_PWM2S1P1H                                                    (abs)        00047B
_PWM2S1P1L                                                    (abs)        00047A
_PWM2S1P2H                                                    (abs)        00047D
_PWM2S1P2L                                                    (abs)        00047C
_PWM2_16BIT_Enable                                            text6        011BDA
_PWM2_16BIT_Initialize                                        text62       011330
_PWM2_16BIT_LoadBufferRegisters                               text86       011BEA
_PWM2_16BIT_Period_DefaultInterruptHandler                    (abs)        000000
_PWM2_16BIT_Period_InterruptHandler                           nvBANK5      0005AC
_PWM2_16BIT_Period_SetInterruptHandler                        text65       011AEE
_PWM2_16BIT_SetSlice1Output1DutyCycleRegister                 text85       011B88
_PWM2_16BIT_SetSlice1Output2DutyCycleRegister                 text84       011B7E
_PWM2_16BIT_Slice1Output1_DefaultInterruptHandler             (abs)        000000
_PWM2_16BIT_Slice1Output1_InterruptHandler                    nvBANK5      0005B2
_PWM2_16BIT_Slice1Output1_SetInterruptHandler                 text64       011AE0
_PWM2_16BIT_Slice1Output2_DefaultInterruptHandler             (abs)        000000
_PWM2_16BIT_Slice1Output2_InterruptHandler                    nvBANK5      0005AF
_PWM2_16BIT_Slice1Output2_SetInterruptHandler                 text63       011AD2
_PWM3CLK                                                      (abs)        00047F
_PWM3CON                                                      (abs)        000487
_PWM3CONbits                                                  (abs)        000487
_PWM3CPRE                                                     (abs)        000483
_PWM3ERS                                                      (abs)        00047E
_PWM3GIE                                                      (abs)        000486
_PWM3GIEbits                                                  (abs)        000486
_PWM3GIR                                                      (abs)        000485
_PWM3GIRbits                                                  (abs)        000485
_PWM3LDS                                                      (abs)        000480
_PWM3PIPOS                                                    (abs)        000484
_PWM3PRH                                                      (abs)        000482
_PWM3PRL                                                      (abs)        000481
_PWM3S1CFG                                                    (abs)        000488
_PWM3S1P1H                                                    (abs)        00048A
_PWM3S1P1L                                                    (abs)        000489
_PWM3S1P2H                                                    (abs)        00048C
_PWM3S1P2L                                                    (abs)        00048B
_PWM3_16BIT_Enable                                            text5        011BD6
_PWM3_16BIT_Initialize                                        text58       0112C8
_PWM3_16BIT_LoadBufferRegisters                               text83       011BE6
_PWM3_16BIT_Period_DefaultInterruptHandler                    (abs)        000000
_PWM3_16BIT_Period_InterruptHandler                           nvBANK5      0005A3
_PWM3_16BIT_Period_SetInterruptHandler                        text61       011AC4
_PWM3_16BIT_SetSlice1Output1DutyCycleRegister                 text82       011B74
_PWM3_16BIT_SetSlice1Output2DutyCycleRegister                 text81       011B6A
_PWM3_16BIT_Slice1Output1_DefaultInterruptHandler             (abs)        000000
_PWM3_16BIT_Slice1Output1_InterruptHandler                    nvBANK5      0005A9
_PWM3_16BIT_Slice1Output1_SetInterruptHandler                 text60       011AB6
_PWM3_16BIT_Slice1Output2_DefaultInterruptHandler             (abs)        000000
_PWM3_16BIT_Slice1Output2_InterruptHandler                    nvBANK5      0005A6
_PWM3_16BIT_Slice1Output2_SetInterruptHandler                 text59       011AA8
_RB0PPS                                                       (abs)        000209
_RB1I2C                                                       (abs)        000289
_RB1PPS                                                       (abs)        00020A
_RB2I2C                                                       (abs)        000288
_RB2PPS                                                       (abs)        00020B
_RB3PPS                                                       (abs)        00020C
_RC0PPS                                                       (abs)        000211
_RC3I2C                                                       (abs)        000287
_RC3PPS                                                       (abs)        000214
_RC4I2C                                                       (abs)        000286
_RC4PPS                                                       (abs)        000215
_SLRCONA                                                      (abs)        000403
_SLRCONB                                                      (abs)        00040B
_SLRCONC                                                      (abs)        000413
_SLRCOND                                                      (abs)        00041B
_SLRCONE                                                      (abs)        000423
_SLRCONF                                                      (abs)        00042B
_SPI1BAUD                                                     (abs)        000089
_SPI1CLK                                                      (abs)        00008C
_SPI1CON0                                                     (abs)        000084
_SPI1CON0bits                                                 (abs)        000084
_SPI1CON1                                                     (abs)        000085
_SPI1CON2                                                     (abs)        000086
_SPI1INTFbits                                                 (abs)        00008A
_SPI1RXB                                                      (abs)        000080
_SPI1SCKPPS                                                   (abs)        00026A
_SPI1SDIPPS                                                   (abs)        00026B
_SPI1STATUSbits                                               (abs)        000087
_SPI1TCNTH                                                    (abs)        000083
_SPI1TCNTL                                                    (abs)        000082
_SPI1TXB                                                      (abs)        000081
_SPI1_BufferExchange                                          (abs)        000000
_SPI1_BufferRead                                              (abs)        000000
_SPI1_BufferWrite                                             (abs)        000000
_SPI1_ByteExchange                                            text50       01183C
_SPI1_ByteRead                                                (abs)        000000
_SPI1_ByteWrite                                               (abs)        000000
_SPI1_Close                                                   (abs)        000000
_SPI1_Deinitialize                                            (abs)        000000
_SPI1_Host                                                    mediumconst  00FD9F
_SPI1_Initialize                                              text57       011A0C
_SPI1_IsRxReady                                               (abs)        000000
_SPI1_IsTxReady                                               (abs)        000000
_SPI1_Open                                                    text36       010BC0
_SPI_read_buff                                                text48       011686
_SPI_write_buff                                               text33       01158E
_SYSTEM_Initialize                                            text53       0118B8
_T0CON0                                                       (abs)        00031A
_T0CON0bits                                                   (abs)        00031A
_T0CON1                                                       (abs)        00031B
_T2CLKCON                                                     (abs)        000326
_T2CON                                                        (abs)        000324
_T2CONbits                                                    (abs)        000324
_T2HLT                                                        (abs)        000325
_T2HLTbits                                                    (abs)        000325
_T2PR                                                         (abs)        000323
_T2RST                                                        (abs)        000327
_T2RSTbits                                                    (abs)        000327
_T2TMR                                                        (abs)        000322
_TMR0H                                                        (abs)        000319
_TMR0L                                                        (abs)        000318
_TMR0_DefaultCallback                                         text88       011BF2
_TMR0_ISR                                                     text87       011612
_TMR0_Initialize                                              text56       0116BA
_TMR0_OverflowCallback                                        nvBANK5      000594
_TMR0_OverflowCallbackRegister                                text28       011A8C
_TMR0_Start                                                   text10       011BAC
_TMR0_Stop                                                    text52       011BCA
_TMR2                                                         (abs)        000322
_TMR2_DefaultOverflowCallback                                 text79       011BF0
_TMR2_ISR                                                     text78       011966
_TMR2_Initialize                                              text54       011868
_TMR2_OverflowCallback                                        nvBANK5      000591
_TMR2_OverflowCallbackRegister                                text55       011A9A
_TMR2_PeriodCountSet                                          (abs)        000000
_TMR2_Start                                                   text29       011BBE
_TMR2_Stop                                                    text51       011BC4
_TRISA                                                        (abs)        0004C6
_TRISB                                                        (abs)        0004C7
_TRISC                                                        (abs)        0004C8
_TRISCbits                                                    (abs)        0004C8
_TRISD                                                        (abs)        0004C9
_TRISE                                                        (abs)        0004CA
_TRISF                                                        (abs)        0004CB
_Timer2                                                       mediumconst  00FDC9
_WPUA                                                         (abs)        000401
_WPUB                                                         (abs)        000409
_WPUC                                                         (abs)        000411
_WPUD                                                         (abs)        000419
_WPUE                                                         (abs)        000421
_WPUF                                                         (abs)        000429
__HRAM                                                        (abs)        000000
__H__absolute__                                               __absolute__ 000000
__Habs1                                                       abs1         000000
__Hbank10                                                     bank10       000000
__Hbank11                                                     bank11       000000
__Hbank12                                                     bank12       000000
__Hbank13                                                     bank13       000000
__Hbank14                                                     bank14       000000
__Hbank15                                                     bank15       000000
__Hbank16                                                     bank16       000000
__Hbank17                                                     bank17       000000
__Hbank18                                                     bank18       000000
__Hbank19                                                     bank19       000000
__Hbank20                                                     bank20       000000
__Hbank21                                                     bank21       000000
__Hbank22                                                     bank22       000000
__Hbank23                                                     bank23       000000
__Hbank24                                                     bank24       000000
__Hbank25                                                     bank25       000000
__Hbank26                                                     bank26       000000
__Hbank27                                                     bank27       000000
__Hbank28                                                     bank28       000000
__Hbank29                                                     bank29       000000
__Hbank30                                                     bank30       000000
__Hbank31                                                     bank31       000000
__Hbank32                                                     bank32       000000
__Hbank33                                                     bank33       000000
__Hbank34                                                     bank34       000000
__Hbank35                                                     bank35       000000
__Hbank36                                                     bank36       000000
__Hbank5                                                      bank5        000000
__Hbank6                                                      bank6        000000
__Hbank7                                                      bank7        000000
__Hbank8                                                      bank8        000000
__Hbank9                                                      bank9        000000
__Hbigbss                                                     bigbss       000000
__Hbigdata                                                    bigdata      000000
__Hbigram                                                     bigram       000000
__Hbigsfr                                                     bigsfr       000000
__Hbss                                                        bss          000000
__HbssBANK5                                                   bssBANK5     000000
__HbssBANK6                                                   bssBANK6     000000
__HbssCOMRAM                                                  bssCOMRAM    000000
__Hcinit                                                      cinit        000000
__Hclrtext                                                    clrtext      000000
__Hcomram                                                     comram       000000
__Hconfig                                                     config       30000A
__Hconst                                                      const        000000
__HcstackBANK6                                                cstackBANK6  000000
__HcstackCOMRAM                                               cstackCOMRAM 000000
__Hdata                                                       data         000000
__HdataBANK5                                                  dataBANK5    000000
__HdataBANK6                                                  dataBANK6    000000
__HdataCOMRAM                                                 dataCOMRAM   000000
__Heeprom_data                                                eeprom_data  000000
__Hfarbss                                                     farbss       000000
__Hfardata                                                    fardata      000000
__Hheap                                                       heap         000000
__Hibigdata                                                   ibigdata     000000
__Hidata                                                      idata        000000
__HidataBANK5                                                 idataBANK5   000000
__HidataBANK6                                                 idataBANK6   000000
__HidataCOMRAM                                                idataCOMRAM  000000
__Hidloc                                                      idloc        000000
__Hifardata                                                   ifardata     000000
__Hinit                                                       init         00001E
__Hintsave_regs                                               intsave_regs 000000
__Hirdata                                                     irdata       000000
__Hivt0x8                                                     ivt0x8       00001A
__Hmediumconst                                                mediumconst  010000
__HnvBANK5                                                    nvBANK5      000000
__HnvFARRAM                                                   nvFARRAM     000000
__Hnvbit                                                      nvbit        000000
__Hnvrram                                                     nvrram       000000
__Hparam                                                      rparam       000000
__Hpowerup                                                    powerup      000000
__Hram                                                        ram          000000
__Hramtop                                                     ramtop       002600
__Hrbit                                                       rbit         000000
__Hrbss                                                       rbss         000000
__Hrdata                                                      rdata        000000
__Hreset_vec                                                  reset_vec    000004
__Hrparam                                                     rparam       000000
__Hsfr                                                        sfr          000000
__Hsmallconst                                                 smallconst   000000
__Hspace_0                                                    (abs)        011BF6
__Hspace_1                                                    (abs)        000670
__Hspace_2                                                    (abs)        000000
__Hspace_4                                                    (abs)        60000A
__Hstack                                                      stack        000000
__Hstruct                                                     struct       000000
__Htemp                                                       temp         000000
__Htext                                                       text         000000
__Htext0                                                      text0        000000
__Htext1                                                      text1        000000
__Htext10                                                     text10       000000
__Htext11                                                     text11       000000
__Htext12                                                     text12       000000
__Htext13                                                     text13       000000
__Htext14                                                     text14       000000
__Htext15                                                     text15       000000
__Htext16                                                     text16       000000
__Htext17                                                     text17       000000
__Htext18                                                     text18       000000
__Htext19                                                     text19       000000
__Htext2                                                      text2        000000
__Htext20                                                     text20       000000
__Htext21                                                     text21       000000
__Htext22                                                     text22       000000
__Htext23                                                     text23       000000
__Htext24                                                     text24       000000
__Htext25                                                     text25       000000
__Htext26                                                     text26       000000
__Htext27                                                     text27       000000
__Htext28                                                     text28       000000
__Htext29                                                     text29       000000
__Htext3                                                      text3        000000
__Htext30                                                     text30       000000
__Htext31                                                     text31       000000
__Htext32                                                     text32       000000
__Htext33                                                     text33       000000
__Htext34                                                     text34       000000
__Htext35                                                     text35       000000
__Htext36                                                     text36       000000
__Htext37                                                     text37       000000
__Htext38                                                     text38       000000
__Htext39                                                     text39       000000
__Htext4                                                      text4        000000
__Htext40                                                     text40       000000
__Htext41                                                     text41       000000
__Htext42                                                     text42       000000
__Htext43                                                     text43       000000
__Htext44                                                     text44       000000
__Htext45                                                     text45       000000
__Htext46                                                     text46       000000
__Htext47                                                     text47       000000
__Htext48                                                     text48       000000
__Htext49                                                     text49       000000
__Htext5                                                      text5        000000
__Htext50                                                     text50       000000
__Htext51                                                     text51       000000
__Htext52                                                     text52       000000
__Htext53                                                     text53       000000
__Htext54                                                     text54       000000
__Htext55                                                     text55       000000
__Htext56                                                     text56       000000
__Htext57                                                     text57       000000
__Htext58                                                     text58       000000
__Htext59                                                     text59       000000
__Htext6                                                      text6        000000
__Htext60                                                     text60       000000
__Htext61                                                     text61       000000
__Htext62                                                     text62       000000
__Htext63                                                     text63       000000
__Htext64                                                     text64       000000
__Htext65                                                     text65       000000
__Htext66                                                     text66       000000
__Htext67                                                     text67       000000
__Htext68                                                     text68       000000
__Htext69                                                     text69       000000
__Htext7                                                      text7        000000
__Htext70                                                     text70       000000
__Htext71                                                     text71       000000
__Htext72                                                     text72       000000
__Htext73                                                     text73       000000
__Htext74                                                     text74       000000
__Htext75                                                     text75       000000
__Htext76                                                     text76       000000
__Htext77                                                     text77       000000
__Htext78                                                     text78       000000
__Htext79                                                     text79       000000
__Htext8                                                      text8        000000
__Htext80                                                     text80       000000
__Htext81                                                     text81       000000
__Htext82                                                     text82       000000
__Htext83                                                     text83       000000
__Htext84                                                     text84       000000
__Htext85                                                     text85       000000
__Htext86                                                     text86       000000
__Htext87                                                     text87       000000
__Htext88                                                     text88       000000
__Htext89                                                     text89       000000
__Htext9                                                      text9        000000
__Htext90                                                     text90       000000
__Htext91                                                     text91       000000
__Htext92                                                     text92       000000
__Htext93                                                     text93       000000
__Htext94                                                     text94       000000
__LRAM                                                        (abs)        000001
__L__absolute__                                               __absolute__ 000000
__Labs1                                                       abs1         000000
__Lbank10                                                     bank10       000000
__Lbank11                                                     bank11       000000
__Lbank12                                                     bank12       000000
__Lbank13                                                     bank13       000000
__Lbank14                                                     bank14       000000
__Lbank15                                                     bank15       000000
__Lbank16                                                     bank16       000000
__Lbank17                                                     bank17       000000
__Lbank18                                                     bank18       000000
__Lbank19                                                     bank19       000000
__Lbank20                                                     bank20       000000
__Lbank21                                                     bank21       000000
__Lbank22                                                     bank22       000000
__Lbank23                                                     bank23       000000
__Lbank24                                                     bank24       000000
__Lbank25                                                     bank25       000000
__Lbank26                                                     bank26       000000
__Lbank27                                                     bank27       000000
__Lbank28                                                     bank28       000000
__Lbank29                                                     bank29       000000
__Lbank30                                                     bank30       000000
__Lbank31                                                     bank31       000000
__Lbank32                                                     bank32       000000
__Lbank33                                                     bank33       000000
__Lbank34                                                     bank34       000000
__Lbank35                                                     bank35       000000
__Lbank36                                                     bank36       000000
__Lbank5                                                      bank5        000000
__Lbank6                                                      bank6        000000
__Lbank7                                                      bank7        000000
__Lbank8                                                      bank8        000000
__Lbank9                                                      bank9        000000
__Lbigbss                                                     bigbss       000000
__Lbigdata                                                    bigdata      000000
__Lbigram                                                     bigram       000000
__Lbigsfr                                                     bigsfr       000000
__Lbss                                                        bss          000000
__LbssBANK5                                                   bssBANK5     000000
__LbssBANK6                                                   bssBANK6     000000
__LbssCOMRAM                                                  bssCOMRAM    000000
__Lcinit                                                      cinit        000000
__Lclrtext                                                    clrtext      000000
__Lcomram                                                     comram       000000
__Lconfig                                                     config       000000
__Lconst                                                      const        000000
__LcstackBANK6                                                cstackBANK6  000000
__LcstackCOMRAM                                               cstackCOMRAM 000000
__Ldata                                                       data         000000
__LdataBANK5                                                  dataBANK5    000000
__LdataBANK6                                                  dataBANK6    000000
__LdataCOMRAM                                                 dataCOMRAM   000000
__Leeprom_data                                                eeprom_data  000000
__Lfarbss                                                     farbss       000000
__Lfardata                                                    fardata      000000
__Lheap                                                       heap         000000
__Libigdata                                                   ibigdata     000000
__Lidata                                                      idata        000000
__LidataBANK5                                                 idataBANK5   000000
__LidataBANK6                                                 idataBANK6   000000
__LidataCOMRAM                                                idataCOMRAM  000000
__Lidloc                                                      idloc        000000
__Lifardata                                                   ifardata     000000
__Linit                                                       init         00001A
__Lintsave_regs                                               intsave_regs 000000
__Lirdata                                                     irdata       000000
__Livt0x8                                                     ivt0x8       000008
__Lmediumconst                                                mediumconst  00FD08
__LnvBANK5                                                    nvBANK5      000000
__LnvFARRAM                                                   nvFARRAM     000000
__Lnvbit                                                      nvbit        000000
__Lnvrram                                                     nvrram       000000
__Lparam                                                      rparam       000000
__Lpowerup                                                    powerup      000000
__Lram                                                        ram          000000
__Lramtop                                                     ramtop       002600
__Lrbit                                                       rbit         000000
__Lrbss                                                       rbss         000000
__Lrdata                                                      rdata        000000
__Lreset_vec                                                  reset_vec    000000
__Lrparam                                                     rparam       000000
__Lsfr                                                        sfr          000000
__Lsmallconst                                                 smallconst   000000
__Lspace_0                                                    (abs)        000000
__Lspace_1                                                    (abs)        000000
__Lspace_2                                                    (abs)        000000
__Lspace_4                                                    (abs)        000000
__Lstack                                                      stack        000000
__Lstruct                                                     struct       000000
__Ltemp                                                       temp         000000
__Ltext                                                       text         000000
__Ltext0                                                      text0        000000
__Ltext1                                                      text1        000000
__Ltext10                                                     text10       000000
[...]
__ptext7                                                      text7        011546
__ptext70                                                     text70       010D52
__ptext71                                                     text71       011B26
__ptext72                                                     text72       0115D2
__ptext73                                                     text73       011B34
__ptext74                                                     text74       011B42
__ptext75                                                     text75       011B50
__ptext76                                                     text76       011A78
__ptext77                                                     text77       01107C
__ptext78                                                     text78       011966
__ptext79                                                     text79       011BF0
__ptext8                                                      text8        010000
__ptext80                                                     text80       0104BA
__ptext81                                                     text81       011B6A
__ptext82                                                     text82       011B74
__ptext83                                                     text83       011BE6
__ptext84                                                     text84       011B7E
__ptext85                                                     text85       011B88
__ptext86                                                     text86       011BEA
__ptext87                                                     text87       011612
__ptext88                                                     text88       011BF2
__ptext89                                                     text89       011B92
__ptext9                                                      text9        011B9C
__ptext90                                                     text90       011BD0
__ptext91                                                     text91       011A3A
__ptext92                                                     text92       011650
__ptext93                                                     text93       011BF4
__ptext94                                                     text94       011BA4
__ramtop                                                      ramtop       002600
__smallconst                                                  smallconst   000000
_arm_fsm_init                                                 text25       011902
_arm_fsm_update                                               text8        010000
_arm_mode                                                     bssCOMRAM    000544
_arm_set_target                                               text7        011546
_buf                                                          bssBANK6     000630
_calculateAngle                                               text27       0119BE
_current_state                                                bssCOMRAM    000547
_delay                                                        text89       011B92
_delay_done                                                   dataCOMRAM   000548
_disableMagnet                                                text23       011BB8
_docking_positions                                            mediumconst  00FEAE
_docking_up                                                   mediumconst  00FE9E
_enableMagnet                                                 text21       011BB2
_enablePWM                                                    text4        0119DA
_getAngle                                                     text20       0119A2
_get_adjusted_servo_angles                                    text19       0109A4
_get_adjusted_servo_angles$2619                               cstackCOMRAM 000519
_get_adjusted_servo_angles_up                                 text18       01087E
_get_adjusted_servo_angles_up$2626                            cstackCOMRAM 000519
_get_dependent_servo_angle                                    text17       010C8A
_get_dependent_servo_angle$2612                               cstackCOMRAM 000517
_get_docking_servo_angles                                     text16       011A64
_get_docking_servo_angles_up                                  text15       011A50
_get_grid_servo_angles                                        text14       0114FA
_grid_angles                                                  mediumconst  00FDEA
_grid_angles_up                                               mediumconst  00FD09
_initServo                                                    text26       0111E8
_isrTim0                                                      text80       0104BA
_main                                                         text0        0116EE
_memcpy                                                       text3        0114AA
_move_servo_to_angles                                         text13       011176
_move_servo_to_int                                            text12       011400
_nRF24_IRQ_DefaultInterruptHandler                            text93       011BF4
_nRF24_IRQ_ISR                                                text92       011650
_nRF24_IRQ_InterruptHandler                                   nvBANK5      0005A0
_nRF24_IRQ_SetInterruptHandler                                text71       011B26
_next_state                                                   bssCOMRAM    000546
_nrf_flag                                                     bssBANK5     000590
_nrf_irq                                                      text94       011BA4
_parse_robot_message                                          text2        010ACA
_previous_state                                               bssCOMRAM    000545
_process_fsm                                                  bssCOMRAM    00053F
_rf24_crclength                                               mediumconst  00FE80
_rf24_datarates                                               dataBANK5    0005C2
_rf24_pa_dbm                                                  dataBANK6    000650
_servoMovement                                                text11       010F5A
_servos                                                       bssBANK5     000560
_slave                                                        text1        010704
_spi1_configuration                                           mediumconst  00FDDB
_start_fsm_delay                                              text9        011B9C
_state_done                                                   dataCOMRAM   000549
_target_boat                                                  bssCOMRAM    000543
_target_orientation                                           bssCOMRAM    000540
_target_x                                                     bssCOMRAM    000542
_target_y                                                     bssCOMRAM    000541
_tmr0PeriodCount                                              bssCOMRAM    00053D
arm_fsm_update@F176                                           dataBANK5    0005BE
arm_fsm_update@angles                                         cstackBANK6  00060C
arm_fsm_update@angles_2568                                    cstackBANK6  00060E
arm_fsm_update@angles_2574                                    cstackBANK6  000628
arm_fsm_update@angles_2575                                    cstackBANK6  000604
arm_fsm_update@angles_2576                                    cstackBANK6  000608
arm_fsm_update@idle_angles                                    cstackBANK6  000600
arm_fsm_update@moveup_angles                                  cstackBANK6  000610
arm_fsm_update@moveup_angles_2570                             cstackBANK6  000618
arm_fsm_update@moveup_angles_2572                             cstackBANK6  000620
arm_set_target@boat_id                                        cstackCOMRAM 000513
arm_set_target@is_vertical                                    cstackCOMRAM 000511
arm_set_target@mode                                           cstackCOMRAM 000512
arm_set_target@x                                              cstackCOMRAM 00050F
arm_set_target@y                                              cstackCOMRAM 000510
calculateAngle@angleDeg                                       cstackCOMRAM 000513
end_of_initialization                                         cinit        011076
getAngle@i                                                    cstackCOMRAM 000511
get_adjusted_servo_angles@i                                   cstackCOMRAM 00051C
get_adjusted_servo_angles@is_vertical                         cstackCOMRAM 000510
get_adjusted_servo_angles@out_angles                          cstackCOMRAM 000511
get_adjusted_servo_angles@x                                   cstackCOMRAM 00051B
get_adjusted_servo_angles@y                                   cstackCOMRAM 00050F
get_adjusted_servo_angles_up@i                                cstackCOMRAM 00051C
get_adjusted_servo_angles_up@is_vertical                      cstackCOMRAM 000510
get_adjusted_servo_angles_up@out_angles                       cstackCOMRAM 000511
get_adjusted_servo_angles_up@x                                cstackCOMRAM 00051B
get_adjusted_servo_angles_up@y                                cstackCOMRAM 00050F
get_dependent_servo_angle@is_vertical                         cstackCOMRAM 000510
get_dependent_servo_angle@x                                   cstackCOMRAM 000519
get_dependent_servo_angle@y                                   cstackCOMRAM 00050F
get_docking_servo_angles@boat_id                              cstackCOMRAM 000512
get_docking_servo_angles_up@boat_id                           cstackCOMRAM 000512
get_grid_servo_angles@x                                       cstackCOMRAM 000516
get_grid_servo_angles@y                                       cstackCOMRAM 00050F
i2_TMR0_Stop                                                  text90       011BD0
intlevel0                                                     text         000000
intlevel1                                                     text         000000
intlevel2                                                     text         000000
intlevel3                                                     text         000000
isa$std                                                       (abs)        000001
isa$xinst                                                     (abs)        000000
isrTim0@i                                                     cstackCOMRAM 00050B
ivt0x8_base                                                   ivt0x8       000008
memcpy@d                                                      cstackCOMRAM 000516
memcpy@d1                                                     cstackCOMRAM 00050F
memcpy@n                                                      cstackCOMRAM 000513
memcpy@s                                                      cstackCOMRAM 000518
memcpy@s1                                                     cstackCOMRAM 000511
memcpy@tmp                                                    cstackCOMRAM 000515
move_servo_to_angles@angles                                   cstackCOMRAM 000514
move_servo_to_angles@i                                        cstackCOMRAM 000518
move_servo_to_int@i                                           cstackCOMRAM 000513
move_servo_to_int@intAngles                                   cstackCOMRAM 00050F
nRF24_IRQ_SetInterruptHandler@InterruptHandler                cstackCOMRAM 00050F
parse_robot_message@out                                       cstackCOMRAM 00051C
parse_robot_message@raw_data                                  cstackCOMRAM 00051A
servoMovement@i                                               cstackCOMRAM 000517
slave@dev                                                     cstackCOMRAM 00053A
slave@pvParameters                                            cstackCOMRAM 000529
slave@ret                                                     cstackCOMRAM 00052B
slave@rob                                                     cstackCOMRAM 00052D
stackhi                                                       (abs)        000000
stacklo                                                       (abs)        000000
start                                                         init         00001A
start_initialization                                          cinit        010FEC


MODULE INFORMATION

Module		Function		Class		Link	Load	Size
servo.c
		_move_servo_to_int		CODE           	11400	0000	88
		_disableMagnet 		CODE           	11BB8	0000	6
		_isrTim0       		CODE           	104BA	0000	586
		_enablePWM     		CODE           	119DA	0000	26
		_enableMagnet  		CODE           	11BB2	0000	6
		_initServo     		CODE           	111E8	0000	114
		_move_servo_to_angles		CODE           	11176	0000	114
		_getAngle      		CODE           	119A2	0000	28
		_servoMovement 		CODE           	10F5A	0000	146
		_calculateAngle		CODE           	119BE	0000	28

servo.c estimated size: 1142

mcc_generated_files/pwm/src/pwm3_16bit.c
		_PWM3_16BIT_Enable		CODE           	11BD6	0000	4
		_PWM3_16BIT_Period_SetInterruptHandler		CODE           	11AC4	0000	14
		_PWM3_16BIT_Slice1Output1_SetInterruptHandler		CODE           	11AB6	0000	14
		_PWM3_16BIT_Slice1Output2_SetInterruptHandler		CODE           	11AA8	0000	14
		_PWM3_16BIT_Initialize		CODE           	112C8	0000	104
		_PWM3_16BIT_LoadBufferRegisters		CODE           	11BE6	0000	4
		_PWM3_16BIT_SetSlice1Output1DutyCycleRegister		CODE           	11B74	0000	10
		_PWM3_16BIT_SetSlice1Output2DutyCycleRegister		CODE           	11B6A	0000	10

mcc_generated_files/pwm/src/pwm3_16bit.c estimated size: 174

message_parser.c
		_parse_robot_message		CODE           	10ACA	0000	246

message_parser.c estimated size: 246

mcc_generated_files/system/src/interrupt.c
		_INT0_SetInterruptHandler		CODE           	11B50	0000	14
		_INT1_SetInterruptHandler		CODE           	11B42	0000	14
		_INT2_SetInterruptHandler		CODE           	11B34	0000	14
		_INTERRUPT_Initialize		CODE           	115D2	0000	64
		_INTERRUPT_InterruptManager		CODE           	1107C	0000	126

mcc_generated_files/system/src/interrupt.c estimated size: 232

mcc_generated_files/pwm/src/pwm1_16bit.c
		_PWM1_16BIT_Disable		CODE           	11BE2	0000	4
		_PWM1_16BIT_Period_SetInterruptHandler		CODE           	11B18	0000	14
		_PWM1_16BIT_Slice1Output1_SetInterruptHandler		CODE           	11B0A	0000	14
		_PWM1_16BIT_Slice1Output2_SetInterruptHandler		CODE           	11AFC	0000	14
		_PWM1_16BIT_Initialize		CODE           	11398	0000	104
		_PWM1_16BIT_Enable		CODE           	11BDE	0000	4

mcc_generated_files/pwm/src/pwm1_16bit.c estimated size: 154

/opt/microchip/xc8/v2.50/pic/sources/c99/common/memcpy.c
		_memcpy        		CODE           	114AA	0000	80

/opt/microchip/xc8/v2.50/pic/sources/c99/common/memcpy.c estimated size: 80

mcc_generated_files/system/src/pins.c
		_PIN_MANAGER_Initialize		CODE           	10D52	0000	194
		_nRF24_IRQ_DefaultInterruptHandler		CODE           	11BF4	0000	2
		_nRF24_IRQ_ISR 		CODE           	11650	0000	54
		_nRF24_IRQ_SetInterruptHandler		CODE           	11B26	0000	14
		_PIN_MANAGER_IOC		CODE           	11A3A	0000	22

mcc_generated_files/system/src/pins.c estimated size: 286

mcc_generated_files/timer/src/delay.c
		_DELAY_milliseconds		CODE           	11784	0000	48
		_DELAY_microseconds		CODE           	11458	0000	82

mcc_generated_files/timer/src/delay.c estimated size: 130

shared
		_grid_angles   		MEDIUMCONST    	FDEA	0000	150
		_docking_positions		MEDIUMCONST    	FEAE	0000	16
		_rf24_crclength		MEDIUMCONST    	FE80	0000	30
		_Timer2        		MEDIUMCONST    	FDC9	0000	18
		_grid_angles_up		MEDIUMCONST    	FD09	0000	150
		__initialization		CODE           	10FEC	0000	138
		_SPI1_Host     		MEDIUMCONST    	FD9F	0000	42
		_docking_up    		MEDIUMCONST    	FE9E	0000	16
		_spi1_configuration		MEDIUMCONST    	FDDB	0000	15
		i2_TMR0_Stop   		CODE           	11BD0	0000	6

shared estimated size: 581

mirf.c
		_Nrf24_writeRegister		CODE           	11720	0000	50
		_Nrf24_dataReady		CODE           	11892	0000	38
		_Nrf24_getStatus		CODE           	11A24	0000	22
		_SPI_write_buff		CODE           	1158E	0000	68
		_SPI_read_buff 		CODE           	11686	0000	52
		_Nrf24_powerUpRx		CODE           	118DE	0000	36
		_Nrf24_setRetransmitDelay		CODE           	11810	0000	44
		_Nrf24_getData 		CODE           	11752	0000	50
		_Nrf24_configRegister		CODE           	119F4	0000	24
		_Nrf24_SetSpeedDataRates		CODE           	1125A	0000	110
		_Nrf24_readRegister		CODE           	117B4	0000	48
		_Nrf24_config  		CODE           	110FA	0000	124
		_Nrf24_init    		CODE           	117E4	0000	44
		_Nrf24_flushRx 		CODE           	11B5E	0000	12
		_Nrf24_setRADDR		CODE           	10EC0	0000	154
		_Nrf24_setTADDR		CODE           	10E14	0000	172

mirf.c estimated size: 1048

grid_lookup.c
		_get_grid_servo_angles		CODE           	114FA	0000	76
		_get_adjusted_servo_angles		CODE           	109A4	0000	294
		_get_adjusted_servo_angles_up		CODE           	1087E	0000	294
		_get_dependent_servo_angle		CODE           	10C8A	0000	200

grid_lookup.c estimated size: 864

arm_fsm.c
		_arm_set_target		CODE           	11546	0000	72
		_delay         		CODE           	11B92	0000	10
		_start_fsm_delay		CODE           	11B9C	0000	8
		_arm_fsm_init  		CODE           	11902	0000	34
		_arm_fsm_update		CODE           	10000	0000	1210

arm_fsm.c estimated size: 1334

mcc_generated_files/timer/src/tmr2.c
		_TMR2_ISR      		CODE           	11966	0000	32
		_TMR2_Initialize		CODE           	11868	0000	42
		_TMR2_Stop     		CODE           	11BC4	0000	6
		_TMR2_Start    		CODE           	11BBE	0000	6
		_TMR2_OverflowCallbackRegister		CODE           	11A9A	0000	14
		_TMR2_DefaultOverflowCallback		CODE           	11BF0	0000	2

mcc_generated_files/timer/src/tmr2.c estimated size: 102

mcc_generated_files/system/src/clock.c
		_CLOCK_Initialize		CODE           	11A78	0000	20

mcc_generated_files/system/src/clock.c estimated size: 20

mcc_generated_files/timer/src/tmr0.c
		_TMR0_DefaultCallback		CODE           	11BF2	0000	2
		_TMR0_OverflowCallbackRegister		CODE           	11A8C	0000	14
		_TMR0_ISR      		CODE           	11612	0000	62
		_TMR0_Initialize		CODE           	116BA	0000	52
		_TMR0_Stop     		CODE           	11BCA	0000	6
		_TMR0_Start    		CODE           	11BAC	0000	6

mcc_generated_files/timer/src/tmr0.c estimated size: 142

main.c
		_nrf_irq       		CODE           	11BA4	0000	8
		_main          		CODE           	116EE	0000	50
		_slave         		CODE           	10704	0000	378
		_AdvancedSettings		CODE           	11924	0000	34

main.c estimated size: 470

mcc_generated_files/pwm/src/pwm2_16bit.c
		_PWM2_16BIT_Period_SetInterruptHandler		CODE           	11AEE	0000	14
		_PWM2_16BIT_Slice1Output1_SetInterruptHandler		CODE           	11AE0	0000	14
		_PWM2_16BIT_Slice1Output2_SetInterruptHandler		CODE           	11AD2	0000	14
		_PWM2_16BIT_Initialize		CODE           	11330	0000	104
		_PWM2_16BIT_LoadBufferRegisters		CODE           	11BEA	0000	4
		_PWM2_16BIT_SetSlice1Output1DutyCycleRegister		CODE           	11B88	0000	10
		_PWM2_16BIT_SetSlice1Output2DutyCycleRegister		CODE           	11B7E	0000	10
		_PWM2_16BIT_Enable		CODE           	11BDA	0000	4

mcc_generated_files/pwm/src/pwm2_16bit.c estimated size: 174

boat_control.c
		_get_docking_servo_angles		CODE           	11A64	0000	20
		_get_docking_servo_angles_up		CODE           	11A50	0000	20

boat_control.c estimated size: 40

mcc_generated_files/system/src/system.c
		_SYSTEM_Initialize		CODE           	118B8	0000	38

mcc_generated_files/system/src/system.c estimated size: 38

mcc_generated_files/spi/src/spi1.c
		_SPI1_ByteExchange		CODE           	1183C	0000	44
		_SPI1_Open     		CODE           	10BC0	0000	202
		_SPI1_Initialize		CODE           	11A0C	0000	24

mcc_generated_files/spi/src/spi1.c estimated size: 270

