Microchip MPLAB XC8 Compiler V2.50

Linker command line:

-W-3 --edf=/Applications/microchip/xc8/v2.50/pic/dat/20240725155939_en.msgs \
  -pivt0x8=08h -cn -h+dist/default/production/robot_arm.X.production.sym \
  --cmf=dist/default/production/robot_arm.X.production.cmf -z -Q18F57Q43 \
  -o/tmp/xcWiozbZm/driver_tmp_3.o --defsym=__MPLAB_BUILD=1 \
  --fixupoverflow=error \
  -Mdist/default/production/robot_arm.X.production.map \
  --md=/tmp/xcWiozbZm/driver_tmp_0.dat -E1 -ver=XC8 Compiler --acfsm=1493 \
  -ACODE=00h-01FFFFh -ACONST=00h-01FFFFh -ASMALLCONST=02600h-026FFhx474 \
  -AMEDIUMCONST=02600h-0FFFFh,012600h-01FFFFh -ACOMRAM=0501h-055Fh \
  -AABS1=0500h-024FFh -ABIGRAM=0501h-024FFh \
  -ARAM=0560h-05FFh,0600h-06FFhx31 -ABANK5=0560h-05FFh -ABANK6=0600h-06FFh \
  -ABANK7=0700h-07FFh -ABANK8=0800h-08FFh -ABANK9=0900h-09FFh \
  -ABANK10=0A00h-0AFFh -ABANK11=0B00h-0BFFh -ABANK12=0C00h-0CFFh \
  -ABANK13=0D00h-0DFFh -ABANK14=0E00h-0EFFh -ABANK15=0F00h-0FFFh \
  -ABANK16=01000h-010FFh -ABANK17=01100h-011FFh -ABANK18=01200h-012FFh \
  -ABANK19=01300h-013FFh -ABANK20=01400h-014FFh -ABANK21=01500h-015FFh \
  -ABANK22=01600h-016FFh -ABANK23=01700h-017FFh -ABANK24=01800h-018FFh \
  -ABANK25=01900h-019FFh -ABANK26=01A00h-01AFFh -ABANK27=01B00h-01BFFh \
  -ABANK28=01C00h-01CFFh -ABANK29=01D00h-01DFFh -ABANK30=01E00h-01EFFh \
  -ABANK31=01F00h-01FFFh -ABANK32=02000h-020FFh -ABANK33=02100h-021FFh \
  -ABANK34=02200h-022FFh -ABANK35=02300h-023FFh -ABANK36=02400h-024FFh \
  -ASFR=00h-0FFhx4,0400h-045Fh,0460h-04FFh,02500h-025FFh \
  -ABIGSFR=00h-04FFh,02500h-025FFh -ACONFIG=0300000h-0300011h \
  -AIDLOC=0200000h-020003Fh -AEEDATA=0380000h-03803FFh -peeprom_data=EEDATA \
  -preset_vec=00h -ppowerup=CODE,init -pramtop=02600h \
  -psmallconst=SMALLCONST -pmediumconst=MEDIUMCONST -pconst=CONST \
  -AFARRAM=00h-00h \
  -prdata=COMRAM,nvrram=COMRAM,nvbit=COMRAM,rbss=COMRAM,rbit=COMRAM \
  -pfarbss=FARRAM,fardata=FARRAM,nvFARRAM=FARRAM \
  -pintsave_regs=BIGRAM,bigbss=BIGRAM,bigdata=BIGRAM -pbss=RAM \
  -pidata=CODE,irdata=CODE,ibigdata=CODE,ifardata=CODE -prparam=COMRAM \
  /tmp/xcWiozbZm/driver_tmp_9.o \
  dist/default/production/robot_arm.X.production.o 

Object code version is 3.11

Machine type is 18F57Q43



                Name                               Link     Load   Length Selector   Space Scale
/tmp/xcWiozbZm/driver_tmp_9.o
                config                           300000   300000        A        0       4
                init                                 1A       1A        4        4       0
                reset_vec                             0        0        4        0       0
dist/default/production/robot_arm.X.production.o
                config                           300000   300000        A        0       4
                mediumconst                        FDAE     FDAE      252     7ED7       0
                ivt0x8                                8        8       12        4       0
                text83                            11564    11564        6     8000       0
                text82                            11582    11582        2     8000       0
                text81                            11040    11040       36     8000       0
                text80                            11402    11402       16     8000       0
                text79                            1157A    1157A        4     8000       0
                text78                            1153C    1153C        A     8000       0
                text77                            11532    11532        A     8000       0
                text76                            11576    11576        4     8000       0
                text75                            11528    11528        A     8000       0
                text74                            1151E    1151E        A     8000       0
                text73                            10000    10000      24A     8000       0
                text72                            11580    11580        2     8000       0
                text71                            10FC8    10FC8       3E     8000       0
                text70                            1157E    1157E        2     8000       0
                text69                            110DE    110DE       34     8000       0
                text68                            10AFC    10AFC       7E     8000       0
                text67                            1142C    1142C       14     8000       0
                text66                            11504    11504        E     8000       0
                text65                            114F6    114F6        E     8000       0
                text64                            114E8    114E8        E     8000       0
                text63                            10F88    10F88       40     8000       0
                text62                            114DA    114DA        E     8000       0
                text61                            1074C    1074C       C2     8000       0
                text60                            114CC    114CC        E     8000       0
                text59                            114BE    114BE        E     8000       0
                text58                            114B0    114B0        E     8000       0
                text57                            10DA6    10DA6       68     8000       0
                text56                            114A2    114A2        E     8000       0
                text55                            11494    11494        E     8000       0
                text54                            11486    11486        E     8000       0
                text53                            10D3E    10D3E       68     8000       0
                text52                            11478    11478        E     8000       0
                text51                            1146A    1146A        E     8000       0
                text50                            1145C    1145C        E     8000       0
                text49                            10CD6    10CD6       68     8000       0
                text48                            113D4    113D4       18     8000       0
                text47                            110AA    110AA       34     8000       0
                text46                            1144E    1144E        E     8000       0
                text45                            1125A    1125A       2A     8000       0
                text44                            112FA    112FA       26     8000       0
                text43                            1155E    1155E        6     8000       0
                text42                            11558    11558        6     8000       0
                text41                            11552    11552        6     8000       0
                text40                            11572    11572        4     8000       0
                text39                            1156E    1156E        4     8000       0
                text38                            11440    11440        E     8000       0
                text37                            113A2    113A2       1A     8000       0
                text36                            1122E    1122E       2C     8000       0
                text35                            113BC    113BC       18     8000       0
                text34                            11076    11076       34     8000       0
                text33                            111A6    111A6       30     8000       0
                text32                            10C68    10C68       6E     8000       0
                text31                            11202    11202       2C     8000       0
                text30                            11344    11344       22     8000       0
                text29                            11176    11176       30     8000       0
                text28                            11512    11512        C     8000       0
                text27                            113EC    113EC       16     8000       0
                text26                            11320    11320       24     8000       0
                text25                            10B7A    10B7A       7C     8000       0
                text24                            112D4    112D4       26     8000       0
                text23                            11144    11144       32     8000       0
                text22                            105BA    105BA       CA     8000       0
                text21                            111D6    111D6       2C     8000       0
                text20                            10E0E    10E0E       52     8000       0
                text19                            10F44    10F44       44     8000       0
                text18                            11112    11112       32     8000       0
                text17                            108BA    108BA       9A     8000       0
                text16                            1080E    1080E       AC     8000       0
                text15                            1156A    1156A        4     8000       0
                text14                            1154C    1154C        6     8000       0
                text13                            11546    11546        6     8000       0
                text12                            11418    11418       14     8000       0
                text11                            10EB0    10EB0       4C     8000       0
                text10                            11386    11386       1C     8000       0
                text9                             10BF6    10BF6       72     8000       0
                text8                             10954    10954       98     8000       0
                text7                             112AC    112AC       28     8000       0
                text6                             109EC    109EC       92     8000       0
                text5                             1024A    1024A      216     8000       0
                text4                             10EFC    10EFC       48     8000       0
                text3                             10E60    10E60       50     8000       0
                text2                             10684    10684       C8     8000       0
                text1                             10460    10460      15A     8000       0
                text0                             11006    11006       3A     8000       0
                cstackCOMRAM                        501      501       35      501       1
                cstackBANK5                         5E9      5E9       11      560       1
                dataBANK6                           600      600       20      600       1
                dataBANK5                           5A0      5A0       28      560       1
                bssBANK5                            560      560       40      560       1
                dataCOMRAM                          54E      54E        1      501       1
                bssCOMRAM                           542      542        C      501       1
                cinit                             10A7E    10A7E       7E     8000       0
                nvBANK5                             5C8      5C8       21      560       1
                nvCOMRAM                            536      536        C      501       1
                idataBANK6                        11366    11366       20     8000       0
                idataBANK5                        11284    11284       28     8000       0
                idataCOMRAM                       11584    11584        1     8000       0

TOTAL           Name                               Link     Load   Length     Space
        CLASS   CODE           
                init                                 1A       1A        4         0
                reset_vec                             0        0        4         0
                ivt0x8                                8        8       12         0
                text83                            11564    11564        6         0
                text82                            11582    11582        2         0
                text81                            11040    11040       36         0
                text80                            11402    11402       16         0
                text79                            1157A    1157A        4         0
                text78                            1153C    1153C        A         0
                text77                            11532    11532        A         0
                text76                            11576    11576        4         0
                text75                            11528    11528        A         0
                text74                            1151E    1151E        A         0
                text73                            10000    10000      24A         0
                text72                            11580    11580        2         0
                text71                            10FC8    10FC8       3E         0
                text70                            1157E    1157E        2         0
                text69                            110DE    110DE       34         0
                text68                            10AFC    10AFC       7E         0
                text67                            1142C    1142C       14         0
                text66                            11504    11504        E         0
                text65                            114F6    114F6        E         0
                text64                            114E8    114E8        E         0
                text63                            10F88    10F88       40         0
                text62                            114DA    114DA        E         0
                text61                            1074C    1074C       C2         0
                text60                            114CC    114CC        E         0
                text59                            114BE    114BE        E         0
                text58                            114B0    114B0        E         0
                text57                            10DA6    10DA6       68         0
                text56                            114A2    114A2        E         0
                text55                            11494    11494        E         0
                text54                            11486    11486        E         0
                text53                            10D3E    10D3E       68         0
                text52                            11478    11478        E         0
                text51                            1146A    1146A        E         0
                text50                            1145C    1145C        E         0
                text49                            10CD6    10CD6       68         0
                text48                            113D4    113D4       18         0
                text47                            110AA    110AA       34         0
                text46                            1144E    1144E        E         0
                text45                            1125A    1125A       2A         0
                text44                            112FA    112FA       26         0
                text43                            1155E    1155E        6         0
                text42                            11558    11558        6         0
                text41                            11552    11552        6         0
                text40                            11572    11572        4         0
                text39                            1156E    1156E        4         0
                text38                            11440    11440        E         0
                text37                            113A2    113A2       1A         0
                text36                            1122E    1122E       2C         0
                text35                            113BC    113BC       18         0
                text34                            11076    11076       34         0
                text33                            111A6    111A6       30         0
                text32                            10C68    10C68       6E         0
                text31                            11202    11202       2C         0
                text30                            11344    11344       22         0
                text29                            11176    11176       30         0
                text28                            11512    11512        C         0
                text27                            113EC    113EC       16         0
                text26                            11320    11320       24         0
                text25                            10B7A    10B7A       7C         0
                text24                            112D4    112D4       26         0
                text23                            11144    11144       32         0
                text22                            105BA    105BA       CA         0
                text21                            111D6    111D6       2C         0
                text20                            10E0E    10E0E       52         0
                text19                            10F44    10F44       44         0
                text18                            11112    11112       32         0
                text17                            108BA    108BA       9A         0
                text16                            1080E    1080E       AC         0
                text15                            1156A    1156A        4         0
                text14                            1154C    1154C        6         0
                text13                            11546    11546        6         0
                text12                            11418    11418       14         0
                text11                            10EB0    10EB0       4C         0
                text10                            11386    11386       1C         0
                text9                             10BF6    10BF6       72         0
                text8                             10954    10954       98         0
                text7                             112AC    112AC       28         0
                text6                             109EC    109EC       92         0
                text5                             1024A    1024A      216         0
                text4                             10EFC    10EFC       48         0
                text3                             10E60    10E60       50         0
                text2                             10684    10684       C8         0
                text1                             10460    10460      15A         0
                text0                             11006    11006       3A         0
                cinit                             10A7E    10A7E       7E         0
                idataBANK6                        11366    11366       20         0
                idataBANK5                        11284    11284       28         0
                idataCOMRAM                       11584    11584        1         0

        CLASS   CONST          

        CLASS   SMALLCONST     

        CLASS   MEDIUMCONST    
                mediumconst                        FDAE     FDAE      252         0

        CLASS   COMRAM         
                cstackCOMRAM                        501      501       35         1
                dataCOMRAM                          54E      54E        1         1
                bssCOMRAM                           542      542        C         1
                nvCOMRAM                            536      536        C         1

        CLASS   ABS1           

        CLASS   BIGRAM         

        CLASS   RAM            

        CLASS   BANK5          
                cstackBANK5                         5E9      5E9       11         1
                dataBANK5                           5A0      5A0       28         1
                bssBANK5                            560      560       40         1
                nvBANK5                             5C8      5C8       21         1

        CLASS   BANK6          
                dataBANK6                           600      600       20         1

        CLASS   BANK7          

        CLASS   BANK8          

        CLASS   BANK9          

        CLASS   BANK10         

        CLASS   BANK11         

        CLASS   BANK12         

        CLASS   BANK13         

        CLASS   BANK14         

        CLASS   BANK15         

        CLASS   BANK16         

        CLASS   BANK17         

        CLASS   BANK18         

        CLASS   BANK19         

        CLASS   BANK20         

        CLASS   BANK21         

        CLASS   BANK22         

        CLASS   BANK23         

        CLASS   BANK24         

        CLASS   BANK25         

        CLASS   BANK26         

        CLASS   BANK27         

        CLASS   BANK28         

        CLASS   BANK29         

        CLASS   BANK30         

        CLASS   BANK31         

        CLASS   BANK32         

        CLASS   BANK33         

        CLASS   BANK34         

        CLASS   BANK35         

        CLASS   BANK36         

        CLASS   SFR            

        CLASS   BIGSFR         

        CLASS   CONFIG         
                config                           300000   300000        A         4

        CLASS   IDLOC          

        CLASS   EEDATA         

        CLASS   FARRAM         

        CLASS   HEAP           

        CLASS   STACK          



SEGMENTS        Name                           Load    Length   Top    Selector   Space  Class

                reset_vec                      000000  000004  000004         0       0  CODE    
                text73                         010000  001585  011585      8000       0  CODE    
                ivt0x8                         000008  000016  00001E         4       0  CODE    
                dataBANK6                      000600  000020  000620       600       1  BANK6   
                bssBANK5                       000560  00009A  0005FA       560       1  BANK5   
                mediumconst                    00FDAE  000252  010000      7ED7       0  MEDIUMCO
                cstackCOMRAM                   000501  00004E  00054F       501       1  COMRAM  


UNUSED ADDRESS RANGES

        Name                Unused          Largest block    Delta
        BANK10           000A00-000AFF              100
        BANK11           000B00-000BFF              100
        BANK12           000C00-000CFF              100
        BANK13           000D00-000DFF              100
        BANK14           000E00-000EFF              100
        BANK15           000F00-000FFF              100
        BANK16           001000-0010FF              100
        BANK17           001100-0011FF              100
        BANK18           001200-0012FF              100
        BANK19           001300-0013FF              100
        BANK20           001400-0014FF              100
        BANK21           001500-0015FF              100
        BANK22           001600-0016FF              100
        BANK23           001700-0017FF              100
        BANK24           001800-0018FF              100
        BANK25           001900-0019FF              100
        BANK26           001A00-001AFF              100
        BANK27           001B00-001BFF              100
        BANK28           001C00-001CFF              100
        BANK29           001D00-001DFF              100
        BANK30           001E00-001EFF              100
        BANK31           001F00-001FFF              100
        BANK32           002000-0020FF              100
        BANK33           002100-0021FF              100
        BANK34           002200-0022FF              100
        BANK35           002300-0023FF              100
        BANK36           002400-0024FF              100
        BANK5            0005FA-0005FF                6
        BANK6            000620-0006FF               E0
        BANK7            000700-0007FF              100
        BANK8            000800-0008FF              100
        BANK9            000900-0009FF              100
        BIGRAM           00054F-00055F               11
                         0005FA-0005FF                6
                         000620-0024FF             1EE0
        BIGSFR           000000-0004FF              500
                         002500-0025FF              100
        CODE             000004-000007                4
                         00001E-00FDAD             FD90
                         011585-01FFFF             EA7B
        COMRAM           00054F-00055F               11
        CONFIG           30000A-300011                8
        CONST            000004-000007                4
                         00001E-00FDAD             FD90
                         011585-01FFFF             EA7B
        EEDATA           380000-3803FF              400
        IDLOC            200000-20003F               40
        MEDIUMCONST      002600-00FDAD             D7AE
                         012600-01FFFF             DA00
        RAM              0005FA-0005FF                6
                         000620-0024FF              100
        SFR              000000-0004FF              100
                         002500-0025FF              100
        SMALLCONST       002600-00FDAD              100
                         011585-01FFFF              100

                                  Symbol Table

?_Nrf24_setRADDR                                              cstackCOMRAM 000519
?_Nrf24_setTADDR                                              cstackCOMRAM 000519
?_calculateAngle                                              cstackCOMRAM 00050F
?_get_docking_servo_angles                                    cstackCOMRAM 00050F
?_get_grid_servo_angles                                       cstackCOMRAM 00050F
AdvancedSettings@dev                                          cstackCOMRAM 00051D
DELAY_microseconds@microseconds                               cstackCOMRAM 00050F
DELAY_milliseconds@milliseconds                               cstackCOMRAM 00050F
INT0_SetInterruptHandler@InterruptHandler                     cstackCOMRAM 00050F
INT1_SetInterruptHandler@InterruptHandler                     cstackCOMRAM 00050F
INT2_SetInterruptHandler@InterruptHandler                     cstackCOMRAM 00050F
IVTBASEH                                                      (abs)        00045E
IVTBASEL                                                      (abs)        00045D
IVTBASEU                                                      (abs)        00045F
Nrf24_SetSpeedDataRates@dev                                   cstackCOMRAM 000519
Nrf24_SetSpeedDataRates@val                                   cstackCOMRAM 00051B
Nrf24_SetSpeedDataRates@value                                 cstackCOMRAM 00051C
Nrf24_config@channel                                          cstackCOMRAM 00051E
Nrf24_config@dev                                              cstackCOMRAM 00051C
Nrf24_config@payload                                          cstackCOMRAM 00051F
Nrf24_configRegister@reg                                      cstackCOMRAM 000512
Nrf24_configRegister@value                                    cstackCOMRAM 000511
Nrf24_dataReady@dev                                           cstackCOMRAM 00051C
Nrf24_dataReady@status                                        cstackCOMRAM 00051E
Nrf24_flushRx@dev                                             cstackCOMRAM 000511
Nrf24_getData@data                                            cstackCOMRAM 000517
Nrf24_getData@dev                                             cstackCOMRAM 000515
Nrf24_getStatus@dev                                           cstackCOMRAM 000519
Nrf24_getStatus@rv                                            cstackCOMRAM 00051B
Nrf24_init@dev                                                cstackCOMRAM 000510
Nrf24_powerUpRx@dev                                           cstackCOMRAM 000513
Nrf24_readRegister@len                                        cstackCOMRAM 000517
Nrf24_readRegister@reg                                        cstackCOMRAM 000518
Nrf24_readRegister@value                                      cstackCOMRAM 000515
Nrf24_setRADDR@adr                                            cstackCOMRAM 00051B
Nrf24_setRADDR@buffer                                         cstackCOMRAM 000520
Nrf24_setRADDR@dev                                            cstackCOMRAM 000519
Nrf24_setRADDR@i                                              cstackCOMRAM 000527
Nrf24_setRADDR@ret                                            cstackCOMRAM 000525
Nrf24_setRetransmitDelay@dev                                  cstackCOMRAM 000519
Nrf24_setRetransmitDelay@val                                  cstackCOMRAM 00051B
Nrf24_setRetransmitDelay@value                                cstackCOMRAM 00051C
Nrf24_setTADDR@adr                                            cstackCOMRAM 00051B
Nrf24_setTADDR@buffer                                         cstackCOMRAM 000520
Nrf24_setTADDR@dev                                            cstackCOMRAM 000519
Nrf24_setTADDR@i                                              cstackCOMRAM 000527
Nrf24_setTADDR@ret                                            cstackCOMRAM 000525
Nrf24_writeRegister@len                                       cstackCOMRAM 000517
Nrf24_writeRegister@reg                                       cstackCOMRAM 000518
Nrf24_writeRegister@value                                     cstackCOMRAM 000515
PWM1_16BIT_Period_SetInterruptHandler@InterruptHandler        cstackCOMRAM 00050F
PWM1_16BIT_Slice1Output1_SetInterruptHandler@InterruptHandler cstackCOMRAM 00050F
PWM1_16BIT_Slice1Output2_SetInterruptHandler@InterruptHandler cstackCOMRAM 00050F
PWM2_16BIT_Period_SetInterruptHandler@InterruptHandler        cstackCOMRAM 00050F
PWM2_16BIT_SetSlice1Output1DutyCycleRegister@registerValue    cstackCOMRAM 000501
PWM2_16BIT_SetSlice1Output2DutyCycleRegister@registerValue    cstackCOMRAM 000501
PWM2_16BIT_Slice1Output1_SetInterruptHandler@InterruptHandler cstackCOMRAM 00050F
PWM2_16BIT_Slice1Output2_SetInterruptHandler@InterruptHandler cstackCOMRAM 00050F
PWM3_16BIT_Period_SetInterruptHandler@InterruptHandler        cstackCOMRAM 00050F
PWM3_16BIT_SetSlice1Output1DutyCycleRegister@registerValue    cstackCOMRAM 000501
PWM3_16BIT_SetSlice1Output2DutyCycleRegister@registerValue    cstackCOMRAM 000501
PWM3_16BIT_Slice1Output1_SetInterruptHandler@InterruptHandler cstackCOMRAM 00050F
PWM3_16BIT_Slice1Output2_SetInterruptHandler@InterruptHandler cstackCOMRAM 00050F
SPI1_ByteExchange@byteData                                    cstackCOMRAM 00050F
SPI1_ByteExchange@returnValue                                 cstackCOMRAM 000510
SPI1_Open@spiConfigIndex                                      cstackCOMRAM 00050F
SPI_read_buff@buffer                                          cstackCOMRAM 000511
SPI_read_buff@bytes                                           cstackCOMRAM 000513
SPI_read_buff@i                                               cstackCOMRAM 000514
SPI_write_buff@buffer                                         cstackCOMRAM 000511
SPI_write_buff@bytes                                          cstackCOMRAM 000513
SPI_write_buff@i                                              cstackCOMRAM 000514
TMR0_OverflowCallbackRegister@callbackHandler                 cstackCOMRAM 00050F
TMR2_OverflowCallbackRegister@InterruptHandler                cstackCOMRAM 00050F
_ACTCON                                                       (abs)        0000AC
_ANSELA                                                       (abs)        000400
_ANSELB                                                       (abs)        000408
_ANSELC                                                       (abs)        000410
_ANSELD                                                       (abs)        000418
_ANSELE                                                       (abs)        000420
_ANSELF                                                       (abs)        000428
_AdvancedSettings                                             text30       011344
_CLOCK_Initialize                                             text67       01142C
_DELAY_microseconds                                           text20       010E0E
_DELAY_milliseconds                                           text29       011176
_INLVLA                                                       (abs)        000404
_INLVLB                                                       (abs)        00040C
_INLVLC                                                       (abs)        000414
_INLVLD                                                       (abs)        00041C
_INLVLE                                                       (abs)        000424
_INLVLF                                                       (abs)        00042C
_INT0_DefaultInterruptHandler                                 (abs)        000000
_INT0_InterruptHandler                                        nvBANK5      0005D4
_INT0_SetInterruptHandler                                     text66       011504
_INT1_DefaultInterruptHandler                                 (abs)        000000
_INT1_InterruptHandler                                        nvBANK5      0005D1
_INT1_SetInterruptHandler                                     text65       0114F6
_INT2_DefaultInterruptHandler                                 (abs)        000000
_INT2_InterruptHandler                                        nvBANK5      0005CE
_INT2_SetInterruptHandler                                     text64       0114E8
_INTCON0bits                                                  (abs)        0004D6
_INTERRUPT_Initialize                                         text63       010F88
_INTERRUPT_InterruptManager                                   text68       010AFC
_IOCAF                                                        (abs)        000407
_IOCAN                                                        (abs)        000406
_IOCAP                                                        (abs)        000405
_IOCBF                                                        (abs)        00040F
_IOCBN                                                        (abs)        00040E
_IOCBP                                                        (abs)        00040D
_IOCCF                                                        (abs)        000417
_IOCCFbits                                                    (abs)        000417
_IOCCN                                                        (abs)        000416
_IOCCP                                                        (abs)        000415
_IOCEF                                                        (abs)        000427
_IOCEN                                                        (abs)        000426
_IOCEP                                                        (abs)        000425
_LATA                                                         (abs)        0004BE
_LATB                                                         (abs)        0004BF
_LATC                                                         (abs)        0004C0
_LATCbits                                                     (abs)        0004C0
_LATD                                                         (abs)        0004C1
_LATE                                                         (abs)        0004C2
_LATF                                                         (abs)        0004C3
_Nrf24_SetSpeedDataRates                                      text32       010C68
_Nrf24_config                                                 text25       010B7A
_Nrf24_configRegister                                         text35       0113BC
_Nrf24_dataReady                                              text24       0112D4
_Nrf24_flushRx                                                text28       011512
_Nrf24_getData                                                text23       011144
_Nrf24_getStatus                                              text27       0113EC
_Nrf24_init                                                   text21       0111D6
_Nrf24_powerUpRx                                              text26       011320
_Nrf24_readRegister                                           text33       0111A6
_Nrf24_setRADDR                                               text17       0108BA
_Nrf24_setRetransmitDelay                                     text31       011202
_Nrf24_setTADDR                                               text16       01080E
_Nrf24_writeRegister                                          text18       011112
_ODCONA                                                       (abs)        000402
_ODCONB                                                       (abs)        00040A
_ODCONC                                                       (abs)        000412
_ODCOND                                                       (abs)        00041A
_ODCONE                                                       (abs)        000422
_ODCONF                                                       (abs)        00042A
_OSCCON1                                                      (abs)        0000AD
_OSCCON3                                                      (abs)        0000AF
_OSCEN                                                        (abs)        0000B3
_OSCFRQ                                                       (abs)        0000B1
_OSCTUNE                                                      (abs)        0000B0
_PIE0bits                                                     (abs)        00049E
_PIE3bits                                                     (abs)        0004A1
_PIE4bits                                                     (abs)        0004A2
_PIE5bits                                                     (abs)        0004A3
_PIE7bits                                                     (abs)        0004A5
_PIN_MANAGER_IOC                                              text80       011402
_PIN_MANAGER_Initialize                                       text61       01074C
_PIR0bits                                                     (abs)        0004AE
_PIR10bits                                                    (abs)        0004B8
_PIR1bits                                                     (abs)        0004AF
_PIR3bits                                                     (abs)        0004B1
_PIR4bits                                                     (abs)        0004B2
_PIR5bits                                                     (abs)        0004B3
_PIR6bits                                                     (abs)        0004B4
_PIR7bits                                                     (abs)        0004B5
_PR2                                                          (abs)        000323
_PWM1CLK                                                      (abs)        000461
_PWM1CON                                                      (abs)        000469
_PWM1CONbits                                                  (abs)        000469
_PWM1CPRE                                                     (abs)        000465
_PWM1ERS                                                      (abs)        000460
_PWM1GIE                                                      (abs)        000468
_PWM1GIEbits                                                  (abs)        000468
_PWM1GIR                                                      (abs)        000467
_PWM1GIRbits                                                  (abs)        000467
_PWM1LDS                                                      (abs)        000462
_PWM1PIPOS                                                    (abs)        000466
_PWM1PRH                                                      (abs)        000464
_PWM1PRL                                                      (abs)        000463
_PWM1S1CFG                                                    (abs)        00046A
_PWM1S1P1H                                                    (abs)        00046C
_PWM1S1P1L                                                    (abs)        00046B
_PWM1S1P2H                                                    (abs)        00046E
_PWM1S1P2L                                                    (abs)        00046D
_PWM1_16BIT_Disable                                           text15       01156A
_PWM1_16BIT_Enable                                            text40       011572
_PWM1_16BIT_Initialize                                        text57       010DA6
_PWM1_16BIT_Period_DefaultInterruptHandler                    (abs)        000000
_PWM1_16BIT_Period_InterruptHandler                           nvCOMRAM     000539
_PWM1_16BIT_Period_SetInterruptHandler                        text60       0114CC
_PWM1_16BIT_Slice1Output1_DefaultInterruptHandler             (abs)        000000
_PWM1_16BIT_Slice1Output1_InterruptHandler                    nvCOMRAM     00053F
_PWM1_16BIT_Slice1Output1_SetInterruptHandler                 text59       0114BE
_PWM1_16BIT_Slice1Output2_DefaultInterruptHandler             (abs)        000000
_PWM1_16BIT_Slice1Output2_InterruptHandler                    nvCOMRAM     00053C
_PWM1_16BIT_Slice1Output2_SetInterruptHandler                 text58       0114B0
_PWM2CLK                                                      (abs)        000470
_PWM2CON                                                      (abs)        000478
_PWM2CONbits                                                  (abs)        000478
_PWM2CPRE                                                     (abs)        000474
_PWM2ERS                                                      (abs)        00046F
_PWM2GIE                                                      (abs)        000477
_PWM2GIEbits                                                  (abs)        000477
_PWM2GIR                                                      (abs)        000476
_PWM2GIRbits                                                  (abs)        000476
_PWM2LDS                                                      (abs)        000471
_PWM2PIPOS                                                    (abs)        000475
_PWM2PRH                                                      (abs)        000473
_PWM2PRL                                                      (abs)        000472
_PWM2S1CFG                                                    (abs)        000479
_PWM2S1P1H                                                    (abs)        00047B
_PWM2S1P1L                                                    (abs)        00047A
_PWM2S1P2H                                                    (abs)        00047D
_PWM2S1P2L                                                    (abs)        00047C
_PWM2_16BIT_Enable                                            text39       01156E
_PWM2_16BIT_Initialize                                        text53       010D3E
_PWM2_16BIT_LoadBufferRegisters                               text79       01157A
_PWM2_16BIT_Period_DefaultInterruptHandler                    (abs)        000000
_PWM2_16BIT_Period_InterruptHandler                           nvBANK5      0005E3
_PWM2_16BIT_Period_SetInterruptHandler                        text56       0114A2
_PWM2_16BIT_SetSlice1Output1DutyCycleRegister                 text78       01153C
_PWM2_16BIT_SetSlice1Output2DutyCycleRegister                 text77       011532
_PWM2_16BIT_Slice1Output1_DefaultInterruptHandler             (abs)        000000
_PWM2_16BIT_Slice1Output1_InterruptHandler                    nvCOMRAM     000536
_PWM2_16BIT_Slice1Output1_SetInterruptHandler                 text55       011494
_PWM2_16BIT_Slice1Output2_DefaultInterruptHandler             (abs)        000000
_PWM2_16BIT_Slice1Output2_InterruptHandler                    nvBANK5      0005E6
_PWM2_16BIT_Slice1Output2_SetInterruptHandler                 text54       011486
_PWM3CLK                                                      (abs)        00047F
_PWM3CON                                                      (abs)        000487
_PWM3CONbits                                                  (abs)        000487
_PWM3CPRE                                                     (abs)        000483
_PWM3ERS                                                      (abs)        00047E
_PWM3GIE                                                      (abs)        000486
_PWM3GIEbits                                                  (abs)        000486
_PWM3GIR                                                      (abs)        000485
_PWM3GIRbits                                                  (abs)        000485
_PWM3LDS                                                      (abs)        000480
_PWM3PIPOS                                                    (abs)        000484
_PWM3PRH                                                      (abs)        000482
_PWM3PRL                                                      (abs)        000481
_PWM3S1CFG                                                    (abs)        000488
_PWM3S1P1H                                                    (abs)        00048A
_PWM3S1P1L                                                    (abs)        000489
_PWM3S1P2H                                                    (abs)        00048C
_PWM3S1P2L                                                    (abs)        00048B
_PWM3_16BIT_Initialize                                        text49       010CD6
_PWM3_16BIT_LoadBufferRegisters                               text76       011576
_PWM3_16BIT_Period_DefaultInterruptHandler                    (abs)        000000
_PWM3_16BIT_Period_InterruptHandler                           nvBANK5      0005DA
_PWM3_16BIT_Period_SetInterruptHandler                        text52       011478
_PWM3_16BIT_SetSlice1Output1DutyCycleRegister                 text75       011528
_PWM3_16BIT_SetSlice1Output2DutyCycleRegister                 text74       01151E
_PWM3_16BIT_Slice1Output1_DefaultInterruptHandler             (abs)        000000
_PWM3_16BIT_Slice1Output1_InterruptHandler                    nvBANK5      0005E0
_PWM3_16BIT_Slice1Output1_SetInterruptHandler                 text51       01146A
_PWM3_16BIT_Slice1Output2_DefaultInterruptHandler             (abs)        000000
_PWM3_16BIT_Slice1Output2_InterruptHandler                    nvBANK5      0005DD
_PWM3_16BIT_Slice1Output2_SetInterruptHandler                 text50       01145C
_RB0PPS                                                       (abs)        000209
_RB1I2C                                                       (abs)        000289
_RB1PPS                                                       (abs)        00020A
_RB2I2C                                                       (abs)        000288
_RB2PPS                                                       (abs)        00020B
_RB3PPS                                                       (abs)        00020C
_RC0PPS                                                       (abs)        000211
_RC3I2C                                                       (abs)        000287
_RC3PPS                                                       (abs)        000214
_RC4I2C                                                       (abs)        000286
_RC4PPS                                                       (abs)        000215
_SLRCONA                                                      (abs)        000403
_SLRCONB                                                      (abs)        00040B
_SLRCONC                                                      (abs)        000413
_SLRCOND                                                      (abs)        00041B
_SLRCONE                                                      (abs)        000423
_SLRCONF                                                      (abs)        00042B
_SPI1BAUD                                                     (abs)        000089
_SPI1CLK                                                      (abs)        00008C
_SPI1CON0                                                     (abs)        000084
_SPI1CON0bits                                                 (abs)        000084
_SPI1CON1                                                     (abs)        000085
_SPI1CON2                                                     (abs)        000086
_SPI1INTFbits                                                 (abs)        00008A
_SPI1RXB                                                      (abs)        000080
_SPI1SCKPPS                                                   (abs)        00026A
_SPI1SDIPPS                                                   (abs)        00026B
_SPI1STATUSbits                                               (abs)        000087
_SPI1TCNTH                                                    (abs)        000083
_SPI1TCNTL                                                    (abs)        000082
_SPI1TXB                                                      (abs)        000081
_SPI1_BufferExchange                                          (abs)        000000
_SPI1_BufferRead                                              (abs)        000000
_SPI1_BufferWrite                                             (abs)        000000
_SPI1_ByteExchange                                            text36       01122E
_SPI1_ByteRead                                                (abs)        000000
_SPI1_ByteWrite                                               (abs)        000000
_SPI1_Close                                                   (abs)        000000
_SPI1_Deinitialize                                            (abs)        000000
_SPI1_Host                                                    mediumconst  00FDAF
_SPI1_Initialize                                              text48       0113D4
_SPI1_IsRxReady                                               (abs)        000000
_SPI1_IsTxReady                                               (abs)        000000
_SPI1_Open                                                    text22       0105BA
_SPI_read_buff                                                text34       011076
_SPI_write_buff                                               text19       010F44
_SYSTEM_Initialize                                            text44       0112FA
_T0CON0                                                       (abs)        00031A
_T0CON0bits                                                   (abs)        00031A
_T0CON1                                                       (abs)        00031B
_T2CLKCON                                                     (abs)        000326
_T2CON                                                        (abs)        000324
_T2CONbits                                                    (abs)        000324
_T2HLT                                                        (abs)        000325
_T2HLTbits                                                    (abs)        000325
_T2PR                                                         (abs)        000323
_T2RST                                                        (abs)        000327
_T2RSTbits                                                    (abs)        000327
_T2TMR                                                        (abs)        000322
_TMR0H                                                        (abs)        000319
_TMR0L                                                        (abs)        000318
_TMR0_DefaultCallback                                         text72       011580
_TMR0_ISR                                                     text71       010FC8
_TMR0_Initialize                                              text47       0110AA
_TMR0_OverflowCallback                                        nvBANK5      0005CB
_TMR0_OverflowCallbackRegister                                text38       011440
_TMR0_Stop                                                    text43       01155E
_TMR2                                                         (abs)        000322
_TMR2_DefaultOverflowCallback                                 text70       01157E
_TMR2_ISR                                                     text69       0110DE
_TMR2_Initialize                                              text45       01125A
_TMR2_OverflowCallback                                        nvBANK5      0005C8
_TMR2_OverflowCallbackRegister                                text46       01144E
_TMR2_PeriodCountSet                                          (abs)        000000
_TMR2_Start                                                   text42       011558
_TMR2_Stop                                                    text41       011552
_TRISA                                                        (abs)        0004C6
_TRISB                                                        (abs)        0004C7
_TRISC                                                        (abs)        0004C8
_TRISCbits                                                    (abs)        0004C8
_TRISD                                                        (abs)        0004C9
_TRISE                                                        (abs)        0004CA
_TRISF                                                        (abs)        0004CB
_Timer2                                                       mediumconst  00FDD9
_WPUA                                                         (abs)        000401
_WPUB                                                         (abs)        000409
_WPUC                                                         (abs)        000411
_WPUD                                                         (abs)        000419
_WPUE                                                         (abs)        000421
_WPUF                                                         (abs)        000429
__HRAM                                                        (abs)        000000
__H__absolute__                                               __absolute__ 000000
__Habs1                                                       abs1         000000
__Hbank10                                                     bank10       000000
__Hbank11                                                     bank11       000000
__Hbank12                                                     bank12       000000
__Hbank13                                                     bank13       000000
__Hbank14                                                     bank14       000000
__Hbank15                                                     bank15       000000
__Hbank16                                                     bank16       000000
__Hbank17                                                     bank17       000000
__Hbank18                                                     bank18       000000
__Hbank19                                                     bank19       000000
__Hbank20                                                     bank20       000000
__Hbank21                                                     bank21       000000
__Hbank22                                                     bank22       000000
__Hbank23                                                     bank23       000000
__Hbank24                                                     bank24       000000
__Hbank25                                                     bank25       000000
__Hbank26                                                     bank26       000000
__Hbank27                                                     bank27       000000
__Hbank28                                                     bank28       000000
__Hbank29                                                     bank29       000000
__Hbank30                                                     bank30       000000
__Hbank31                                                     bank31       000000
__Hbank32                                                     bank32       000000
__Hbank33                                                     bank33       000000
__Hbank34                                                     bank34       000000
__Hbank35                                                     bank35       000000
__Hbank36                                                     bank36       000000
__Hbank5                                                      bank5        000000
__Hbank6                                                      bank6        000000
__Hbank7                                                      bank7        000000
__Hbank8                                                      bank8        000000
__Hbank9                                                      bank9        000000
__Hbigbss                                                     bigbss       000000
__Hbigdata                                                    bigdata      000000
__Hbigram                                                     bigram       000000
__Hbigsfr                                                     bigsfr       000000
__Hbss                                                        bss          000000
__HbssBANK5                                                   bssBANK5     000000
__HbssCOMRAM                                                  bssCOMRAM    000000
__Hcinit                                                      cinit        000000
__Hclrtext                                                    clrtext      000000
__Hcomram                                                     comram       000000
__Hconfig                                                     config       30000A
__Hconst                                                      const        000000
__HcstackBANK5                                                cstackBANK5  000000
__HcstackCOMRAM                                               cstackCOMRAM 000000
__Hdata                                                       data         000000
__HdataBANK5                                                  dataBANK5    000000
__HdataBANK6                                                  dataBANK6    000000
__HdataCOMRAM                                                 dataCOMRAM   000000
__Heeprom_data                                                eeprom_data  000000
__Hfarbss                                                     farbss       000000
__Hfardata                                                    fardata      000000
__Hheap                                                       heap         000000
__Hibigdata                                                   ibigdata     000000
__Hidata                                                      idata        000000
__HidataBANK5                                                 idataBANK5   000000
__HidataBANK6                                                 idataBANK6   000000
__HidataCOMRAM                                                idataCOMRAM  000000
__Hidloc                                                      idloc        000000
__Hifardata                                                   ifardata     000000
__Hinit                                                       init         00001E
__Hintsave_regs                                               intsave_regs 000000
__Hirdata                                                     irdata       000000
__Hivt0x8                                                     ivt0x8       00001A
__Hmediumconst                                                mediumconst  010000
__HnvBANK5                                                    nvBANK5      000000
__HnvCOMRAM                                                   nvCOMRAM     000000
__HnvFARRAM                                                   nvFARRAM     000000
__Hnvbit                                                      nvbit        000000
__Hnvrram                                                     nvrram       000000
__Hparam                                                      rparam       000000
__Hpowerup                                                    powerup      000000
__Hram                                                        ram          000000
__Hramtop                                                     ramtop       002600
__Hrbit                                                       rbit         000000
__Hrbss                                                       rbss         000000
__Hrdata                                                      rdata        000000
__Hreset_vec                                                  reset_vec    000004
__Hrparam                                                     rparam       000000
__Hsfr                                                        sfr          000000
__Hsmallconst                                                 smallconst   000000
__Hspace_0                                                    (abs)        011585
__Hspace_1                                                    (abs)        000620
__Hspace_2                                                    (abs)        000000
__Hspace_4                                                    (abs)        60000A
__Hstack                                                      stack        000000
__Hstruct                                                     struct       000000
__Htemp                                                       temp         000000
__Htext                                                       text         000000
__Htext0                                                      text0        000000
__Htext1                                                      text1        000000
__Htext10                                                     text10       000000
__Htext11                                                     text11       000000
__Htext12                                                     text12       000000
__Htext13                                                     text13       000000
__Htext14                                                     text14       000000
__Htext15                                                     text15       000000
__Htext16                                                     text16       000000
__Htext17                                                     text17       000000
__Htext18                                                     text18       000000
__Htext19                                                     text19       000000
__Htext2                                                      text2        000000
__Htext20                                                     text20       000000
__Htext21                                                     text21       000000
__Htext22                                                     text22       000000
__Htext23                                                     text23       000000
__Htext24                                                     text24       000000
__Htext25                                                     text25       000000
__Htext26                                                     text26       000000
__Htext27                                                     text27       000000
__Htext28                                                     text28       000000
__Htext29                                                     text29       000000
__Htext3                                                      text3        000000
__Htext30                                                     text30       000000
__Htext31                                                     text31       000000
__Htext32                                                     text32       000000
__Htext33                                                     text33       000000
__Htext34                                                     text34       000000
__Htext35                                                     text35       000000
__Htext36                                                     text36       000000
__Htext37                                                     text37       000000
__Htext38                                                     text38       000000
__Htext39                                                     text39       000000
__Htext4                                                      text4        000000
__Htext40                                                     text40       000000
__Htext41                                                     text41       000000
__Htext42                                                     text42       000000
__Htext43                                                     text43       000000
__Htext44                                                     text44       000000
__Htext45                                                     text45       000000
__Htext46                                                     text46       000000
__Htext47                                                     text47       000000
__Htext48                                                     text48       000000
__Htext49                                                     text49       000000
__Htext5                                                      text5        000000
__Htext50                                                     text50       000000
__Htext51                                                     text51       000000
__Htext52                                                     text52       000000
__Htext53                                                     text53       000000
__Htext54                                                     text54       000000
__Htext55                                                     text55       000000
__Htext56                                                     text56       000000
__Htext57                                                     text57       000000
__Htext58                                                     text58       000000
__Htext59                                                     text59       000000
__Htext6                                                      text6        000000
__Htext60                                                     text60       000000
__Htext61                                                     text61       000000
__Htext62                                                     text62       000000
__Htext63                                                     text63       000000
__Htext64                                                     text64       000000
__Htext65                                                     text65       000000
__Htext66                                                     text66       000000
__Htext67                                                     text67       000000
__Htext68                                                     text68       000000
__Htext69                                                     text69       000000
__Htext7                                                      text7        000000
__Htext70                                                     text70       000000
__Htext71                                                     text71       000000
__Htext72                                                     text72       000000
__Htext73                                                     text73       000000
__Htext74                                                     text74       000000
__Htext75                                                     text75       000000
__Htext76                                                     text76       000000
__Htext77                                                     text77       000000
__Htext78                                                     text78       000000
__Htext79                                                     text79       000000
__Htext8                                                      text8        000000
__Htext80                                                     text80       000000
__Htext81                                                     text81       000000
__Htext82                                                     text82       000000
__Htext83                                                     text83       000000
__Htext9                                                      text9        000000
__LRAM                                                        (abs)        000001
__L__absolute__                                               __absolute__ 000000
__Labs1                                                       abs1         000000
__Lbank10                                                     bank10       000000
__Lbank11                                                     bank11       000000
__Lbank12                                                     bank12       000000
__Lbank13                                                     bank13       000000
__Lbank14                                                     bank14       000000
__Lbank15                                                     bank15       000000
__Lbank16                                                     bank16       000000
__Lbank17                                                     bank17       000000
__Lbank18                                                     bank18       000000
__Lbank19                                                     bank19       000000
__Lbank20                                                     bank20       000000
__Lbank21                                                     bank21       000000
__Lbank22                                                     bank22       000000
__Lbank23                                                     bank23       000000
__Lbank24                                                     bank24       000000
__Lbank25                                                     bank25       000000
__Lbank26                                                     bank26       000000
__Lbank27                                                     bank27       000000
__Lbank28                                                     bank28       000000
__Lbank29                                                     bank29       000000
__Lbank30                                                     bank30       000000
__Lbank31                                                     bank31       000000
__Lbank32                                                     bank32       000000
__Lbank33                                                     bank33       000000
__Lbank34                                                     bank34       000000
__Lbank35                                                     bank35       000000
__Lbank36                                                     bank36       000000
__Lbank5                                                      bank5        000000
__Lbank6                                                      bank6        000000
__Lbank7                                                      bank7        000000
__Lbank8                                                      bank8        000000
__Lbank9                                                      bank9        000000
__Lbigbss                                                     bigbss       000000
__Lbigdata                                                    bigdata      000000
__Lbigram                                                     bigram       000000
__Lbigsfr                                                     bigsfr       000000
__Lbss                                                        bss          000000
__LbssBANK5                                                   bssBANK5     000000
__LbssCOMRAM                                                  bssCOMRAM    000000
__Lcinit                                                      cinit        000000
__Lclrtext                                                    clrtext      000000
__Lcomram                                                     comram       000000
__Lconfig                                                     config       000000
__Lconst                                                      const        000000
__LcstackBANK5                                                cstackBANK5  000000
__LcstackCOMRAM                                               cstackCOMRAM 000000
__Ldata                                                       data         000000
__LdataBANK5                                                  dataBANK5    000000
__LdataBANK6                                                  dataBANK6    000000
__LdataCOMRAM                                                 dataCOMRAM   000000
__Leeprom_data                                                eeprom_data  000000
__Lfarbss                                                     farbss       000000
__Lfardata                                                    fardata      000000
__Lheap                                                       heap         000000
__Libigdata                                                   ibigdata     000000
__Lidata                                                      idata        000000
__LidataBANK5                                                 idataBANK5   000000
__LidataBANK6                                                 idataBANK6   000000
__LidataCOMRAM                                                idataCOMRAM  000000
__Lidloc                                                      idloc        000000
__Lifardata                                                   ifardata     000000
__Linit                                                       init         00001A
__Lintsave_regs                                               intsave_regs 000000
__Lirdata                                                     irdata       000000
__Livt0x8                                                     ivt0x8       000008
__Lmediumconst                                                mediumconst  00FDAE
__LnvBANK5                                                    nvBANK5      000000
__LnvCOMRAM                                                   nvCOMRAM     000000
__LnvFARRAM                                                   nvFARRAM     000000
__Lnvbit                                                      nvbit        000000
__Lnvrram                                                     nvrram       000000
__Lparam                                                      rparam       000000
__Lpowerup                                                    powerup      000000
__Lram                                                        ram          000000
__Lramtop                                                     ramtop       002600
__Lrbit                                                       rbit         000000
__Lrbss                                                       rbss         000000
__Lrdata                                                      rdata        000000
__Lreset_vec                                                  reset_vec    000000
__Lrparam                                                     rparam       000000
__Lsfr                                                        sfr          000000
__Lsmallconst                                                 smallconst   000000
__Lspace_0                                                    (abs)        000000
__Lspace_1                                                    (abs)        000000
__Lspace_2                                                    (abs)        000000
__Lspace_4                                                    (abs)        000000
__Lstack                                                      stack        000000
__Lstruct                                                     struct       000000
__Ltemp                                                       temp         000000
__Ltext                                                       text         000000
__Ltext0                                                      text0        000000
__Ltext1                                                      text1        000000
__Ltext10                                                     text10       000000
__Ltext11                                                     text11       000000
__Ltext12                                                     text12       000000
__Ltext13                                                     text13       000000
__Ltext14                                                     text14       000000
__Ltext15                                                     text15       000000
__Ltext16                                                     text16       000000
__Ltext17                                                     text17       000000
__Ltext18                                                     text18       000000
__Ltext19                                                     text19       000000
__Ltext2                                                      text2        000000
__Ltext20                                                     text20       000000
__Ltext21                                                     text21       000000
__Ltext22                                                     text22       000000
__Ltext23                                                     text23       000000
__Ltext24                                                     text24       000000
__Ltext25                                                     text25       000000
__Ltext26                                                     text26       000000
__Ltext27                                                     text27       000000
__Ltext28                                                     text28       000000
__Ltext29                                                     text29       000000
__Ltext3                                                      text3        000000
__Ltext30                                                     text30       000000
__Ltext31                                                     text31       000000
__Ltext32                                                     text32       000000
__Ltext33                                                     text33       000000
__Ltext34                                                     text34       000000
__Ltext35                                                     text35       000000
__Ltext36                                                     text36       000000
__Ltext37                                                     text37       000000
__Ltext38                                                     text38       000000
__Ltext39                                                     text39       000000
__Ltext4                                                      text4        000000
__Ltext40                                                     text40       000000
__Ltext41                                                     text41       000000
__Ltext42                                                     text42       000000
__Ltext43                                                     text43       000000
__Ltext44                                                     text44       000000
__Ltext45                                                     text45       000000
[...]
__ptext27                                                     text27       0113EC
__ptext28                                                     text28       011512
__ptext29                                                     text29       011176
__ptext3                                                      text3        010E60
__ptext30                                                     text30       011344
__ptext31                                                     text31       011202
__ptext32                                                     text32       010C68
__ptext33                                                     text33       0111A6
__ptext34                                                     text34       011076
__ptext35                                                     text35       0113BC
__ptext36                                                     text36       01122E
__ptext37                                                     text37       0113A2
__ptext38                                                     text38       011440
__ptext39                                                     text39       01156E
__ptext4                                                      text4        010EFC
__ptext40                                                     text40       011572
__ptext41                                                     text41       011552
__ptext42                                                     text42       011558
__ptext43                                                     text43       01155E
__ptext44                                                     text44       0112FA
__ptext45                                                     text45       01125A
__ptext46                                                     text46       01144E
__ptext47                                                     text47       0110AA
__ptext48                                                     text48       0113D4
__ptext49                                                     text49       010CD6
__ptext5                                                      text5        01024A
__ptext50                                                     text50       01145C
__ptext51                                                     text51       01146A
__ptext52                                                     text52       011478
__ptext53                                                     text53       010D3E
__ptext54                                                     text54       011486
__ptext55                                                     text55       011494
__ptext56                                                     text56       0114A2
__ptext57                                                     text57       010DA6
__ptext58                                                     text58       0114B0
__ptext59                                                     text59       0114BE
__ptext6                                                      text6        0109EC
__ptext60                                                     text60       0114CC
__ptext61                                                     text61       01074C
__ptext62                                                     text62       0114DA
__ptext63                                                     text63       010F88
__ptext64                                                     text64       0114E8
__ptext65                                                     text65       0114F6
__ptext66                                                     text66       011504
__ptext67                                                     text67       01142C
__ptext68                                                     text68       010AFC
__ptext69                                                     text69       0110DE
__ptext7                                                      text7        0112AC
__ptext70                                                     text70       01157E
__ptext71                                                     text71       010FC8
__ptext72                                                     text72       011580
__ptext73                                                     text73       010000
__ptext74                                                     text74       01151E
__ptext75                                                     text75       011528
__ptext76                                                     text76       011576
__ptext77                                                     text77       011532
__ptext78                                                     text78       01153C
__ptext79                                                     text79       01157A
__ptext8                                                      text8        010954
__ptext80                                                     text80       011402
__ptext81                                                     text81       011040
__ptext82                                                     text82       011582
__ptext83                                                     text83       011564
__ptext9                                                      text9        010BF6
__ramtop                                                      ramtop       002600
__smallconst                                                  smallconst   000000
_arm_fsm_update                                               text5        01024A
_arm_mode                                                     bssCOMRAM    000549
_arm_set_target                                               text4        010EFC
_boats                                                        bssBANK5     000560
_buf                                                          bssBANK5     000580
_calculateAngle                                               text10       011386
_counter                                                      bssCOMRAM    00054C
_current_state                                                bssCOMRAM    00054B
_disableMagnet                                                text14       01154C
_docking_positions                                            mediumconst  00FEAE
_enableMagnet                                                 text13       011546
_enablePWM                                                    text37       0113A2
_get_docking_servo_angles                                     text12       011418
_get_grid_servo_angles                                        text11       010EB0
_grid_angles                                                  mediumconst  00FDFA
_isrTim0                                                      text73       010000
_main                                                         text0        011006
_memcpy                                                       text3        010E60
_move_boat                                                    text8        010954
_move_servo_to_angles                                         text9        010BF6
_nRF24_IRQ_DefaultInterruptHandler                            text82       011582
_nRF24_IRQ_ISR                                                text81       011040
_nRF24_IRQ_InterruptHandler                                   nvBANK5      0005D7
_nRF24_IRQ_SetInterruptHandler                                text62       0114DA
_next_state                                                   bssCOMRAM    00054A
_nrf_flag                                                     bssCOMRAM    00054D
_nrf_irq                                                      text83       011564
_parse_robot_message                                          text2        010684
_process_fsm                                                  bssCOMRAM    000544
_return_boat_to_dock                                          text7        0112AC
_rf24_crclength                                               mediumconst  00FE90
_rf24_datarates                                               dataBANK5    0005B0
_rf24_pa_dbm                                                  dataBANK6    000600
_servoMovement                                                text6        0109EC
_servos                                                       bssBANK5     000570
_slave                                                        text1        010460
_spi1_configuration                                           mediumconst  00FDEB
_state_done                                                   dataCOMRAM   00054E
_target_boat                                                  bssCOMRAM    000548
_target_orientation                                           bssCOMRAM    000545
_target_x                                                     bssCOMRAM    000547
_target_y                                                     bssCOMRAM    000546
_tmr0PeriodCount                                              bssCOMRAM    000542
arm_fsm_update@F135                                           dataBANK5    0005AC
arm_fsm_update@F137                                           dataBANK5    0005A8
arm_fsm_update@F139                                           dataBANK5    0005A4
arm_fsm_update@F141                                           dataBANK5    0005A0
arm_fsm_update@angles                                         cstackCOMRAM 000532
arm_fsm_update@idle_angles                                    cstackCOMRAM 00052E
arm_fsm_update@middle1_angles                                 cstackCOMRAM 000522
arm_fsm_update@middle2_angles                                 cstackCOMRAM 000526
arm_fsm_update@middle2_angles_2515                            cstackCOMRAM 00052A
arm_set_target@boat_id                                        cstackCOMRAM 000513
arm_set_target@is_vertical                                    cstackCOMRAM 000511
arm_set_target@mode                                           cstackCOMRAM 000512
arm_set_target@x                                              cstackCOMRAM 00050F
arm_set_target@y                                              cstackCOMRAM 000510
calculateAngle@angleDeg                                       cstackCOMRAM 000513
end_of_initialization                                         cinit        010AF6
get_docking_servo_angles@boat_id                              cstackCOMRAM 000512
get_grid_servo_angles@x                                       cstackCOMRAM 000516
get_grid_servo_angles@y                                       cstackCOMRAM 00050F
intlevel0                                                     text         000000
intlevel1                                                     text         000000
intlevel2                                                     text         000000
intlevel3                                                     text         000000
isa$std                                                       (abs)        000001
isa$xinst                                                     (abs)        000000
isrTim0@i                                                     cstackCOMRAM 00050B
ivt0x8_base                                                   ivt0x8       000008
memcpy@d                                                      cstackCOMRAM 000516
memcpy@d1                                                     cstackCOMRAM 00050F
memcpy@n                                                      cstackCOMRAM 000513
memcpy@s                                                      cstackCOMRAM 000518
memcpy@s1                                                     cstackCOMRAM 000511
memcpy@tmp                                                    cstackCOMRAM 000515
move_boat@boat_id                                             cstackCOMRAM 00051F
move_boat@is_vertical                                         cstackCOMRAM 00051E
move_boat@x                                                   cstackCOMRAM 00051C
move_boat@y                                                   cstackCOMRAM 00051D
move_servo_to_angles@angles                                   cstackCOMRAM 000517
move_servo_to_angles@i                                        cstackCOMRAM 00051B
nRF24_IRQ_SetInterruptHandler@InterruptHandler                cstackCOMRAM 00050F
parse_robot_message@out                                       cstackCOMRAM 00051C
parse_robot_message@raw_data                                  cstackCOMRAM 00051A
return_boat_to_dock@boat_id                                   cstackCOMRAM 00050F
servoMovement@i                                               cstackCOMRAM 000517
slave@dev                                                     cstackBANK5  0005F7
slave@pvParameters                                            cstackCOMRAM 000534
slave@ret                                                     cstackBANK5  0005E9
slave@rob                                                     cstackBANK5  0005EB
stackhi                                                       (abs)        000000
stacklo                                                       (abs)        000000
start                                                         init         00001A
start_initialization                                          cinit        010A7E


MODULE INFORMATION

Module		Function		Class		Link	Load	Size
servo.c
		_disableMagnet 		CODE           	1154C	0000	6
		_isrTim0       		CODE           	10000	0000	586
		_enablePWM     		CODE           	113A2	0000	26
		_enableMagnet  		CODE           	11546	0000	6
		_move_servo_to_angles		CODE           	10BF6	0000	114
		_servoMovement 		CODE           	109EC	0000	146
		_calculateAngle		CODE           	11386	0000	28

servo.c estimated size: 912

mcc_generated_files/pwm/src/pwm3_16bit.c
		_PWM3_16BIT_Period_SetInterruptHandler		CODE           	11478	0000	14
		_PWM3_16BIT_Slice1Output1_SetInterruptHandler		CODE           	1146A	0000	14
		_PWM3_16BIT_Slice1Output2_SetInterruptHandler		CODE           	1145C	0000	14
		_PWM3_16BIT_Initialize		CODE           	10CD6	0000	104
		_PWM3_16BIT_LoadBufferRegisters		CODE           	11576	0000	4
		_PWM3_16BIT_SetSlice1Output1DutyCycleRegister		CODE           	11528	0000	10
		_PWM3_16BIT_SetSlice1Output2DutyCycleRegister		CODE           	1151E	0000	10

mcc_generated_files/pwm/src/pwm3_16bit.c estimated size: 170

message_parser.c
		_parse_robot_message		CODE           	10684	0000	200

message_parser.c estimated size: 200

mcc_generated_files/system/src/interrupt.c
		_INT0_SetInterruptHandler		CODE           	11504	0000	14
		_INT1_SetInterruptHandler		CODE           	114F6	0000	14
		_INT2_SetInterruptHandler		CODE           	114E8	0000	14
		_INTERRUPT_Initialize		CODE           	10F88	0000	64
		_INTERRUPT_InterruptManager		CODE           	10AFC	0000	126

mcc_generated_files/system/src/interrupt.c estimated size: 232

mcc_generated_files/pwm/src/pwm1_16bit.c
		_PWM1_16BIT_Disable		CODE           	1156A	0000	4
		_PWM1_16BIT_Period_SetInterruptHandler		CODE           	114CC	0000	14
		_PWM1_16BIT_Slice1Output1_SetInterruptHandler		CODE           	114BE	0000	14
		_PWM1_16BIT_Slice1Output2_SetInterruptHandler		CODE           	114B0	0000	14
		_PWM1_16BIT_Initialize		CODE           	10DA6	0000	104
		_PWM1_16BIT_Enable		CODE           	11572	0000	4

mcc_generated_files/pwm/src/pwm1_16bit.c estimated size: 154

mcc_generated_files/system/src/pins.c
		_PIN_MANAGER_Initialize		CODE           	1074C	0000	194
		_nRF24_IRQ_DefaultInterruptHandler		CODE           	11582	0000	2
		_nRF24_IRQ_ISR 		CODE           	11040	0000	54
		_nRF24_IRQ_SetInterruptHandler		CODE           	114DA	0000	14
		_PIN_MANAGER_IOC		CODE           	11402	0000	22

mcc_generated_files/system/src/pins.c estimated size: 286

mcc_generated_files/timer/src/delay.c
		_DELAY_milliseconds		CODE           	11176	0000	48
		_DELAY_microseconds		CODE           	10E0E	0000	82

mcc_generated_files/timer/src/delay.c estimated size: 130

shared
		_grid_angles   		MEDIUMCONST    	FDFA	0000	150
		_docking_positions		MEDIUMCONST    	FEAE	0000	16
		_rf24_crclength		MEDIUMCONST    	FE90	0000	30
		_Timer2        		MEDIUMCONST    	FDD9	0000	18
		__initialization		CODE           	10A7E	0000	120
		_SPI1_Host     		MEDIUMCONST    	FDAF	0000	42
		_spi1_configuration		MEDIUMCONST    	FDEB	0000	15

shared estimated size: 391

mirf.c
		_Nrf24_writeRegister		CODE           	11112	0000	50
		_Nrf24_dataReady		CODE           	112D4	0000	38
		_Nrf24_getStatus		CODE           	113EC	0000	22
		_SPI_write_buff		CODE           	10F44	0000	68
		_SPI_read_buff 		CODE           	11076	0000	52
		_Nrf24_powerUpRx		CODE           	11320	0000	36
		_Nrf24_setRetransmitDelay		CODE           	11202	0000	44
		_Nrf24_getData 		CODE           	11144	0000	50
		_Nrf24_configRegister		CODE           	113BC	0000	24
		_Nrf24_SetSpeedDataRates		CODE           	10C68	0000	110
		_Nrf24_readRegister		CODE           	111A6	0000	48
		_Nrf24_config  		CODE           	10B7A	0000	124
		_Nrf24_init    		CODE           	111D6	0000	44
		_Nrf24_flushRx 		CODE           	11512	0000	12
		_Nrf24_setRADDR		CODE           	108BA	0000	154
		_Nrf24_setTADDR		CODE           	1080E	0000	172

mirf.c estimated size: 1048

grid_lookup.c
		_get_grid_servo_angles		CODE           	10EB0	0000	76

grid_lookup.c estimated size: 76

arm_fsm.c
		_arm_set_target		CODE           	10EFC	0000	72
		_arm_fsm_update		CODE           	1024A	0000	534

arm_fsm.c estimated size: 606

mcc_generated_files/timer/src/tmr2.c
		_TMR2_ISR      		CODE           	110DE	0000	52
		_TMR2_Initialize		CODE           	1125A	0000	42
		_TMR2_Stop     		CODE           	11552	0000	6
		_TMR2_Start    		CODE           	11558	0000	6
		_TMR2_OverflowCallbackRegister		CODE           	1144E	0000	14
		_TMR2_DefaultOverflowCallback		CODE           	1157E	0000	2

mcc_generated_files/timer/src/tmr2.c estimated size: 122

mcc_generated_files/system/src/clock.c
		_CLOCK_Initialize		CODE           	1142C	0000	20

mcc_generated_files/system/src/clock.c estimated size: 20

mcc_generated_files/timer/src/tmr0.c
		_TMR0_DefaultCallback		CODE           	11580	0000	2
		_TMR0_OverflowCallbackRegister		CODE           	11440	0000	14
		_TMR0_ISR      		CODE           	10FC8	0000	62
		_TMR0_Initialize		CODE           	110AA	0000	52
		_TMR0_Stop     		CODE           	1155E	0000	6

mcc_generated_files/timer/src/tmr0.c estimated size: 136

main.c
		_nrf_irq       		CODE           	11564	0000	6
		_main          		CODE           	11006	0000	58
		_slave         		CODE           	10460	0000	346
		_AdvancedSettings		CODE           	11344	0000	34

main.c estimated size: 444

mcc_generated_files/pwm/src/pwm2_16bit.c
		_PWM2_16BIT_Period_SetInterruptHandler		CODE           	114A2	0000	14
		_PWM2_16BIT_Slice1Output1_SetInterruptHandler		CODE           	11494	0000	14
		_PWM2_16BIT_Slice1Output2_SetInterruptHandler		CODE           	11486	0000	14
		_PWM2_16BIT_Initialize		CODE           	10D3E	0000	104
		_PWM2_16BIT_LoadBufferRegisters		CODE           	1157A	0000	4
		_PWM2_16BIT_SetSlice1Output1DutyCycleRegister		CODE           	1153C	0000	10
		_PWM2_16BIT_SetSlice1Output2DutyCycleRegister		CODE           	11532	0000	10
		_PWM2_16BIT_Enable		CODE           	1156E	0000	4

mcc_generated_files/pwm/src/pwm2_16bit.c estimated size: 174

/Applications/microchip/xc8/v2.50/pic/sources/c99/common/memcpy.c
		_memcpy        		CODE           	10E60	0000	80

/Applications/microchip/xc8/v2.50/pic/sources/c99/common/memcpy.c estimated size: 80

boat_control.c
		_return_boat_to_dock		CODE           	112AC	0000	40
		_get_docking_servo_angles		CODE           	11418	0000	20
		_move_boat     		CODE           	10954	0000	152

boat_control.c estimated size: 212

mcc_generated_files/system/src/system.c
		_SYSTEM_Initialize		CODE           	112FA	0000	38

mcc_generated_files/system/src/system.c estimated size: 38

mcc_generated_files/spi/src/spi1.c
		_SPI1_ByteExchange		CODE           	1122E	0000	44
		_SPI1_Open     		CODE           	105BA	0000	202
		_SPI1_Initialize		CODE           	113D4	0000	24

mcc_generated_files/spi/src/spi1.c estimated size: 270

