Microchip MPLAB XC8 Compiler V2.50

Linker command line:

-W-3 --edf=/opt/microchip/xc8/v2.50/pic/dat/20240725155939_en.msgs \
  -pivt0x8=08h -cn -h+dist/default/production/robot_arm_nrf.production.sym \
  --cmf=dist/default/production/robot_arm_nrf.production.cmf -z -Q18F57Q43 \
  -o/tmp/xcXgdjMOI/driver_tmp_3.o --defsym=__MPLAB_BUILD=1 \
  --fixupoverflow=error \
  -Mdist/default/production/robot_arm_nrf.production.map \
  --md=/tmp/xcXgdjMOI/driver_tmp_0.dat -E1 -ver=XC8 Compiler --acfsm=1493 \
  -ACODE=00h-01FFFFh -ACONST=00h-01FFFFh -ASMALLCONST=02600h-026FFhx474 \
  -AMEDIUMCONST=02600h-0FFFFh,012600h-01FFFFh -ACOMRAM=0501h-055Fh \
  -AABS1=0500h-024FFh -ABIGRAM=0501h-024FFh \
  -ARAM=0560h-05FFh,0600h-06FFhx31 -ABANK5=0560h-05FFh -ABANK6=0600h-06FFh \
  -ABANK7=0700h-07FFh -ABANK8=0800h-08FFh -ABANK9=0900h-09FFh \
  -ABANK10=0A00h-0AFFh -ABANK11=0B00h-0BFFh -ABANK12=0C00h-0CFFh \
  -ABANK13=0D00h-0DFFh -ABANK14=0E00h-0EFFh -ABANK15=0F00h-0FFFh \
  -ABANK16=01000h-010FFh -ABANK17=01100h-011FFh -ABANK18=01200h-012FFh \
  -ABANK19=01300h-013FFh -ABANK20=01400h-014FFh -ABANK21=01500h-015FFh \
  -ABANK22=01600h-016FFh -ABANK23=01700h-017FFh -ABANK24=01800h-018FFh \
  -ABANK25=01900h-019FFh -ABANK26=01A00h-01AFFh -ABANK27=01B00h-01BFFh \
  -ABANK28=01C00h-01CFFh -ABANK29=01D00h-01DFFh -ABANK30=01E00h-01EFFh \
  -ABANK31=01F00h-01FFFh -ABANK32=02000h-020FFh -ABANK33=02100h-021FFh \
  -ABANK34=02200h-022FFh -ABANK35=02300h-023FFh -ABANK36=02400h-024FFh \
  -ASFR=00h-0FFhx4,0400h-045Fh,0460h-04FFh,02500h-025FFh \
  -ABIGSFR=00h-04FFh,02500h-025FFh -ACONFIG=0300000h-0300011h \
  -AIDLOC=0200000h-020003Fh -AEEDATA=0380000h-03803FFh -peeprom_data=EEDATA \
  -preset_vec=00h -ppowerup=CODE,init -pramtop=02600h \
  -psmallconst=SMALLCONST -pmediumconst=MEDIUMCONST -pconst=CONST \
  -AFARRAM=00h-00h \
  -prdata=COMRAM,nvrram=COMRAM,nvbit=COMRAM,rbss=COMRAM,rbit=COMRAM \
  -pfarbss=FARRAM,fardata=FARRAM,nvFARRAM=FARRAM \
  -pintsave_regs=BIGRAM,bigbss=BIGRAM,bigdata=BIGRAM -pbss=RAM \
  -pidata=CODE,irdata=CODE,ibigdata=CODE,ifardata=CODE -prparam=COMRAM \
  /tmp/xcXgdjMOI/driver_tmp_9.o \
  dist/default/production/robot_arm_nrf.production.o 

Object code version is 3.11

Machine type is 18F57Q43



                Name                               Link     Load   Length Selector   Space Scale
/tmp/xcXgdjMOI/driver_tmp_9.o
                config                           300000   300000        A        0       4
                init                                 1A       1A        4        4       0
                reset_vec                             0        0        4        0       0
dist/default/production/robot_arm_nrf.production.o
                config                           300000   300000        A        0       4
                mediumconst                        FD08     FD08      2F8     7E84       0
                ivt0x8                                8        8       12        4       0
                text95                            11BD0    11BD0        8     8000       0
                text94                            11C26    11C26        2     8000       0
                text93                            1167C    1167C       36     8000       0
                text92                            11A66    11A66       16     8000       0
                text91                            11C02    11C02        6     8000       0
                text90                            11BBE    11BBE        A     8000       0
                text89                            11C24    11C24        2     8000       0
                text88                            1163E    1163E       3E     8000       0
                text87                            11C1C    11C1C        4     8000       0
                text86                            11BB4    11BB4        A     8000       0
                text85                            11BAA    11BAA        A     8000       0
                text84                            11C18    11C18        4     8000       0
                text83                            11BA0    11BA0        A     8000       0
                text82                            11B96    11B96        A     8000       0
                text81                            104E6    104E6      24A     8000       0
                text80                            11C22    11C22        2     8000       0
                text79                            11992    11992       20     8000       0
                text78                            110A8    110A8       7E     8000       0
                text77                            11AA4    11AA4       14     8000       0
                text76                            11B7C    11B7C        E     8000       0
                text75                            11B6E    11B6E        E     8000       0
                text74                            11B60    11B60        E     8000       0
                text73                            115FE    115FE       40     8000       0
                text72                            11B52    11B52        E     8000       0
                text71                            10D7E    10D7E       C2     8000       0
                text70                            11B44    11B44        E     8000       0
                text69                            11B36    11B36        E     8000       0
                text68                            11B28    11B28        E     8000       0
                text67                            113C4    113C4       68     8000       0
                text66                            11B1A    11B1A        E     8000       0
                text65                            11B0C    11B0C        E     8000       0
                text64                            11AFE    11AFE        E     8000       0
                text63                            1135C    1135C       68     8000       0
                text62                            11AF0    11AF0        E     8000       0
                text61                            11AE2    11AE2        E     8000       0
                text60                            11AD4    11AD4        E     8000       0
                text59                            112F4    112F4       68     8000       0
                text58                            11A38    11A38       18     8000       0
                text57                            116E6    116E6       34     8000       0
                text56                            11AC6    11AC6        E     8000       0
                text55                            11894    11894       2A     8000       0
                text54                            118E4    118E4       26     8000       0
                text53                            11BFC    11BFC        6     8000       0
                text52                            11BF6    11BF6        6     8000       0
                text51                            11868    11868       2C     8000       0
                text50                            11A20    11A20       18     8000       0
                text49                            116B2    116B2       34     8000       0
                text48                            117E0    117E0       30     8000       0
                text47                            11286    11286       6E     8000       0
                text46                            1183C    1183C       2C     8000       0
                text45                            11950    11950       22     8000       0
                text44                            117B0    117B0       30     8000       0
                text43                            11B8A    11B8A        C     8000       0
                text42                            11A50    11A50       16     8000       0
                text41                            1190A    1190A       24     8000       0
                text40                            11126    11126       7C     8000       0
                text39                            118BE    118BE       26     8000       0
                text38                            1177E    1177E       32     8000       0
                text37                            10BEC    10BEC       CA     8000       0
                text36                            11810    11810       2C     8000       0
                text35                            11484    11484       52     8000       0
                text34                            115BA    115BA       44     8000       0
                text33                            1174C    1174C       32     8000       0
                text32                            10EEC    10EEC       9A     8000       0
                text31                            10E40    10E40       AC     8000       0
                text30                            11BF0    11BF0        6     8000       0
                text29                            11AB8    11AB8        E     8000       0
                text28                            119EA    119EA       1C     8000       0
                text27                            11214    11214       72     8000       0
                text26                            1192E    1192E       22     8000       0
                text25                            11BEA    11BEA        6     8000       0
                text24                            11C14    11C14        4     8000       0
                text23                            11BE4    11BE4        6     8000       0
                text22                            11C10    11C10        4     8000       0
                text21                            11BDE    11BDE        6     8000       0
                text20                            119CE    119CE       1C     8000       0
                text19                            109D0    109D0      126     8000       0
                text18                            108AA    108AA      126     8000       0
                text17                            10CB6    10CB6       C8     8000       0
                text16                            11A90    11A90       14     8000       0
                text15                            11A7C    11A7C       14     8000       0
                text14                            11526    11526       4C     8000       0
                text13                            111A2    111A2       72     8000       0
                text12                            1142C    1142C       58     8000       0
                text11                            10F86    10F86       92     8000       0
                text10                            11BD8    11BD8        6     8000       0
                text9                             11BC8    11BC8        8     8000       0
                text8                             10000    10000      4E6     8000       0
                text7                             11572    11572       48     8000       0
                text6                             11C0C    11C0C        4     8000       0
                text5                             11C08    11C08        4     8000       0
                text4                             11A06    11A06       1A     8000       0
                text3                             114D6    114D6       50     8000       0
                text2                             10AF6    10AF6       F6     8000       0
                text1                             10730    10730      17A     8000       0
                text0                             1171A    1171A       32     8000       0
                cstackCOMRAM                        501      501       3C      501       1
                cstackBANK6                         600      600       30      600       1
                dataBANK6                           650      650       20      600       1
                bssBANK6                            630      630       20      600       1
                dataBANK5                           5BE      5BE       1C      560       1
                bssBANK5                            560      560       31      560       1
                dataCOMRAM                          548      548        2      501       1
                bssCOMRAM                           53D      53D        B      501       1
                cinit                             11018    11018       90     8000       0
                nvBANK5                             591      591       2D      560       1
                idataBANK6                        11972    11972       20     8000       0
                idataBANK5                        119B2    119B2       1C     8000       0
                idataCOMRAM                       11C20    11C20        2     8000       0

TOTAL           Name                               Link     Load   Length     Space
        CLASS   CODE           
                init                                 1A       1A        4         0
                reset_vec                             0        0        4         0
                ivt0x8                                8        8       12         0
                text95                            11BD0    11BD0        8         0
                text94                            11C26    11C26        2         0
                text93                            1167C    1167C       36         0
                text92                            11A66    11A66       16         0
                text91                            11C02    11C02        6         0
                text90                            11BBE    11BBE        A         0
                text89                            11C24    11C24        2         0
                text88                            1163E    1163E       3E         0
                text87                            11C1C    11C1C        4         0
                text86                            11BB4    11BB4        A         0
                text85                            11BAA    11BAA        A         0
                text84                            11C18    11C18        4         0
                text83                            11BA0    11BA0        A         0
                text82                            11B96    11B96        A         0
                text81                            104E6    104E6      24A         0
                text80                            11C22    11C22        2         0
                text79                            11992    11992       20         0
                text78                            110A8    110A8       7E         0
                text77                            11AA4    11AA4       14         0
                text76                            11B7C    11B7C        E         0
                text75                            11B6E    11B6E        E         0
                text74                            11B60    11B60        E         0
                text73                            115FE    115FE       40         0
                text72                            11B52    11B52        E         0
                text71                            10D7E    10D7E       C2         0
                text70                            11B44    11B44        E         0
                text69                            11B36    11B36        E         0
                text68                            11B28    11B28        E         0
                text67                            113C4    113C4       68         0
                text66                            11B1A    11B1A        E         0
                text65                            11B0C    11B0C        E         0
                text64                            11AFE    11AFE        E         0
                text63                            1135C    1135C       68         0
                text62                            11AF0    11AF0        E         0
                text61                            11AE2    11AE2        E         0
                text60                            11AD4    11AD4        E         0
                text59                            112F4    112F4       68         0
                text58                            11A38    11A38       18         0
                text57                            116E6    116E6       34         0
                text56                            11AC6    11AC6        E         0
                text55                            11894    11894       2A         0
                text54                            118E4    118E4       26         0
                text53                            11BFC    11BFC        6         0
                text52                            11BF6    11BF6        6         0
                text51                            11868    11868       2C         0
                text50                            11A20    11A20       18         0
                text49                            116B2    116B2       34         0
                text48                            117E0    117E0       30         0
                text47                            11286    11286       6E         0
                text46                            1183C    1183C       2C         0
                text45                            11950    11950       22         0
                text44                            117B0    117B0       30         0
                text43                            11B8A    11B8A        C         0
                text42                            11A50    11A50       16         0
                text41                            1190A    1190A       24         0
                text40                            11126    11126       7C         0
                text39                            118BE    118BE       26         0
                text38                            1177E    1177E       32         0
                text37                            10BEC    10BEC       CA         0
                text36                            11810    11810       2C         0
                text35                            11484    11484       52         0
                text34                            115BA    115BA       44         0
                text33                            1174C    1174C       32         0
                text32                            10EEC    10EEC       9A         0
                text31                            10E40    10E40       AC         0
                text30                            11BF0    11BF0        6         0
                text29                            11AB8    11AB8        E         0
                text28                            119EA    119EA       1C         0
                text27                            11214    11214       72         0
                text26                            1192E    1192E       22         0
                text25                            11BEA    11BEA        6         0
                text24                            11C14    11C14        4         0
                text23                            11BE4    11BE4        6         0
                text22                            11C10    11C10        4         0
                text21                            11BDE    11BDE        6         0
                text20                            119CE    119CE       1C         0
                text19                            109D0    109D0      126         0
                text18                            108AA    108AA      126         0
                text17                            10CB6    10CB6       C8         0
                text16                            11A90    11A90       14         0
                text15                            11A7C    11A7C       14         0
                text14                            11526    11526       4C         0
                text13                            111A2    111A2       72         0
                text12                            1142C    1142C       58         0
                text11                            10F86    10F86       92         0
                text10                            11BD8    11BD8        6         0
                text9                             11BC8    11BC8        8         0
                text8                             10000    10000      4E6         0
                text7                             11572    11572       48         0
                text6                             11C0C    11C0C        4         0
                text5                             11C08    11C08        4         0
                text4                             11A06    11A06       1A         0
                text3                             114D6    114D6       50         0
                text2                             10AF6    10AF6       F6         0
                text1                             10730    10730      17A         0
                text0                             1171A    1171A       32         0
                cinit                             11018    11018       90         0
                idataBANK6                        11972    11972       20         0
                idataBANK5                        119B2    119B2       1C         0
                idataCOMRAM                       11C20    11C20        2         0

        CLASS   CONST          

        CLASS   SMALLCONST     

        CLASS   MEDIUMCONST    
                mediumconst                        FD08     FD08      2F8         0

        CLASS   COMRAM         
                cstackCOMRAM                        501      501       3C         1
                dataCOMRAM                          548      548        2         1
                bssCOMRAM                           53D      53D        B         1

        CLASS   ABS1           

        CLASS   BIGRAM         

        CLASS   RAM            

        CLASS   BANK5          
                dataBANK5                           5BE      5BE       1C         1
                bssBANK5                            560      560       31         1
                nvBANK5                             591      591       2D         1

        CLASS   BANK6          
                cstackBANK6                         600      600       30         1
                dataBANK6                           650      650       20         1
                bssBANK6                            630      630       20         1

        CLASS   BANK7          

        CLASS   BANK8          

        CLASS   BANK9          

        CLASS   BANK10         

        CLASS   BANK11         

        CLASS   BANK12         

        CLASS   BANK13         

        CLASS   BANK14         

        CLASS   BANK15         

        CLASS   BANK16         

        CLASS   BANK17         

        CLASS   BANK18         

        CLASS   BANK19         

        CLASS   BANK20         

        CLASS   BANK21         

        CLASS   BANK22         

        CLASS   BANK23         

        CLASS   BANK24         

        CLASS   BANK25         

        CLASS   BANK26         

        CLASS   BANK27         

        CLASS   BANK28         

        CLASS   BANK29         

        CLASS   BANK30         

        CLASS   BANK31         

        CLASS   BANK32         

        CLASS   BANK33         

        CLASS   BANK34         

        CLASS   BANK35         

        CLASS   BANK36         

        CLASS   SFR            

        CLASS   BIGSFR         

        CLASS   CONFIG         
                config                           300000   300000        A         4

        CLASS   IDLOC          

        CLASS   EEDATA         

        CLASS   FARRAM         

        CLASS   HEAP           

        CLASS   STACK          



SEGMENTS        Name                           Load    Length   Top    Selector   Space  Class

                reset_vec                      000000  000004  000004         0       0  CODE    
                text8                          010000  001C28  011C28      8000       0  CODE    
                ivt0x8                         000008  000016  00001E         4       0  CODE    
                cstackBANK6                    000600  000070  000670       600       1  BANK6   
                bssBANK5                       000560  00007A  0005DA       560       1  BANK5   
                mediumconst                    00FD08  0002F8  010000      7E84       0  MEDIUMCO
                cstackCOMRAM                   000501  000049  00054A       501       1  COMRAM  


UNUSED ADDRESS RANGES

        Name                Unused          Largest block    Delta
        BANK10           000A00-000AFF              100
        BANK11           000B00-000BFF              100
        BANK12           000C00-000CFF              100
        BANK13           000D00-000DFF              100
        BANK14           000E00-000EFF              100
        BANK15           000F00-000FFF              100
        BANK16           001000-0010FF              100
        BANK17           001100-0011FF              100
        BANK18           001200-0012FF              100
        BANK19           001300-0013FF              100
        BANK20           001400-0014FF              100
        BANK21           001500-0015FF              100
        BANK22           001600-0016FF              100
        BANK23           001700-0017FF              100
        BANK24           001800-0018FF              100
        BANK25           001900-0019FF              100
        BANK26           001A00-001AFF              100
        BANK27           001B00-001BFF              100
        BANK28           001C00-001CFF              100
        BANK29           001D00-001DFF              100
        BANK30           001E00-001EFF              100
        BANK31           001F00-001FFF              100
        BANK32           002000-0020FF              100
        BANK33           002100-0021FF              100
        BANK34           002200-0022FF              100
        BANK35           002300-0023FF              100
        BANK36           002400-0024FF              100
        BANK5            0005DA-0005FF               26
        BANK6            000670-0006FF               90
        BANK7            000700-0007FF              100
        BANK8            000800-0008FF              100
        BANK9            000900-0009FF              100
        BIGRAM           00054A-00055F               16
                         0005DA-0005FF               26
                         000670-0024FF             1E90
        BIGSFR           000000-0004FF              500
                         002500-0025FF              100
        CODE             000004-000007                4
                         00001E-00FD07             FCEA
                         011C28-01FFFF             E3D8
        COMRAM           00054A-00055F               16
        CONFIG           30000A-300011                8
        CONST            000004-000007                4
                         00001E-00FD07             FCEA
                         011C28-01FFFF             E3D8
        EEDATA           380000-3803FF              400
        IDLOC            200000-20003F               40
        MEDIUMCONST      002600-00FD07             D708
                         012600-01FFFF             DA00
        RAM              0005DA-0005FF               26
                         000670-0024FF              100
        SFR              000000-0004FF              100
                         002500-0025FF              100
        SMALLCONST       002600-00FD07              100
                         011C28-01FFFF              100

                                  Symbol Table

?_Nrf24_setRADDR                                              cstackCOMRAM 000519
?_Nrf24_setTADDR                                              cstackCOMRAM 000519
?_calculateAngle                                              cstackCOMRAM 00050F
?_getAngle                                                    cstackCOMRAM 00050F
?_get_docking_servo_angles                                    cstackCOMRAM 00050F
?_get_docking_servo_angles_up                                 cstackCOMRAM 00050F
?_get_grid_servo_angles                                       cstackCOMRAM 00050F
AdvancedSettings@dev                                          cstackCOMRAM 00051D
DELAY_microseconds@microseconds                               cstackCOMRAM 00050F
DELAY_milliseconds@milliseconds                               cstackCOMRAM 00050F
INT0_SetInterruptHandler@InterruptHandler                     cstackCOMRAM 00050F
INT1_SetInterruptHandler@InterruptHandler                     cstackCOMRAM 00050F
INT2_SetInterruptHandler@InterruptHandler                     cstackCOMRAM 00050F
IVTBASEH                                                      (abs)        00045E
IVTBASEL                                                      (abs)        00045D
IVTBASEU                                                      (abs)        00045F
Nrf24_SetSpeedDataRates@dev                                   cstackCOMRAM 000519
Nrf24_SetSpeedDataRates@val                                   cstackCOMRAM 00051B
Nrf24_SetSpeedDataRates@value                                 cstackCOMRAM 00051C
Nrf24_config@channel                                          cstackCOMRAM 00051E
Nrf24_config@dev                                              cstackCOMRAM 00051C
Nrf24_config@payload                                          cstackCOMRAM 00051F
Nrf24_configRegister@reg                                      cstackCOMRAM 000512
Nrf24_configRegister@value                                    cstackCOMRAM 000511
Nrf24_dataReady@dev                                           cstackCOMRAM 00051C
Nrf24_dataReady@status                                        cstackCOMRAM 00051E
Nrf24_flushRx@dev                                             cstackCOMRAM 000511
Nrf24_getData@data                                            cstackCOMRAM 000517
Nrf24_getData@dev                                             cstackCOMRAM 000515
Nrf24_getStatus@dev                                           cstackCOMRAM 000519
Nrf24_getStatus@rv                                            cstackCOMRAM 00051B
Nrf24_init@dev                                                cstackCOMRAM 000510
Nrf24_powerUpRx@dev                                           cstackCOMRAM 000513
Nrf24_readRegister@len                                        cstackCOMRAM 000517
Nrf24_readRegister@reg                                        cstackCOMRAM 000518
Nrf24_readRegister@value                                      cstackCOMRAM 000515
Nrf24_setRADDR@adr                                            cstackCOMRAM 00051B
Nrf24_setRADDR@buffer                                         cstackCOMRAM 000520
Nrf24_setRADDR@dev                                            cstackCOMRAM 000519
Nrf24_setRADDR@i                                              cstackCOMRAM 000527
Nrf24_setRADDR@ret                                            cstackCOMRAM 000525
Nrf24_setRetransmitDelay@dev                                  cstackCOMRAM 000519
Nrf24_setRetransmitDelay@val                                  cstackCOMRAM 00051B
Nrf24_setRetransmitDelay@value                                cstackCOMRAM 00051C
Nrf24_setTADDR@adr                                            cstackCOMRAM 00051B
Nrf24_setTADDR@buffer                                         cstackCOMRAM 000520
Nrf24_setTADDR@dev                                            cstackCOMRAM 000519
Nrf24_setTADDR@i                                              cstackCOMRAM 000527
Nrf24_setTADDR@ret                                            cstackCOMRAM 000525
Nrf24_writeRegister@len                                       cstackCOMRAM 000517
Nrf24_writeRegister@reg                                       cstackCOMRAM 000518
Nrf24_writeRegister@value                                     cstackCOMRAM 000515
PWM1_16BIT_Period_SetInterruptHandler@InterruptHandler        cstackCOMRAM 00050F
PWM1_16BIT_Slice1Output1_SetInterruptHandler@InterruptHandler cstackCOMRAM 00050F
PWM1_16BIT_Slice1Output2_SetInterruptHandler@InterruptHandler cstackCOMRAM 00050F
PWM2_16BIT_Period_SetInterruptHandler@InterruptHandler        cstackCOMRAM 00050F
PWM2_16BIT_SetSlice1Output1DutyCycleRegister@registerValue    cstackCOMRAM 000501
PWM2_16BIT_SetSlice1Output2DutyCycleRegister@registerValue    cstackCOMRAM 000501
PWM2_16BIT_Slice1Output1_SetInterruptHandler@InterruptHandler cstackCOMRAM 00050F
PWM2_16BIT_Slice1Output2_SetInterruptHandler@InterruptHandler cstackCOMRAM 00050F
PWM3_16BIT_Period_SetInterruptHandler@InterruptHandler        cstackCOMRAM 00050F
PWM3_16BIT_SetSlice1Output1DutyCycleRegister@registerValue    cstackCOMRAM 000501
PWM3_16BIT_SetSlice1Output2DutyCycleRegister@registerValue    cstackCOMRAM 000501
PWM3_16BIT_Slice1Output1_SetInterruptHandler@InterruptHandler cstackCOMRAM 00050F
PWM3_16BIT_Slice1Output2_SetInterruptHandler@InterruptHandler cstackCOMRAM 00050F
SPI1_ByteExchange@byteData                                    cstackCOMRAM 00050F
SPI1_ByteExchange@returnValue                                 cstackCOMRAM 000510
SPI1_Open@spiConfigIndex                                      cstackCOMRAM 00050F
SPI_read_buff@buffer                                          cstackCOMRAM 000511
SPI_read_buff@bytes                                           cstackCOMRAM 000513
SPI_read_buff@i                                               cstackCOMRAM 000514
SPI_write_buff@buffer                                         cstackCOMRAM 000511
SPI_write_buff@bytes                                          cstackCOMRAM 000513
SPI_write_buff@i                                              cstackCOMRAM 000514
TMR0_OverflowCallbackRegister@callbackHandler                 cstackCOMRAM 00050F
TMR2_OverflowCallbackRegister@InterruptHandler                cstackCOMRAM 00050F
TMR2_PeriodCountSet@periodVal                                 cstackCOMRAM 00050F
_ACTCON                                                       (abs)        0000AC
_ANSELA                                                       (abs)        000400
_ANSELB                                                       (abs)        000408
_ANSELC                                                       (abs)        000410
_ANSELD                                                       (abs)        000418
_ANSELE                                                       (abs)        000420
_ANSELF                                                       (abs)        000428
_AdvancedSettings                                             text45       011950
_CLOCK_Initialize                                             text77       011AA4
_DELAY_microseconds                                           text35       011484
_DELAY_milliseconds                                           text44       0117B0
_INLVLA                                                       (abs)        000404
_INLVLB                                                       (abs)        00040C
_INLVLC                                                       (abs)        000414
_INLVLD                                                       (abs)        00041C
_INLVLE                                                       (abs)        000424
_INLVLF                                                       (abs)        00042C
_INT0_DefaultInterruptHandler                                 (abs)        000000
_INT0_InterruptHandler                                        nvBANK5      00059D
_INT0_SetInterruptHandler                                     text76       011B7C
_INT1_DefaultInterruptHandler                                 (abs)        000000
_INT1_InterruptHandler                                        nvBANK5      00059A
_INT1_SetInterruptHandler                                     text75       011B6E
_INT2_DefaultInterruptHandler                                 (abs)        000000
_INT2_InterruptHandler                                        nvBANK5      000597
_INT2_SetInterruptHandler                                     text74       011B60
_INTCON0bits                                                  (abs)        0004D6
_INTERRUPT_Initialize                                         text73       0115FE
_INTERRUPT_InterruptManager                                   text78       0110A8
_IOCAF                                                        (abs)        000407
_IOCAN                                                        (abs)        000406
_IOCAP                                                        (abs)        000405
_IOCBF                                                        (abs)        00040F
_IOCBN                                                        (abs)        00040E
_IOCBP                                                        (abs)        00040D
_IOCCF                                                        (abs)        000417
_IOCCFbits                                                    (abs)        000417
_IOCCN                                                        (abs)        000416
_IOCCP                                                        (abs)        000415
_IOCEF                                                        (abs)        000427
_IOCEN                                                        (abs)        000426
_IOCEP                                                        (abs)        000425
_LATA                                                         (abs)        0004BE
_LATB                                                         (abs)        0004BF
_LATC                                                         (abs)        0004C0
_LATCbits                                                     (abs)        0004C0
_LATD                                                         (abs)        0004C1
_LATE                                                         (abs)        0004C2
_LATF                                                         (abs)        0004C3
_Nrf24_SetSpeedDataRates                                      text47       011286
_Nrf24_config                                                 text40       011126
_Nrf24_configRegister                                         text50       011A20
_Nrf24_dataReady                                              text39       0118BE
_Nrf24_flushRx                                                text43       011B8A
_Nrf24_getData                                                text38       01177E
_Nrf24_getStatus                                              text42       011A50
_Nrf24_init                                                   text36       011810
_Nrf24_powerUpRx                                              text41       01190A
_Nrf24_readRegister                                           text48       0117E0
_Nrf24_setRADDR                                               text32       010EEC
_Nrf24_setRetransmitDelay                                     text46       01183C
_Nrf24_setTADDR                                               text31       010E40
_Nrf24_writeRegister                                          text33       01174C
_ODCONA                                                       (abs)        000402
_ODCONB                                                       (abs)        00040A
_ODCONC                                                       (abs)        000412
_ODCOND                                                       (abs)        00041A
_ODCONE                                                       (abs)        000422
_ODCONF                                                       (abs)        00042A
_OSCCON1                                                      (abs)        0000AD
_OSCCON3                                                      (abs)        0000AF
_OSCEN                                                        (abs)        0000B3
_OSCFRQ                                                       (abs)        0000B1
_OSCTUNE                                                      (abs)        0000B0
_PIE0bits                                                     (abs)        00049E
_PIE3bits                                                     (abs)        0004A1
_PIE4bits                                                     (abs)        0004A2
_PIE5bits                                                     (abs)        0004A3
_PIE7bits                                                     (abs)        0004A5
_PIN_MANAGER_IOC                                              text92       011A66
_PIN_MANAGER_Initialize                                       text71       010D7E
_PIR0bits                                                     (abs)        0004AE
_PIR10bits                                                    (abs)        0004B8
_PIR1bits                                                     (abs)        0004AF
_PIR3bits                                                     (abs)        0004B1
_PIR4bits                                                     (abs)        0004B2
_PIR5bits                                                     (abs)        0004B3
_PIR6bits                                                     (abs)        0004B4
_PIR7bits                                                     (abs)        0004B5
_PR2                                                          (abs)        000323
_PWM1CLK                                                      (abs)        000461
_PWM1CON                                                      (abs)        000469
_PWM1CONbits                                                  (abs)        000469
_PWM1CPRE                                                     (abs)        000465
_PWM1ERS                                                      (abs)        000460
_PWM1GIE                                                      (abs)        000468
_PWM1GIEbits                                                  (abs)        000468
_PWM1GIR                                                      (abs)        000467
_PWM1GIRbits                                                  (abs)        000467
_PWM1LDS                                                      (abs)        000462
_PWM1PIPOS                                                    (abs)        000466
_PWM1PRH                                                      (abs)        000464
_PWM1PRL                                                      (abs)        000463
_PWM1S1CFG                                                    (abs)        00046A
_PWM1S1P1H                                                    (abs)        00046C
_PWM1S1P1L                                                    (abs)        00046B
_PWM1S1P2H                                                    (abs)        00046E
_PWM1S1P2L                                                    (abs)        00046D
_PWM1_16BIT_Disable                                           text24       011C14
_PWM1_16BIT_Enable                                            text22       011C10
_PWM1_16BIT_Initialize                                        text67       0113C4
_PWM1_16BIT_Period_DefaultInterruptHandler                    (abs)        000000
_PWM1_16BIT_Period_InterruptHandler                           nvBANK5      0005B5
_PWM1_16BIT_Period_SetInterruptHandler                        text70       011B44
_PWM1_16BIT_Slice1Output1_DefaultInterruptHandler             (abs)        000000
_PWM1_16BIT_Slice1Output1_InterruptHandler                    nvBANK5      0005BB
_PWM1_16BIT_Slice1Output1_SetInterruptHandler                 text69       011B36
_PWM1_16BIT_Slice1Output2_DefaultInterruptHandler             (abs)        000000
_PWM1_16BIT_Slice1Output2_InterruptHandler                    nvBANK5      0005B8
_PWM1_16BIT_Slice1Output2_SetInterruptHandler                 text68       011B28
_PWM2CLK                                                      (abs)        000470
_PWM2CON                                                      (abs)        000478
_PWM2CONbits                                                  (abs)        000478
_PWM2CPRE                                                     (abs)        000474
_PWM2ERS                                                      (abs)        00046F
_PWM2GIE                                                      (abs)        000477
_PWM2GIEbits                                                  (abs)        000477
_PWM2GIR                                                      (abs)        000476
_PWM2GIRbits                                                  (abs)        000476
_PWM2LDS                                                      (abs)        000471
_PWM2PIPOS                                                    (abs)        000475
_PWM2PRH                                                      (abs)        000473
_PWM2PRL                                                      (abs)        000472
_PWM2S1CFG                                                    (abs)        000479
_PWM2S1P1H                                                    (abs)        00047B
_PWM2S1P1L                                                    (abs)        00047A
_PWM2S1P2H                                                    (abs)        00047D
_PWM2S1P2L                                                    (abs)        00047C
_PWM2_16BIT_Enable                                            text6        011C0C
_PWM2_16BIT_Initialize                                        text63       01135C
_PWM2_16BIT_LoadBufferRegisters                               text87       011C1C
_PWM2_16BIT_Period_DefaultInterruptHandler                    (abs)        000000
_PWM2_16BIT_Period_InterruptHandler                           nvBANK5      0005AC
_PWM2_16BIT_Period_SetInterruptHandler                        text66       011B1A
_PWM2_16BIT_SetSlice1Output1DutyCycleRegister                 text86       011BB4
_PWM2_16BIT_SetSlice1Output2DutyCycleRegister                 text85       011BAA
_PWM2_16BIT_Slice1Output1_DefaultInterruptHandler             (abs)        000000
_PWM2_16BIT_Slice1Output1_InterruptHandler                    nvBANK5      0005B2
_PWM2_16BIT_Slice1Output1_SetInterruptHandler                 text65       011B0C
_PWM2_16BIT_Slice1Output2_DefaultInterruptHandler             (abs)        000000
_PWM2_16BIT_Slice1Output2_InterruptHandler                    nvBANK5      0005AF
_PWM2_16BIT_Slice1Output2_SetInterruptHandler                 text64       011AFE
_PWM3CLK                                                      (abs)        00047F
_PWM3CON                                                      (abs)        000487
_PWM3CONbits                                                  (abs)        000487
_PWM3CPRE                                                     (abs)        000483
_PWM3ERS                                                      (abs)        00047E
_PWM3GIE                                                      (abs)        000486
_PWM3GIEbits                                                  (abs)        000486
_PWM3GIR                                                      (abs)        000485
_PWM3GIRbits                                                  (abs)        000485
_PWM3LDS                                                      (abs)        000480
_PWM3PIPOS                                                    (abs)        000484
_PWM3PRH                                                      (abs)        000482
_PWM3PRL                                                      (abs)        000481
_PWM3S1CFG                                                    (abs)        000488
_PWM3S1P1H                                                    (abs)        00048A
_PWM3S1P1L                                                    (abs)        000489
_PWM3S1P2H                                                    (abs)        00048C
_PWM3S1P2L                                                    (abs)        00048B
_PWM3_16BIT_Enable                                            text5        011C08
_PWM3_16BIT_Initialize                                        text59       0112F4
_PWM3_16BIT_LoadBufferRegisters                               text84       011C18
_PWM3_16BIT_Period_DefaultInterruptHandler                    (abs)        000000
_PWM3_16BIT_Period_InterruptHandler                           nvBANK5      0005A3
_PWM3_16BIT_Period_SetInterruptHandler                        text62       011AF0
_PWM3_16BIT_SetSlice1Output1DutyCycleRegister                 text83       011BA0
_PWM3_16BIT_SetSlice1Output2DutyCycleRegister                 text82       011B96
_PWM3_16BIT_Slice1Output1_DefaultInterruptHandler             (abs)        000000
_PWM3_16BIT_Slice1Output1_InterruptHandler                    nvBANK5      0005A9
_PWM3_16BIT_Slice1Output1_SetInterruptHandler                 text61       011AE2
_PWM3_16BIT_Slice1Output2_DefaultInterruptHandler             (abs)        000000
_PWM3_16BIT_Slice1Output2_InterruptHandler                    nvBANK5      0005A6
_PWM3_16BIT_Slice1Output2_SetInterruptHandler                 text60       011AD4
_RB0PPS                                                       (abs)        000209
_RB1I2C                                                       (abs)        000289
_RB1PPS                                                       (abs)        00020A
_RB2I2C                                                       (abs)        000288
_RB2PPS                                                       (abs)        00020B
_RB3PPS                                                       (abs)        00020C
_RC0PPS                                                       (abs)        000211
_RC3I2C                                                       (abs)        000287
_RC3PPS                                                       (abs)        000214
_RC4I2C                                                       (abs)        000286
_RC4PPS                                                       (abs)        000215
_SLRCONA                                                      (abs)        000403
_SLRCONB                                                      (abs)        00040B
_SLRCONC                                                      (abs)        000413
_SLRCOND                                                      (abs)        00041B
_SLRCONE                                                      (abs)        000423
_SLRCONF                                                      (abs)        00042B
_SPI1BAUD                                                     (abs)        000089
_SPI1CLK                                                      (abs)        00008C
_SPI1CON0                                                     (abs)        000084
_SPI1CON0bits                                                 (abs)        000084
_SPI1CON1                                                     (abs)        000085
_SPI1CON2                                                     (abs)        000086
_SPI1INTFbits                                                 (abs)        00008A
_SPI1RXB                                                      (abs)        000080
_SPI1SCKPPS                                                   (abs)        00026A
_SPI1SDIPPS                                                   (abs)        00026B
_SPI1STATUSbits                                               (abs)        000087
_SPI1TCNTH                                                    (abs)        000083
_SPI1TCNTL                                                    (abs)        000082
_SPI1TXB                                                      (abs)        000081
_SPI1_BufferExchange                                          (abs)        000000
_SPI1_BufferRead                                              (abs)        000000
_SPI1_BufferWrite                                             (abs)        000000
_SPI1_ByteExchange                                            text51       011868
_SPI1_ByteRead                                                (abs)        000000
_SPI1_ByteWrite                                               (abs)        000000
_SPI1_Close                                                   (abs)        000000
_SPI1_Deinitialize                                            (abs)        000000
_SPI1_Host                                                    mediumconst  00FD9F
_SPI1_Initialize                                              text58       011A38
_SPI1_IsRxReady                                               (abs)        000000
_SPI1_IsTxReady                                               (abs)        000000
_SPI1_Open                                                    text37       010BEC
_SPI_read_buff                                                text49       0116B2
_SPI_write_buff                                               text34       0115BA
_SYSTEM_Initialize                                            text54       0118E4
_T0CON0                                                       (abs)        00031A
_T0CON0bits                                                   (abs)        00031A
_T0CON1                                                       (abs)        00031B
_T2CLKCON                                                     (abs)        000326
_T2CON                                                        (abs)        000324
_T2CONbits                                                    (abs)        000324
_T2HLT                                                        (abs)        000325
_T2HLTbits                                                    (abs)        000325
_T2PR                                                         (abs)        000323
_T2RST                                                        (abs)        000327
_T2RSTbits                                                    (abs)        000327
_T2TMR                                                        (abs)        000322
_TMR0H                                                        (abs)        000319
_TMR0L                                                        (abs)        000318
_TMR0_DefaultCallback                                         text89       011C24
_TMR0_ISR                                                     text88       01163E
_TMR0_Initialize                                              text57       0116E6
_TMR0_OverflowCallback                                        nvBANK5      000594
_TMR0_OverflowCallbackRegister                                text29       011AB8
_TMR0_Start                                                   text10       011BD8
_TMR0_Stop                                                    text53       011BFC
_TMR2                                                         (abs)        000322
_TMR2_DefaultOverflowCallback                                 text80       011C22
_TMR2_ISR                                                     text79       011992
_TMR2_Initialize                                              text55       011894
_TMR2_OverflowCallback                                        nvBANK5      000591
_TMR2_OverflowCallbackRegister                                text56       011AC6
_TMR2_PeriodCountSet                                          text25       011BEA
_TMR2_Start                                                   text30       011BF0
_TMR2_Stop                                                    text52       011BF6
_TRISA                                                        (abs)        0004C6
_TRISB                                                        (abs)        0004C7
_TRISC                                                        (abs)        0004C8
_TRISCbits                                                    (abs)        0004C8
_TRISD                                                        (abs)        0004C9
_TRISE                                                        (abs)        0004CA
_TRISF                                                        (abs)        0004CB
_Timer2                                                       mediumconst  00FDC9
_WPUA                                                         (abs)        000401
_WPUB                                                         (abs)        000409
_WPUC                                                         (abs)        000411
_WPUD                                                         (abs)        000419
_WPUE                                                         (abs)        000421
_WPUF                                                         (abs)        000429
__HRAM                                                        (abs)        000000
__H__absolute__                                               __absolute__ 000000
__Habs1                                                       abs1         000000
__Hbank10                                                     bank10       000000
__Hbank11                                                     bank11       000000
__Hbank12                                                     bank12       000000
__Hbank13                                                     bank13       000000
__Hbank14                                                     bank14       000000
__Hbank15                                                     bank15       000000
__Hbank16                                                     bank16       000000
__Hbank17                                                     bank17       000000
__Hbank18                                                     bank18       000000
__Hbank19                                                     bank19       000000
__Hbank20                                                     bank20       000000
__Hbank21                                                     bank21       000000
__Hbank22                                                     bank22       000000
__Hbank23                                                     bank23       000000
__Hbank24                                                     bank24       000000
__Hbank25                                                     bank25       000000
__Hbank26                                                     bank26       000000
__Hbank27                                                     bank27       000000
__Hbank28                                                     bank28       000000
__Hbank29                                                     bank29       000000
__Hbank30                                                     bank30       000000
__Hbank31                                                     bank31       000000
__Hbank32                                                     bank32       000000
__Hbank33                                                     bank33       000000
__Hbank34                                                     bank34       000000
__Hbank35                                                     bank35       000000
__Hbank36                                                     bank36       000000
__Hbank5                                                      bank5        000000
__Hbank6                                                      bank6        000000
__Hbank7                                                      bank7        000000
__Hbank8                                                      bank8        000000
__Hbank9                                                      bank9        000000
__Hbigbss                                                     bigbss       000000
__Hbigdata                                                    bigdata      000000
__Hbigram                                                     bigram       000000
__Hbigsfr                                                     bigsfr       000000
__Hbss                                                        bss          000000
__HbssBANK5                                                   bssBANK5     000000
__HbssBANK6                                                   bssBANK6     000000
__HbssCOMRAM                                                  bssCOMRAM    000000
__Hcinit                                                      cinit        000000
__Hclrtext                                                    clrtext      000000
__Hcomram                                                     comram       000000
__Hconfig                                                     config       30000A
__Hconst                                                      const        000000
__HcstackBANK6                                                cstackBANK6  000000
__HcstackCOMRAM                                               cstackCOMRAM 000000
__Hdata                                                       data         000000
__HdataBANK5                                                  dataBANK5    000000
__HdataBANK6                                                  dataBANK6    000000
__HdataCOMRAM                                                 dataCOMRAM   000000
__Heeprom_data                                                eeprom_data  000000
__Hfarbss                                                     farbss       000000
__Hfardata                                                    fardata      000000
__Hheap                                                       heap         000000
__Hibigdata                                                   ibigdata     000000
__Hidata                                                      idata        000000
__HidataBANK5                                                 idataBANK5   000000
__HidataBANK6                                                 idataBANK6   000000
__HidataCOMRAM                                                idataCOMRAM  000000
__Hidloc                                                      idloc        000000
__Hifardata                                                   ifardata     000000
__Hinit                                                       init         00001E
__Hintsave_regs                                               intsave_regs 000000
__Hirdata                                                     irdata       000000
__Hivt0x8                                                     ivt0x8       00001A
__Hmediumconst                                                mediumconst  010000
__HnvBANK5                                                    nvBANK5      000000
__HnvFARRAM                                                   nvFARRAM     000000
__Hnvbit                                                      nvbit        000000
__Hnvrram                                                     nvrram       000000
__Hparam                                                      rparam       000000
__Hpowerup                                                    powerup      000000
__Hram                                                        ram          000000
__Hramtop                                                     ramtop       002600
__Hrbit                                                       rbit         000000
__Hrbss                                                       rbss         000000
__Hrdata                                                      rdata        000000
__Hreset_vec                                                  reset_vec    000004
__Hrparam                                                     rparam       000000
__Hsfr                                                        sfr          000000
__Hsmallconst                                                 smallconst   000000
__Hspace_0                                                    (abs)        011C28
__Hspace_1                                                    (abs)        000670
__Hspace_2                                                    (abs)        000000
__Hspace_4                                                    (abs)        60000A
__Hstack                                                      stack        000000
__Hstruct                                                     struct       000000
__Htemp                                                       temp         000000
__Htext                                                       text         000000
__Htext0                                                      text0        000000
__Htext1                                                      text1        000000
__Htext10                                                     text10       000000
__Htext11                                                     text11       000000
__Htext12                                                     text12       000000
__Htext13                                                     text13       000000
__Htext14                                                     text14       000000
__Htext15                                                     text15       000000
__Htext16                                                     text16       000000
__Htext17                                                     text17       000000
__Htext18                                                     text18       000000
__Htext19                                                     text19       000000
__Htext2                                                      text2        000000
__Htext20                                                     text20       000000
__Htext21                                                     text21       000000
__Htext22                                                     text22       000000
__Htext23                                                     text23       000000
__Htext24                                                     text24       000000
__Htext25                                                     text25       000000
__Htext26                                                     text26       000000
__Htext27                                                     text27       000000
__Htext28                                                     text28       000000
__Htext29                                                     text29       000000
__Htext3                                                      text3        000000
__Htext30                                                     text30       000000
__Htext31                                                     text31       000000
__Htext32                                                     text32       000000
__Htext33                                                     text33       000000
__Htext34                                                     text34       000000
__Htext35                                                     text35       000000
__Htext36                                                     text36       000000
__Htext37                                                     text37       000000
__Htext38                                                     text38       000000
__Htext39                                                     text39       000000
__Htext4                                                      text4        000000
__Htext40                                                     text40       000000
__Htext41                                                     text41       000000
__Htext42                                                     text42       000000
__Htext43                                                     text43       000000
__Htext44                                                     text44       000000
__Htext45                                                     text45       000000
__Htext46                                                     text46       000000
__Htext47                                                     text47       000000
__Htext48                                                     text48       000000
__Htext49                                                     text49       000000
__Htext5                                                      text5        000000
__Htext50                                                     text50       000000
__Htext51                                                     text51       000000
__Htext52                                                     text52       000000
__Htext53                                                     text53       000000
__Htext54                                                     text54       000000
__Htext55                                                     text55       000000
__Htext56                                                     text56       000000
__Htext57                                                     text57       000000
__Htext58                                                     text58       000000
__Htext59                                                     text59       000000
__Htext6                                                      text6        000000
__Htext60                                                     text60       000000
__Htext61                                                     text61       000000
__Htext62                                                     text62       000000
__Htext63                                                     text63       000000
__Htext64                                                     text64       000000
__Htext65                                                     text65       000000
__Htext66                                                     text66       000000
__Htext67                                                     text67       000000
__Htext68                                                     text68       000000
__Htext69                                                     text69       000000
__Htext7                                                      text7        000000
__Htext70                                                     text70       000000
__Htext71                                                     text71       000000
__Htext72                                                     text72       000000
__Htext73                                                     text73       000000
__Htext74                                                     text74       000000
__Htext75                                                     text75       000000
__Htext76                                                     text76       000000
__Htext77                                                     text77       000000
__Htext78                                                     text78       000000
__Htext79                                                     text79       000000
__Htext8                                                      text8        000000
__Htext80                                                     text80       000000
__Htext81                                                     text81       000000
__Htext82                                                     text82       000000
__Htext83                                                     text83       000000
__Htext84                                                     text84       000000
__Htext85                                                     text85       000000
__Htext86                                                     text86       000000
__Htext87                                                     text87       000000
__Htext88                                                     text88       000000
__Htext89                                                     text89       000000
__Htext9                                                      text9        000000
__Htext90                                                     text90       000000
__Htext91                                                     text91       000000
__Htext92                                                     text92       000000
__Htext93                                                     text93       000000
__Htext94                                                     text94       000000
__Htext95                                                     text95       000000
__LRAM                                                        (abs)        000001
__L__absolute__                                               __absolute__ 000000
__Labs1                                                       abs1         000000
__Lbank10                                                     bank10       000000
__Lbank11                                                     bank11       000000
__Lbank12                                                     bank12       000000
__Lbank13                                                     bank13       000000
__Lbank14                                                     bank14       000000
__Lbank15                                                     bank15       000000
__Lbank16                                                     bank16       000000
__Lbank17                                                     bank17       000000
__Lbank18                                                     bank18       000000
__Lbank19                                                     bank19       000000
__Lbank20                                                     bank20       000000
__Lbank21                                                     bank21       000000
__Lbank22                                                     bank22       000000
__Lbank23                                                     bank23       000000
__Lbank24                                                     bank24       000000
__Lbank25                                                     bank25       000000
__Lbank26                                                     bank26       000000
__Lbank27                                                     bank27       000000
__Lbank28                                                     bank28       000000
__Lbank29                                                     bank29       000000
__Lbank30                                                     bank30       000000
__Lbank31                                                     bank31       000000
__Lbank32                                                     bank32       000000
__Lbank33                                                     bank33       000000
__Lbank34                                                     bank34       000000
__Lbank35                                                     bank35       000000
__Lbank36                                                     bank36       000000
__Lbank5                                                      bank5        000000
__Lbank6                                                      bank6        000000
__Lbank7                                                      bank7        000000
__Lbank8                                                      bank8        000000
__Lbank9                                                      bank9        000000
__Lbigbss                                                     bigbss       000000
__Lbigdata                                                    bigdata      000000
__Lbigram                                                     bigram       000000
__Lbigsfr                                                     bigsfr       000000
__Lbss                                                        bss          000000
__LbssBANK5                                                   bssBANK5     000000
__LbssBANK6                                                   bssBANK6     000000
__LbssCOMRAM                                                  bssCOMRAM    000000
__Lcinit                                                      cinit        000000
__Lclrtext                                                    clrtext      000000
__Lcomram                                                     comram       000000
__Lconfig                                                     config       000000
__Lconst                                                      const        000000
__LcstackBANK6                                                cstackBANK6  000000
__LcstackCOMRAM                                               cstackCOMRAM 000000
__Ldata                                                       data         000000
__LdataBANK5                                                  dataBANK5    000000
__LdataBANK6                                                  dataBANK6    000000
__LdataCOMRAM                                                 dataCOMRAM   000000
__Leeprom_data                                                eeprom_data  000000
__Lfarbss                                                     farbss       000000
__Lfardata                                                    fardata      000000
__Lheap                                                       heap         000000
__Libigdata                                                   ibigdata     000000
__Lidata                                                      idata        000000
__LidataBANK5                                                 idataBANK5   000000
__LidataBANK6                                                 idataBANK6   000000
__LidataCOMRAM                                                idataCOMRAM  000000
__Lidloc                                                      idloc        000000
__Lifardata                                                   ifardata     000000
__Linit                                                       init         00001A
__Lintsave_regs                                               intsave_regs 000000
__Lirdata                                                     irdata       000000
__Livt0x8                                                     ivt0x8       000008
__Lmediumconst                                                mediumconst  00FD08
__LnvBANK5                                                    nvBANK5      000000
__LnvFARRAM                                                   nvFARRAM     000000
__Lnvbit                                                      nvbit        000000
__Lnvrram                                                     nvrram       000000
__Lparam                                                      rparam       000000
__Lpowerup                                                    powerup      000000
__Lram                                                        ram          000000
__Lramtop                                                     ramtop       002600
__Lrbit                                                       rbit         000000
__Lrbss                                                       rbss         000000
__Lrdata                                                      rdata        000000
__Lreset_vec                                                  reset_vec    000000
__Lrparam                                                     rparam       000000
__Lsfr                                                        sfr          000000
__Lsmallconst                                                 smallconst   000000
__Lspace_0                                                    (abs)        000000
__Lspace_1                                                    (abs)        000000
__Lspace_2                                                    (abs)        000000
__Lspace_4                                                    (abs)        000000
__Lstack                                                      stack        000000
__Lstruct                                                     struct       000000
[...]
__ptext70                                                     text70       011B44
__ptext71                                                     text71       010D7E
__ptext72                                                     text72       011B52
__ptext73                                                     text73       0115FE
__ptext74                                                     text74       011B60
__ptext75                                                     text75       011B6E
__ptext76                                                     text76       011B7C
__ptext77                                                     text77       011AA4
__ptext78                                                     text78       0110A8
__ptext79                                                     text79       011992
__ptext8                                                      text8        010000
__ptext80                                                     text80       011C22
__ptext81                                                     text81       0104E6
__ptext82                                                     text82       011B96
__ptext83                                                     text83       011BA0
__ptext84                                                     text84       011C18
__ptext85                                                     text85       011BAA
__ptext86                                                     text86       011BB4
__ptext87                                                     text87       011C1C
__ptext88                                                     text88       01163E
__ptext89                                                     text89       011C24
__ptext9                                                      text9        011BC8
__ptext90                                                     text90       011BBE
__ptext91                                                     text91       011C02
__ptext92                                                     text92       011A66
__ptext93                                                     text93       01167C
__ptext94                                                     text94       011C26
__ptext95                                                     text95       011BD0
__ramtop                                                      ramtop       002600
__smallconst                                                  smallconst   000000
_arm_fsm_init                                                 text26       01192E
_arm_fsm_update                                               text8        010000
_arm_mode                                                     bssCOMRAM    000544
_arm_set_target                                               text7        011572
_buf                                                          bssBANK6     000630
_calculateAngle                                               text28       0119EA
_current_state                                                bssCOMRAM    000547
_delay                                                        text90       011BBE
_delay_done                                                   dataCOMRAM   000548
_disableMagnet                                                text23       011BE4
_docking_positions                                            mediumconst  00FEAE
_docking_up                                                   mediumconst  00FE9E
_enableMagnet                                                 text21       011BDE
_enablePWM                                                    text4        011A06
_getAngle                                                     text20       0119CE
_get_adjusted_servo_angles                                    text19       0109D0
_get_adjusted_servo_angles$2606                               cstackCOMRAM 000519
_get_adjusted_servo_angles_up                                 text18       0108AA
_get_adjusted_servo_angles_up$2613                            cstackCOMRAM 000519
_get_dependent_servo_angle                                    text17       010CB6
_get_dependent_servo_angle$2599                               cstackCOMRAM 000517
_get_docking_servo_angles                                     text16       011A90
_get_docking_servo_angles_up                                  text15       011A7C
_get_grid_servo_angles                                        text14       011526
_grid_angles                                                  mediumconst  00FDEA
_grid_angles_up                                               mediumconst  00FD09
_initServo                                                    text27       011214
_isrTim0                                                      text81       0104E6
_main                                                         text0        01171A
_memcpy                                                       text3        0114D6
_move_servo_to_angles                                         text13       0111A2
_move_servo_to_int                                            text12       01142C
_nRF24_IRQ_DefaultInterruptHandler                            text94       011C26
_nRF24_IRQ_ISR                                                text93       01167C
_nRF24_IRQ_InterruptHandler                                   nvBANK5      0005A0
_nRF24_IRQ_SetInterruptHandler                                text72       011B52
_next_state                                                   bssCOMRAM    000546
_nrf_flag                                                     bssBANK5     000590
_nrf_irq                                                      text95       011BD0
_parse_robot_message                                          text2        010AF6
_previous_state                                               bssCOMRAM    000545
_process_fsm                                                  bssCOMRAM    00053F
_rf24_crclength                                               mediumconst  00FE80
_rf24_datarates                                               dataBANK5    0005C2
_rf24_pa_dbm                                                  dataBANK6    000650
_servoMovement                                                text11       010F86
_servos                                                       bssBANK5     000560
_slave                                                        text1        010730
_spi1_configuration                                           mediumconst  00FDDB
_start_fsm_delay                                              text9        011BC8
_state_done                                                   dataCOMRAM   000549
_target_boat                                                  bssCOMRAM    000543
_target_orientation                                           bssCOMRAM    000540
_target_x                                                     bssCOMRAM    000542
_target_y                                                     bssCOMRAM    000541
_tmr0PeriodCount                                              bssCOMRAM    00053D
arm_fsm_update@F271                                           dataBANK5    0005BE
arm_fsm_update@angles                                         cstackBANK6  00060C
arm_fsm_update@angles_2555                                    cstackBANK6  00060E
arm_fsm_update@angles_2561                                    cstackBANK6  000628
arm_fsm_update@angles_2562                                    cstackBANK6  000604
arm_fsm_update@angles_2563                                    cstackBANK6  000608
arm_fsm_update@idle_angles                                    cstackBANK6  000600
arm_fsm_update@moveup_angles                                  cstackBANK6  000610
arm_fsm_update@moveup_angles_2557                             cstackBANK6  000618
arm_fsm_update@moveup_angles_2559                             cstackBANK6  000620
arm_set_target@boat_id                                        cstackCOMRAM 000513
arm_set_target@is_vertical                                    cstackCOMRAM 000511
arm_set_target@mode                                           cstackCOMRAM 000512
arm_set_target@x                                              cstackCOMRAM 00050F
arm_set_target@y                                              cstackCOMRAM 000510
calculateAngle@angleDeg                                       cstackCOMRAM 000513
end_of_initialization                                         cinit        0110A2
getAngle@i                                                    cstackCOMRAM 000511
get_adjusted_servo_angles@i                                   cstackCOMRAM 00051C
get_adjusted_servo_angles@is_vertical                         cstackCOMRAM 000510
get_adjusted_servo_angles@out_angles                          cstackCOMRAM 000511
get_adjusted_servo_angles@x                                   cstackCOMRAM 00051B
get_adjusted_servo_angles@y                                   cstackCOMRAM 00050F
get_adjusted_servo_angles_up@i                                cstackCOMRAM 00051C
get_adjusted_servo_angles_up@is_vertical                      cstackCOMRAM 000510
get_adjusted_servo_angles_up@out_angles                       cstackCOMRAM 000511
get_adjusted_servo_angles_up@x                                cstackCOMRAM 00051B
get_adjusted_servo_angles_up@y                                cstackCOMRAM 00050F
get_dependent_servo_angle@is_vertical                         cstackCOMRAM 000510
get_dependent_servo_angle@x                                   cstackCOMRAM 000519
get_dependent_servo_angle@y                                   cstackCOMRAM 00050F
get_docking_servo_angles@boat_id                              cstackCOMRAM 000512
get_docking_servo_angles_up@boat_id                           cstackCOMRAM 000512
get_grid_servo_angles@x                                       cstackCOMRAM 000516
get_grid_servo_angles@y                                       cstackCOMRAM 00050F
i2_TMR0_Stop                                                  text91       011C02
intlevel0                                                     text         000000
intlevel1                                                     text         000000
intlevel2                                                     text         000000
intlevel3                                                     text         000000
isa$std                                                       (abs)        000001
isa$xinst                                                     (abs)        000000
isrTim0@i                                                     cstackCOMRAM 00050B
ivt0x8_base                                                   ivt0x8       000008
memcpy@d                                                      cstackCOMRAM 000516
memcpy@d1                                                     cstackCOMRAM 00050F
memcpy@n                                                      cstackCOMRAM 000513
memcpy@s                                                      cstackCOMRAM 000518
memcpy@s1                                                     cstackCOMRAM 000511
memcpy@tmp                                                    cstackCOMRAM 000515
move_servo_to_angles@angles                                   cstackCOMRAM 000514
move_servo_to_angles@i                                        cstackCOMRAM 000518
move_servo_to_int@i                                           cstackCOMRAM 000513
move_servo_to_int@intAngles                                   cstackCOMRAM 00050F
nRF24_IRQ_SetInterruptHandler@InterruptHandler                cstackCOMRAM 00050F
parse_robot_message@out                                       cstackCOMRAM 00051C
parse_robot_message@raw_data                                  cstackCOMRAM 00051A
servoMovement@i                                               cstackCOMRAM 000517
slave@dev                                                     cstackCOMRAM 00053A
slave@pvParameters                                            cstackCOMRAM 000529
slave@ret                                                     cstackCOMRAM 00052B
slave@rob                                                     cstackCOMRAM 00052D
stackhi                                                       (abs)        000000
stacklo                                                       (abs)        000000
start                                                         init         00001A
start_initialization                                          cinit        011018


MODULE INFORMATION

Module		Function		Class		Link	Load	Size
servo.c
		_move_servo_to_int		CODE           	1142C	0000	88
		_disableMagnet 		CODE           	11BE4	0000	6
		_isrTim0       		CODE           	104E6	0000	586
		_enablePWM     		CODE           	11A06	0000	26
		_enableMagnet  		CODE           	11BDE	0000	6
		_initServo     		CODE           	11214	0000	114
		_move_servo_to_angles		CODE           	111A2	0000	114
		_getAngle      		CODE           	119CE	0000	28
		_servoMovement 		CODE           	10F86	0000	146
		_calculateAngle		CODE           	119EA	0000	28

servo.c estimated size: 1142

mcc_generated_files/pwm/src/pwm3_16bit.c
		_PWM3_16BIT_Enable		CODE           	11C08	0000	4
		_PWM3_16BIT_Period_SetInterruptHandler		CODE           	11AF0	0000	14
		_PWM3_16BIT_Slice1Output1_SetInterruptHandler		CODE           	11AE2	0000	14
		_PWM3_16BIT_Slice1Output2_SetInterruptHandler		CODE           	11AD4	0000	14
		_PWM3_16BIT_Initialize		CODE           	112F4	0000	104
		_PWM3_16BIT_LoadBufferRegisters		CODE           	11C18	0000	4
		_PWM3_16BIT_SetSlice1Output1DutyCycleRegister		CODE           	11BA0	0000	10
		_PWM3_16BIT_SetSlice1Output2DutyCycleRegister		CODE           	11B96	0000	10

mcc_generated_files/pwm/src/pwm3_16bit.c estimated size: 174

message_parser.c
		_parse_robot_message		CODE           	10AF6	0000	246

message_parser.c estimated size: 246

mcc_generated_files/system/src/interrupt.c
		_INT0_SetInterruptHandler		CODE           	11B7C	0000	14
		_INT1_SetInterruptHandler		CODE           	11B6E	0000	14
		_INT2_SetInterruptHandler		CODE           	11B60	0000	14
		_INTERRUPT_Initialize		CODE           	115FE	0000	64
		_INTERRUPT_InterruptManager		CODE           	110A8	0000	126

mcc_generated_files/system/src/interrupt.c estimated size: 232

mcc_generated_files/pwm/src/pwm1_16bit.c
		_PWM1_16BIT_Disable		CODE           	11C14	0000	4
		_PWM1_16BIT_Period_SetInterruptHandler		CODE           	11B44	0000	14
		_PWM1_16BIT_Slice1Output1_SetInterruptHandler		CODE           	11B36	0000	14
		_PWM1_16BIT_Slice1Output2_SetInterruptHandler		CODE           	11B28	0000	14
		_PWM1_16BIT_Initialize		CODE           	113C4	0000	104
		_PWM1_16BIT_Enable		CODE           	11C10	0000	4

mcc_generated_files/pwm/src/pwm1_16bit.c estimated size: 154

/opt/microchip/xc8/v2.50/pic/sources/c99/common/memcpy.c
		_memcpy        		CODE           	114D6	0000	80

/opt/microchip/xc8/v2.50/pic/sources/c99/common/memcpy.c estimated size: 80

mcc_generated_files/system/src/pins.c
		_PIN_MANAGER_Initialize		CODE           	10D7E	0000	194
		_nRF24_IRQ_DefaultInterruptHandler		CODE           	11C26	0000	2
		_nRF24_IRQ_ISR 		CODE           	1167C	0000	54
		_nRF24_IRQ_SetInterruptHandler		CODE           	11B52	0000	14
		_PIN_MANAGER_IOC		CODE           	11A66	0000	22

mcc_generated_files/system/src/pins.c estimated size: 286

mcc_generated_files/timer/src/delay.c
		_DELAY_milliseconds		CODE           	117B0	0000	48
		_DELAY_microseconds		CODE           	11484	0000	82

mcc_generated_files/timer/src/delay.c estimated size: 130

shared
		_grid_angles   		MEDIUMCONST    	FDEA	0000	150
		_docking_positions		MEDIUMCONST    	FEAE	0000	16
		_rf24_crclength		MEDIUMCONST    	FE80	0000	30
		_Timer2        		MEDIUMCONST    	FDC9	0000	18
		_grid_angles_up		MEDIUMCONST    	FD09	0000	150
		__initialization		CODE           	11018	0000	138
		_SPI1_Host     		MEDIUMCONST    	FD9F	0000	42
		_docking_up    		MEDIUMCONST    	FE9E	0000	16
		_spi1_configuration		MEDIUMCONST    	FDDB	0000	15
		i2_TMR0_Stop   		CODE           	11C02	0000	6

shared estimated size: 581

mirf.c
		_Nrf24_writeRegister		CODE           	1174C	0000	50
		_Nrf24_dataReady		CODE           	118BE	0000	38
		_Nrf24_getStatus		CODE           	11A50	0000	22
		_SPI_write_buff		CODE           	115BA	0000	68
		_SPI_read_buff 		CODE           	116B2	0000	52
		_Nrf24_powerUpRx		CODE           	1190A	0000	36
		_Nrf24_setRetransmitDelay		CODE           	1183C	0000	44
		_Nrf24_getData 		CODE           	1177E	0000	50
		_Nrf24_configRegister		CODE           	11A20	0000	24
		_Nrf24_SetSpeedDataRates		CODE           	11286	0000	110
		_Nrf24_readRegister		CODE           	117E0	0000	48
		_Nrf24_config  		CODE           	11126	0000	124
		_Nrf24_init    		CODE           	11810	0000	44
		_Nrf24_flushRx 		CODE           	11B8A	0000	12
		_Nrf24_setRADDR		CODE           	10EEC	0000	154
		_Nrf24_setTADDR		CODE           	10E40	0000	172

mirf.c estimated size: 1048

grid_lookup.c
		_get_grid_servo_angles		CODE           	11526	0000	76
		_get_adjusted_servo_angles		CODE           	109D0	0000	294
		_get_adjusted_servo_angles_up		CODE           	108AA	0000	294
		_get_dependent_servo_angle		CODE           	10CB6	0000	200

grid_lookup.c estimated size: 864

arm_fsm.c
		_arm_set_target		CODE           	11572	0000	72
		_delay         		CODE           	11BBE	0000	10
		_start_fsm_delay		CODE           	11BC8	0000	8
		_arm_fsm_init  		CODE           	1192E	0000	34
		_arm_fsm_update		CODE           	10000	0000	1254

arm_fsm.c estimated size: 1378

mcc_generated_files/timer/src/tmr2.c
		_TMR2_ISR      		CODE           	11992	0000	32
		_TMR2_PeriodCountSet		CODE           	11BEA	0000	6
		_TMR2_Initialize		CODE           	11894	0000	42
		_TMR2_Stop     		CODE           	11BF6	0000	6
		_TMR2_Start    		CODE           	11BF0	0000	6
		_TMR2_OverflowCallbackRegister		CODE           	11AC6	0000	14
		_TMR2_DefaultOverflowCallback		CODE           	11C22	0000	2

mcc_generated_files/timer/src/tmr2.c estimated size: 108

mcc_generated_files/system/src/clock.c
		_CLOCK_Initialize		CODE           	11AA4	0000	20

mcc_generated_files/system/src/clock.c estimated size: 20

mcc_generated_files/timer/src/tmr0.c
		_TMR0_DefaultCallback		CODE           	11C24	0000	2
		_TMR0_OverflowCallbackRegister		CODE           	11AB8	0000	14
		_TMR0_ISR      		CODE           	1163E	0000	62
		_TMR0_Initialize		CODE           	116E6	0000	52
		_TMR0_Stop     		CODE           	11BFC	0000	6
		_TMR0_Start    		CODE           	11BD8	0000	6

mcc_generated_files/timer/src/tmr0.c estimated size: 142

main.c
		_nrf_irq       		CODE           	11BD0	0000	8
		_main          		CODE           	1171A	0000	50
		_slave         		CODE           	10730	0000	378
		_AdvancedSettings		CODE           	11950	0000	34

main.c estimated size: 470

mcc_generated_files/pwm/src/pwm2_16bit.c
		_PWM2_16BIT_Period_SetInterruptHandler		CODE           	11B1A	0000	14
		_PWM2_16BIT_Slice1Output1_SetInterruptHandler		CODE           	11B0C	0000	14
		_PWM2_16BIT_Slice1Output2_SetInterruptHandler		CODE           	11AFE	0000	14
		_PWM2_16BIT_Initialize		CODE           	1135C	0000	104
		_PWM2_16BIT_LoadBufferRegisters		CODE           	11C1C	0000	4
		_PWM2_16BIT_SetSlice1Output1DutyCycleRegister		CODE           	11BB4	0000	10
		_PWM2_16BIT_SetSlice1Output2DutyCycleRegister		CODE           	11BAA	0000	10
		_PWM2_16BIT_Enable		CODE           	11C0C	0000	4

mcc_generated_files/pwm/src/pwm2_16bit.c estimated size: 174

boat_control.c
		_get_docking_servo_angles		CODE           	11A90	0000	20
		_get_docking_servo_angles_up		CODE           	11A7C	0000	20

boat_control.c estimated size: 40

mcc_generated_files/system/src/system.c
		_SYSTEM_Initialize		CODE           	118E4	0000	38

mcc_generated_files/system/src/system.c estimated size: 38

mcc_generated_files/spi/src/spi1.c
		_SPI1_ByteExchange		CODE           	11868	0000	44
		_SPI1_Open     		CODE           	10BEC	0000	202
		_SPI1_Initialize		CODE           	11A38	0000	24

mcc_generated_files/spi/src/spi1.c estimated size: 270

