Microchip MPLAB XC8 Compiler V2.50

Linker command line:

-W-3 --edf=/opt/microchip/xc8/v2.50/pic/dat/20240725155939_en.msgs \
  -pivt0x8=08h -cn -h+dist/default/production/robot_arm_nrf.production.sym \
  --cmf=dist/default/production/robot_arm_nrf.production.cmf -z -Q18F57Q43 \
  -o/tmp/xcXnOJCGG/driver_tmp_3.o --defsym=__MPLAB_BUILD=1 \
  --fixupoverflow=error \
  -Mdist/default/production/robot_arm_nrf.production.map \
  --md=/tmp/xcXnOJCGG/driver_tmp_0.dat -E1 -ver=XC8 Compiler --acfsm=1493 \
  -AHEAP=066Dh-024FFh -pheap=HEAP -ACODE=00h-01FFFFh -ACONST=00h-01FFFFh \
  -ASMALLCONST=02600h-026FFhx474 \
  -AMEDIUMCONST=02600h-0FFFFh,012600h-01FFFFh -ACOMRAM=0501h-055Fh \
  -AABS1=0500h-024FFh -ABIGRAM=0501h-024FFh \
  -ARAM=0560h-05FFh,0600h-06FFhx31 -ABANK5=0560h-05FFh -ABANK6=0600h-06FFh \
  -ABANK7=0700h-07FFh -ABANK8=0800h-08FFh -ABANK9=0900h-09FFh \
  -ABANK10=0A00h-0AFFh -ABANK11=0B00h-0BFFh -ABANK12=0C00h-0CFFh \
  -ABANK13=0D00h-0DFFh -ABANK14=0E00h-0EFFh -ABANK15=0F00h-0FFFh \
  -ABANK16=01000h-010FFh -ABANK17=01100h-011FFh -ABANK18=01200h-012FFh \
  -ABANK19=01300h-013FFh -ABANK20=01400h-014FFh -ABANK21=01500h-015FFh \
  -ABANK22=01600h-016FFh -ABANK23=01700h-017FFh -ABANK24=01800h-018FFh \
  -ABANK25=01900h-019FFh -ABANK26=01A00h-01AFFh -ABANK27=01B00h-01BFFh \
  -ABANK28=01C00h-01CFFh -ABANK29=01D00h-01DFFh -ABANK30=01E00h-01EFFh \
  -ABANK31=01F00h-01FFFh -ABANK32=02000h-020FFh -ABANK33=02100h-021FFh \
  -ABANK34=02200h-022FFh -ABANK35=02300h-023FFh -ABANK36=02400h-024FFh \
  -ASFR=00h-0FFhx4,0400h-045Fh,0460h-04FFh,02500h-025FFh \
  -ABIGSFR=00h-04FFh,02500h-025FFh -ACONFIG=0300000h-0300011h \
  -AIDLOC=0200000h-020003Fh -AEEDATA=0380000h-03803FFh -peeprom_data=EEDATA \
  -preset_vec=00h -ppowerup=CODE,init -pramtop=02600h \
  -psmallconst=SMALLCONST -pmediumconst=MEDIUMCONST -pconst=CONST \
  -AFARRAM=00h-00h \
  -prdata=COMRAM,nvrram=COMRAM,nvbit=COMRAM,rbss=COMRAM,rbit=COMRAM \
  -pfarbss=FARRAM,fardata=FARRAM,nvFARRAM=FARRAM \
  -pintsave_regs=BIGRAM,bigbss=BIGRAM,bigdata=BIGRAM -pbss=RAM \
  -pidata=CODE,irdata=CODE,ibigdata=CODE,ifardata=CODE -prparam=COMRAM \
  /tmp/xcXnOJCGG/driver_tmp_9.o \
  dist/default/production/robot_arm_nrf.production.o 

Object code version is 3.11

Machine type is 18F57Q43



                Name                               Link     Load   Length Selector   Space Scale
/tmp/xcXnOJCGG/driver_tmp_9.o
                heap                                66D      66D     1E93      66D       7
                config                           300000   300000        A        0       4
                init                                 1A       1A        4        4       0
                reset_vec                             0        0        4        0       0
dist/default/production/robot_arm_nrf.production.o
                config                           300000   300000        A        0       4
                mediumconst                        C144     C144     3EBC     60A2       0
                ivt0x8                                8        8       12        4       0
                text113                           12486    12486        6     8000       0
                text112                           124B4    124B4        2     9249       0
                text111                           11EFA    11EFA       36     8000       0
                text110                           122B2    122B2       16     8000       0
                text109                           12480    12480        6     8000       0
                text108                           123FC    123FC        C     8000       0
                text107                           124B2    124B2        2     9249       0
                text106                           11E84    11E84       3E     8000       0
                text105                           11D7A    11D7A       46     8000       0
                text104                           1247A    1247A        6     8000       0
                text103                           117E6    117E6       78     8000       0
                text102                           124B0    124B0        2     9249       0
                text101                           11E44    11E44       40     8000       0
                text100                           124AA    124AA        4     9249       0
                text99                            1243A    1243A        A     8000       0
                text98                            12430    12430        A     8000       0
                text97                            124A6    124A6        4     9249       0
                text96                            12426    12426        A     8000       0
                text95                            1241C    1241C        A     8000       0
                text94                            10784    10784      24A     8000       0
                text93                            124AE    124AE        2     9249       0
                text92                            121FA    121FA       20     8000       0
                text91                            11398    11398       C2     8000       0
                text90                            122F0    122F0       14     8000       0
                text89                            123F0    123F0        C     8000       0
                text88                            123D6    123D6        E     8000       0
                text87                            123C8    123C8        E     8000       0
                text86                            123BA    123BA        E     8000       0
                text85                            11E04    11E04       40     8000       0
                text84                            123AC    123AC        E     8000       0
                text83                            112D4    112D4       C4     8000       0
                text82                            1239E    1239E        E     8000       0
                text81                            12390    12390        E     8000       0
                text80                            12382    12382        E     8000       0
                text79                            11A80    11A80       66     8000       0
                text78                            12374    12374        E     8000       0
                text77                            12366    12366        E     8000       0
                text76                            12358    12358        E     8000       0
                text75                            11A18    11A18       68     8000       0
                text74                            1234A    1234A        E     8000       0
                text73                            1233C    1233C        E     8000       0
                text72                            1232E    1232E        E     8000       0
                text71                            119B0    119B0       68     8000       0
                text70                            12284    12284       18     8000       0
                text69                            11F64    11F64       34     8000       0
                text68                            11D32    11D32       48     8000       0
                text67                            12320    12320        E     8000       0
                text66                            12140    12140       2A     8000       0
                text65                            1208E    1208E       2E     8000       0
                text64                            12474    12474        6     8000       0
                text63                            1246E    1246E        6     8000       0
                text62                            12114    12114       2C     8000       0
                text61                            1226C    1226C       18     8000       0
                text60                            11F30    11F30       34     8000       0
                text59                            1205E    1205E       30     8000       0
                text58                            11942    11942       6E     8000       0
                text57                            120E8    120E8       2C     8000       0
                text56                            121D8    121D8       22     8000       0
                text55                            1202E    1202E       30     8000       0
                text54                            123E4    123E4        C     8000       0
                text53                            1229C    1229C       16     8000       0
                text52                            121B4    121B4       24     8000       0
                text51                            1176A    1176A       7C     8000       0
                text50                            1216A    1216A       26     8000       0
                text49                            11FFC    11FFC       32     8000       0
                text48                            11142    11142       CA     8000       0
                text47                            120BC    120BC       2C     8000       0
                text46                            11BF6    11BF6       52     8000       0
                text45                            11DC0    11DC0       44     8000       0
                text44                            11FCA    11FCA       32     8000       0
                text43                            115B4    115B4       9A     8000       0
                text42                            11508    11508       AC     8000       0
                text41                            12468    12468        6     8000       0
                text40                            12462    12462        6     8000       0
                text39                            12312    12312        E     8000       0
                text38                            12236    12236       1C     8000       0
                text37                            118D0    118D0       72     8000       0
                text36                            12190    12190       24     8000       0
                text35                            1245C    1245C        6     8000       0
                text34                            124A2    124A2        4     9249       0
                text33                            12456    12456        6     8000       0
                text32                            1249E    1249E        4     9249       0
                text31                            12450    12450        6     8000       0
                text30                            1221A    1221A       1C     8000       0
                text29                            10E54    10E54      126     8000       0
                text28                            10D2E    10D2E      126     8000       0
                text27                            1120C    1120C       C8     8000       0
                text26                            122DC    122DC       14     8000       0
                text25                            122C8    122C8       14     8000       0
                text24                            11CE6    11CE6       4C     8000       0
                text23                            1185E    1185E       72     8000       0
                text22                            11B48    11B48       58     8000       0
                text21                            1164E    1164E       92     8000       0
                text20                            1244A    1244A        6     8000       0
                text19                            12412    12412        A     8000       0
                text18                            10000    10000      50E     8000       0
                text17                            1249A    1249A        4     9249       0
                text16                            12408    12408        A     8000       0
                text15                            11AE6    11AE6       62     8000       0
                text14                            11C98    11C98       4E     8000       0
                text13                            12304    12304        E     8000       0
                text12                            12444    12444        6     8000       0
                text11                            1145A    1145A       AE     8000       0
                text10                            1050E    1050E      276     8000       0
                text9                             10BCC    10BCC      162     8000       0
                text8                             11BA0    11BA0       56     8000       0
                text7                             12496    12496        4     9249       0
                text6                             12492    12492        4     9249       0
                text5                             12252    12252       1A     8000       0
                text4                             11C48    11C48       50     8000       0
                text3                             10F7A    10F7A       F6     8000       0
                text2                             11070    11070       D2     8000       0
                text1                             109CE    109CE      1FE     8000       0
                text0                             11F98    11F98       32     8000       0
                cstackCOMRAM                        501      501       36      501       1
                cstackBANK5                         59D      59D       30      560       1
                cstackBANK6                         658      658       12      600       1
                dataBANK6                           600      600       38      600       1
                bssBANK6                            638      638       20      600       1
                dataBANK5                           5FA      5FA        5      560       1
                bssBANK5                            560      560       3D      560       1
                dataCOMRAM                          54D      54D        1      501       1
                bssCOMRAM                           537      537       13      501       1
                cinit                             116E0    116E0       8A     8000       0
                nvBANK6                             66A      66A        3      600       1
                nvBANK5                             5CD      5CD       2D      560       1
                nvCOMRAM                            54A      54A        3      501       1
                idataBANK6                        11EC2    11EC2       38     8000       0
                idataBANK5                        1248C    1248C        5     8000       0
                idataCOMRAM                       124B6    124B6        1     9249       0

TOTAL           Name                               Link     Load   Length     Space
        CLASS   HEAP           
                heap                                66D      66D     1E93         7

        CLASS   CODE           
                init                                 1A       1A        4         0
                reset_vec                             0        0        4         0
                ivt0x8                                8        8       12         0
                text113                           12486    12486        6         0
                text112                           124B4    124B4        2         0
                text111                           11EFA    11EFA       36         0
                text110                           122B2    122B2       16         0
                text109                           12480    12480        6         0
                text108                           123FC    123FC        C         0
                text107                           124B2    124B2        2         0
                text106                           11E84    11E84       3E         0
                text105                           11D7A    11D7A       46         0
                text104                           1247A    1247A        6         0
                text103                           117E6    117E6       78         0
                text102                           124B0    124B0        2         0
                text101                           11E44    11E44       40         0
                text100                           124AA    124AA        4         0
                text99                            1243A    1243A        A         0
                text98                            12430    12430        A         0
                text97                            124A6    124A6        4         0
                text96                            12426    12426        A         0
                text95                            1241C    1241C        A         0
                text94                            10784    10784      24A         0
                text93                            124AE    124AE        2         0
                text92                            121FA    121FA       20         0
                text91                            11398    11398       C2         0
                text90                            122F0    122F0       14         0
                text89                            123F0    123F0        C         0
                text88                            123D6    123D6        E         0
                text87                            123C8    123C8        E         0
                text86                            123BA    123BA        E         0
                text85                            11E04    11E04       40         0
                text84                            123AC    123AC        E         0
                text83                            112D4    112D4       C4         0
                text82                            1239E    1239E        E         0
                text81                            12390    12390        E         0
                text80                            12382    12382        E         0
                text79                            11A80    11A80       66         0
                text78                            12374    12374        E         0
                text77                            12366    12366        E         0
                text76                            12358    12358        E         0
                text75                            11A18    11A18       68         0
                text74                            1234A    1234A        E         0
                text73                            1233C    1233C        E         0
                text72                            1232E    1232E        E         0
                text71                            119B0    119B0       68         0
                text70                            12284    12284       18         0
                text69                            11F64    11F64       34         0
                text68                            11D32    11D32       48         0
                text67                            12320    12320        E         0
                text66                            12140    12140       2A         0
                text65                            1208E    1208E       2E         0
                text64                            12474    12474        6         0
                text63                            1246E    1246E        6         0
                text62                            12114    12114       2C         0
                text61                            1226C    1226C       18         0
                text60                            11F30    11F30       34         0
                text59                            1205E    1205E       30         0
                text58                            11942    11942       6E         0
                text57                            120E8    120E8       2C         0
                text56                            121D8    121D8       22         0
                text55                            1202E    1202E       30         0
                text54                            123E4    123E4        C         0
                text53                            1229C    1229C       16         0
                text52                            121B4    121B4       24         0
                text51                            1176A    1176A       7C         0
                text50                            1216A    1216A       26         0
                text49                            11FFC    11FFC       32         0
                text48                            11142    11142       CA         0
                text47                            120BC    120BC       2C         0
                text46                            11BF6    11BF6       52         0
                text45                            11DC0    11DC0       44         0
                text44                            11FCA    11FCA       32         0
                text43                            115B4    115B4       9A         0
                text42                            11508    11508       AC         0
                text41                            12468    12468        6         0
                text40                            12462    12462        6         0
                text39                            12312    12312        E         0
                text38                            12236    12236       1C         0
                text37                            118D0    118D0       72         0
                text36                            12190    12190       24         0
                text35                            1245C    1245C        6         0
                text34                            124A2    124A2        4         0
                text33                            12456    12456        6         0
                text32                            1249E    1249E        4         0
                text31                            12450    12450        6         0
                text30                            1221A    1221A       1C         0
                text29                            10E54    10E54      126         0
                text28                            10D2E    10D2E      126         0
                text27                            1120C    1120C       C8         0
                text26                            122DC    122DC       14         0
                text25                            122C8    122C8       14         0
                text24                            11CE6    11CE6       4C         0
                text23                            1185E    1185E       72         0
                text22                            11B48    11B48       58         0
                text21                            1164E    1164E       92         0
                text20                            1244A    1244A        6         0
                text19                            12412    12412        A         0
                text18                            10000    10000      50E         0
                text17                            1249A    1249A        4         0
                text16                            12408    12408        A         0
                text15                            11AE6    11AE6       62         0
                text14                            11C98    11C98       4E         0
                text13                            12304    12304        E         0
                text12                            12444    12444        6         0
                text11                            1145A    1145A       AE         0
                text10                            1050E    1050E      276         0
                text9                             10BCC    10BCC      162         0
                text8                             11BA0    11BA0       56         0
                text7                             12496    12496        4         0
                text6                             12492    12492        4         0
                text5                             12252    12252       1A         0
                text4                             11C48    11C48       50         0
                text3                             10F7A    10F7A       F6         0
                text2                             11070    11070       D2         0
                text1                             109CE    109CE      1FE         0
                text0                             11F98    11F98       32         0
                cinit                             116E0    116E0       8A         0
                idataBANK6                        11EC2    11EC2       38         0
                idataBANK5                        1248C    1248C        5         0
                idataCOMRAM                       124B6    124B6        1         0

        CLASS   CONST          

        CLASS   SMALLCONST     

        CLASS   MEDIUMCONST    
                mediumconst                        C144     C144     3EBC         0

        CLASS   COMRAM         
                cstackCOMRAM                        501      501       36         1
                dataCOMRAM                          54D      54D        1         1
                bssCOMRAM                           537      537       13         1
                nvCOMRAM                            54A      54A        3         1

        CLASS   ABS1           

        CLASS   BIGRAM         

        CLASS   RAM            

        CLASS   BANK5          
                cstackBANK5                         59D      59D       30         1
                dataBANK5                           5FA      5FA        5         1
                bssBANK5                            560      560       3D         1
                nvBANK5                             5CD      5CD       2D         1

        CLASS   BANK6          
                cstackBANK6                         658      658       12         1
                dataBANK6                           600      600       38         1
                bssBANK6                            638      638       20         1
                nvBANK6                             66A      66A        3         1

        CLASS   BANK7          

        CLASS   BANK8          

        CLASS   BANK9          

        CLASS   BANK10         

        CLASS   BANK11         

        CLASS   BANK12         

        CLASS   BANK13         

        CLASS   BANK14         

        CLASS   BANK15         

        CLASS   BANK16         

        CLASS   BANK17         

        CLASS   BANK18         

        CLASS   BANK19         

        CLASS   BANK20         

        CLASS   BANK21         

        CLASS   BANK22         

        CLASS   BANK23         

        CLASS   BANK24         

        CLASS   BANK25         

        CLASS   BANK26         

        CLASS   BANK27         

        CLASS   BANK28         

        CLASS   BANK29         

        CLASS   BANK30         

        CLASS   BANK31         

        CLASS   BANK32         

        CLASS   BANK33         

        CLASS   BANK34         

        CLASS   BANK35         

        CLASS   BANK36         

        CLASS   SFR            

        CLASS   BIGSFR         

        CLASS   CONFIG         
                config                           300000   300000        A         4

        CLASS   IDLOC          

        CLASS   EEDATA         

        CLASS   FARRAM         

        CLASS   STACK          



SEGMENTS        Name                           Load    Length   Top    Selector   Space  Class

                reset_vec                      000000  000004  000004         0       0  CODE    
                text18                         010000  002491  012491      8000       0  CODE    
                text6                          012492  000025  0124B7      9249       0  CODE    
                heap                           00066D  001E93  002500       66D       7  HEAP    
                ivt0x8                         000008  000016  00001E         4       0  CODE    
                dataBANK6                      000600  00006D  00066D       600       1  BANK6   
                bssBANK5                       000560  00009F  0005FF       560       1  BANK5   
                mediumconst                    00C144  003EBC  010000      60A2       0  MEDIUMCO
                cstackCOMRAM                   000501  00004D  00054E       501       1  COMRAM  


UNUSED ADDRESS RANGES

        Name                Unused          Largest block    Delta
        BANK10           000A00-000AFF              100
        BANK11           000B00-000BFF              100
        BANK12           000C00-000CFF              100
        BANK13           000D00-000DFF              100
        BANK14           000E00-000EFF              100
        BANK15           000F00-000FFF              100
        BANK16           001000-0010FF              100
        BANK17           001100-0011FF              100
        BANK18           001200-0012FF              100
        BANK19           001300-0013FF              100
        BANK20           001400-0014FF              100
        BANK21           001500-0015FF              100
        BANK22           001600-0016FF              100
        BANK23           001700-0017FF              100
        BANK24           001800-0018FF              100
        BANK25           001900-0019FF              100
        BANK26           001A00-001AFF              100
        BANK27           001B00-001BFF              100
        BANK28           001C00-001CFF              100
        BANK29           001D00-001DFF              100
        BANK30           001E00-001EFF              100
        BANK31           001F00-001FFF              100
        BANK32           002000-0020FF              100
        BANK33           002100-0021FF              100
        BANK34           002200-0022FF              100
        BANK35           002300-0023FF              100
        BANK36           002400-0024FF              100
        BANK5            0005FF-0005FF                1
        BANK6            00066D-0006FF               93
        BANK7            000700-0007FF              100
        BANK8            000800-0008FF              100
        BANK9            000900-0009FF              100
        BIGRAM           00054E-00055F               12
                         0005FF-0005FF                1
                         00066D-0024FF             1E93
        BIGSFR           000000-0004FF              500
                         002500-0025FF              100
        CODE             000004-000007                4
                         00001E-00C143             C126
                         012491-012491                1
                         0124B7-01FFFF             DB49
        COMRAM           00054E-00055F               12
        CONFIG           30000A-300011                8
        CONST            000004-000007                4
                         00001E-00C143             C126
                         012491-012491                1
                         0124B7-01FFFF             DB49
        EEDATA           380000-3803FF              400
        IDLOC            200000-20003F               40
        MEDIUMCONST      002600-00C143             9B44
                         012600-01FFFF             DA00
        RAM              0005FF-0005FF                1
                         00066D-0024FF              100
        SFR              000000-0004FF              100
                         002500-0025FF              100
        SMALLCONST       002600-00C143              100
                         012491-012491                1
                         0124B7-01FFFF              100

                                  Symbol Table

?_Nrf24_setRADDR                                              cstackCOMRAM 00051D
?_Nrf24_setTADDR                                              cstackCOMRAM 00051D
?___expand_heap                                               cstackCOMRAM 000513
?___simple_search_fl                                          cstackCOMRAM 000513
?_calculateAngle                                              cstackCOMRAM 000513
?_getAngle                                                    cstackCOMRAM 000513
?_get_docking_servo_angles                                    cstackCOMRAM 000513
?_get_docking_servo_angles_up                                 cstackCOMRAM 000513
?_get_grid_servo_angles                                       cstackCOMRAM 000513
?_malloc                                                      cstackCOMRAM 000528
?_strncmp                                                     cstackCOMRAM 000513
AdvancedSettings@dev                                          cstackCOMRAM 000521
DELAY_microseconds@microseconds                               cstackCOMRAM 000513
DELAY_milliseconds@milliseconds                               cstackCOMRAM 000513
INT0_SetInterruptHandler@InterruptHandler                     cstackCOMRAM 000513
INT1_SetInterruptHandler@InterruptHandler                     cstackCOMRAM 000513
INT2_SetInterruptHandler@InterruptHandler                     cstackCOMRAM 000513
IVTBASEH                                                      (abs)        00045E
IVTBASEL                                                      (abs)        00045D
IVTBASEU                                                      (abs)        00045F
Nrf24_SetSpeedDataRates@dev                                   cstackCOMRAM 00051D
Nrf24_SetSpeedDataRates@val                                   cstackCOMRAM 00051F
Nrf24_SetSpeedDataRates@value                                 cstackCOMRAM 000520
Nrf24_config@channel                                          cstackCOMRAM 000522
Nrf24_config@dev                                              cstackCOMRAM 000520
Nrf24_config@payload                                          cstackCOMRAM 000523
Nrf24_configRegister@reg                                      cstackCOMRAM 000516
Nrf24_configRegister@value                                    cstackCOMRAM 000515
Nrf24_dataReady@dev                                           cstackCOMRAM 000520
Nrf24_dataReady@status                                        cstackCOMRAM 000522
Nrf24_flushRx@dev                                             cstackCOMRAM 000515
Nrf24_getData@data                                            cstackCOMRAM 00051B
Nrf24_getData@dev                                             cstackCOMRAM 000519
Nrf24_getStatus@dev                                           cstackCOMRAM 00051D
Nrf24_getStatus@rv                                            cstackCOMRAM 00051F
Nrf24_init@dev                                                cstackCOMRAM 000514
Nrf24_powerUpRx@dev                                           cstackCOMRAM 000517
Nrf24_readRegister@len                                        cstackCOMRAM 00051B
Nrf24_readRegister@reg                                        cstackCOMRAM 00051C
Nrf24_readRegister@value                                      cstackCOMRAM 000519
Nrf24_setRADDR@adr                                            cstackCOMRAM 00051F
Nrf24_setRADDR@buffer                                         cstackCOMRAM 000524
Nrf24_setRADDR@dev                                            cstackCOMRAM 00051D
Nrf24_setRADDR@i                                              cstackCOMRAM 00052B
Nrf24_setRADDR@ret                                            cstackCOMRAM 000529
Nrf24_setRetransmitDelay@dev                                  cstackCOMRAM 00051D
Nrf24_setRetransmitDelay@val                                  cstackCOMRAM 00051F
Nrf24_setRetransmitDelay@value                                cstackCOMRAM 000520
Nrf24_setTADDR@adr                                            cstackCOMRAM 00051F
Nrf24_setTADDR@buffer                                         cstackCOMRAM 000524
Nrf24_setTADDR@dev                                            cstackCOMRAM 00051D
Nrf24_setTADDR@i                                              cstackCOMRAM 00052B
Nrf24_setTADDR@ret                                            cstackCOMRAM 000529
Nrf24_writeRegister@len                                       cstackCOMRAM 00051B
Nrf24_writeRegister@reg                                       cstackCOMRAM 00051C
Nrf24_writeRegister@value                                     cstackCOMRAM 000519
PWM1_16BIT_Period_SetInterruptHandler@InterruptHandler        cstackCOMRAM 000513
PWM1_16BIT_SetSlice1Output1DutyCycleRegister@registerValue    cstackCOMRAM 000513
PWM1_16BIT_Slice1Output1_SetInterruptHandler@InterruptHandler cstackCOMRAM 000513
PWM1_16BIT_Slice1Output2_SetInterruptHandler@InterruptHandler cstackCOMRAM 000513
PWM2_16BIT_Period_SetInterruptHandler@InterruptHandler        cstackCOMRAM 000513
PWM2_16BIT_SetSlice1Output1DutyCycleRegister@registerValue    cstackCOMRAM 000501
PWM2_16BIT_SetSlice1Output2DutyCycleRegister@registerValue    cstackCOMRAM 000501
PWM2_16BIT_Slice1Output1_SetInterruptHandler@InterruptHandler cstackCOMRAM 000513
PWM2_16BIT_Slice1Output2_SetInterruptHandler@InterruptHandler cstackCOMRAM 000513
PWM3_16BIT_Period_SetInterruptHandler@InterruptHandler        cstackCOMRAM 000513
PWM3_16BIT_SetSlice1Output1DutyCycleRegister@registerValue    cstackCOMRAM 000501
PWM3_16BIT_SetSlice1Output2DutyCycleRegister@registerValue    cstackCOMRAM 000501
PWM3_16BIT_Slice1Output1_SetInterruptHandler@InterruptHandler cstackCOMRAM 000513
PWM3_16BIT_Slice1Output2_SetInterruptHandler@InterruptHandler cstackCOMRAM 000513
SPI1_ByteExchange@byteData                                    cstackCOMRAM 000513
SPI1_ByteExchange@returnValue                                 cstackCOMRAM 000514
SPI1_Open@spiConfigIndex                                      cstackCOMRAM 000513
SPI_read_buff@buffer                                          cstackCOMRAM 000515
SPI_read_buff@bytes                                           cstackCOMRAM 000517
SPI_read_buff@i                                               cstackCOMRAM 000518
SPI_write_buff@buffer                                         cstackCOMRAM 000515
SPI_write_buff@bytes                                          cstackCOMRAM 000517
SPI_write_buff@i                                              cstackCOMRAM 000518
TMR0_OverflowCallbackRegister@callbackHandler                 cstackCOMRAM 000513
TMR1_CounterSet@onState                                       cstackCOMRAM 000503
TMR1_CounterSet@timerVal                                      cstackCOMRAM 000501
TMR1_OverflowCallbackRegister@CallbackHandler                 cstackCOMRAM 000513
TMR2_OverflowCallbackRegister@InterruptHandler                cstackCOMRAM 000513
TMR2_PeriodCountSet@periodVal                                 cstackCOMRAM 000513
_ACTCON                                                       (abs)        0000AC
_ANSELA                                                       (abs)        000400
_ANSELB                                                       (abs)        000408
_ANSELC                                                       (abs)        000410
_ANSELD                                                       (abs)        000418
_ANSELE                                                       (abs)        000420
_ANSELF                                                       (abs)        000428
_AdvancedSettings                                             text56       0121D8
_CLOCK_Initialize                                             text90       0122F0
_DAC1CON                                                      (abs)        00007F
_DAC1DAT                                                      (abs)        00007D
_DAC1DATL                                                     (abs)        00007D
_DAC1_Initialize                                              text89       0123F0
_DELAY_microseconds                                           text46       011BF6
_DELAY_milliseconds                                           text55       01202E
_HitSound                                                     mediumconst  00C226
_INLVLA                                                       (abs)        000404
_INLVLB                                                       (abs)        00040C
_INLVLC                                                       (abs)        000414
_INLVLD                                                       (abs)        00041C
_INLVLE                                                       (abs)        000424
_INLVLF                                                       (abs)        00042C
_INT0_DefaultInterruptHandler                                 (abs)        000000
_INT0_InterruptHandler                                        nvBANK5      0005DC
_INT0_SetInterruptHandler                                     text88       0123D6
_INT1_DefaultInterruptHandler                                 (abs)        000000
_INT1_InterruptHandler                                        nvBANK5      0005D9
_INT1_SetInterruptHandler                                     text87       0123C8
_INT2_DefaultInterruptHandler                                 (abs)        000000
_INT2_InterruptHandler                                        nvBANK5      0005D6
_INT2_SetInterruptHandler                                     text86       0123BA
_INTCON0bits                                                  (abs)        0004D6
_INTERRUPT_Initialize                                         text85       011E04
_INTERRUPT_InterruptManager                                   text91       011398
_IOCAF                                                        (abs)        000407
_IOCAN                                                        (abs)        000406
_IOCAP                                                        (abs)        000405
_IOCBF                                                        (abs)        00040F
_IOCBN                                                        (abs)        00040E
_IOCBP                                                        (abs)        00040D
_IOCCF                                                        (abs)        000417
_IOCCFbits                                                    (abs)        000417
_IOCCN                                                        (abs)        000416
_IOCCP                                                        (abs)        000415
_IOCEF                                                        (abs)        000427
_IOCEN                                                        (abs)        000426
_IOCEP                                                        (abs)        000425
_LATA                                                         (abs)        0004BE
_LATB                                                         (abs)        0004BF
_LATC                                                         (abs)        0004C0
_LATCbits                                                     (abs)        0004C0
_LATD                                                         (abs)        0004C1
_LATE                                                         (abs)        0004C2
_LATF                                                         (abs)        0004C3
_MissSound                                                    mediumconst  00EDEC
_Nrf24_SetSpeedDataRates                                      text58       011942
_Nrf24_config                                                 text51       01176A
_Nrf24_configRegister                                         text61       01226C
_Nrf24_dataReady                                              text50       01216A
_Nrf24_flushRx                                                text54       0123E4
_Nrf24_getData                                                text49       011FFC
_Nrf24_getStatus                                              text53       01229C
_Nrf24_init                                                   text47       0120BC
_Nrf24_powerUpRx                                              text52       0121B4
_Nrf24_readRegister                                           text59       01205E
_Nrf24_setRADDR                                               text43       0115B4
_Nrf24_setRetransmitDelay                                     text57       0120E8
_Nrf24_setTADDR                                               text42       011508
_Nrf24_writeRegister                                          text44       011FCA
_ODCONA                                                       (abs)        000402
_ODCONB                                                       (abs)        00040A
_ODCONC                                                       (abs)        000412
_ODCOND                                                       (abs)        00041A
_ODCONE                                                       (abs)        000422
_ODCONF                                                       (abs)        00042A
_OSCCON1                                                      (abs)        0000AD
_OSCCON3                                                      (abs)        0000AF
_OSCEN                                                        (abs)        0000B3
_OSCFRQ                                                       (abs)        0000B1
_OSCTUNE                                                      (abs)        0000B0
_PIE0bits                                                     (abs)        00049E
_PIE3bits                                                     (abs)        0004A1
_PIE4bits                                                     (abs)        0004A2
_PIE5bits                                                     (abs)        0004A3
_PIE7bits                                                     (abs)        0004A5
_PIN_MANAGER_IOC                                              text110      0122B2
_PIN_MANAGER_Initialize                                       text83       0112D4
_PIR0bits                                                     (abs)        0004AE
_PIR10bits                                                    (abs)        0004B8
_PIR1bits                                                     (abs)        0004AF
_PIR3bits                                                     (abs)        0004B1
_PIR4bits                                                     (abs)        0004B2
_PIR5bits                                                     (abs)        0004B3
_PIR6bits                                                     (abs)        0004B4
_PIR7bits                                                     (abs)        0004B5
_PR2                                                          (abs)        000323
_PWM1CLK                                                      (abs)        000461
_PWM1CON                                                      (abs)        000469
_PWM1CONbits                                                  (abs)        000469
_PWM1CPRE                                                     (abs)        000465
_PWM1ERS                                                      (abs)        000460
_PWM1GIE                                                      (abs)        000468
_PWM1GIEbits                                                  (abs)        000468
_PWM1GIR                                                      (abs)        000467
_PWM1GIRbits                                                  (abs)        000467
_PWM1LDS                                                      (abs)        000462
_PWM1PIPOS                                                    (abs)        000466
_PWM1PRH                                                      (abs)        000464
_PWM1PRL                                                      (abs)        000463
_PWM1S1CFG                                                    (abs)        00046A
_PWM1S1P1H                                                    (abs)        00046C
_PWM1S1P1L                                                    (abs)        00046B
_PWM1S1P2H                                                    (abs)        00046E
_PWM1S1P2L                                                    (abs)        00046D
_PWM1_16BIT_Disable                                           text34       0124A2
_PWM1_16BIT_Enable                                            text32       01249E
_PWM1_16BIT_Initialize                                        text79       011A80
_PWM1_16BIT_LoadBufferRegisters                               text17       01249A
_PWM1_16BIT_Period_DefaultInterruptHandler                    (abs)        000000
_PWM1_16BIT_Period_InterruptHandler                           nvBANK5      0005F4
_PWM1_16BIT_Period_SetInterruptHandler                        text82       01239E
_PWM1_16BIT_SetSlice1Output1DutyCycleRegister                 text16       012408
_PWM1_16BIT_Slice1Output1_DefaultInterruptHandler             (abs)        000000
_PWM1_16BIT_Slice1Output1_InterruptHandler                    nvCOMRAM     00054A
_PWM1_16BIT_Slice1Output1_SetInterruptHandler                 text81       012390
_PWM1_16BIT_Slice1Output2_DefaultInterruptHandler             (abs)        000000
_PWM1_16BIT_Slice1Output2_InterruptHandler                    nvBANK5      0005F7
_PWM1_16BIT_Slice1Output2_SetInterruptHandler                 text80       012382
_PWM2CLK                                                      (abs)        000470
_PWM2CON                                                      (abs)        000478
_PWM2CONbits                                                  (abs)        000478
_PWM2CPRE                                                     (abs)        000474
_PWM2ERS                                                      (abs)        00046F
_PWM2GIE                                                      (abs)        000477
_PWM2GIEbits                                                  (abs)        000477
_PWM2GIR                                                      (abs)        000476
_PWM2GIRbits                                                  (abs)        000476
_PWM2LDS                                                      (abs)        000471
_PWM2PIPOS                                                    (abs)        000475
_PWM2PRH                                                      (abs)        000473
_PWM2PRL                                                      (abs)        000472
_PWM2S1CFG                                                    (abs)        000479
_PWM2S1P1H                                                    (abs)        00047B
_PWM2S1P1L                                                    (abs)        00047A
_PWM2S1P2H                                                    (abs)        00047D
_PWM2S1P2L                                                    (abs)        00047C
_PWM2_16BIT_Enable                                            text7        012496
_PWM2_16BIT_Initialize                                        text75       011A18
_PWM2_16BIT_LoadBufferRegisters                               text100      0124AA
_PWM2_16BIT_Period_DefaultInterruptHandler                    (abs)        000000
_PWM2_16BIT_Period_InterruptHandler                           nvBANK5      0005EB
_PWM2_16BIT_Period_SetInterruptHandler                        text78       012374
_PWM2_16BIT_SetSlice1Output1DutyCycleRegister                 text99       01243A
_PWM2_16BIT_SetSlice1Output2DutyCycleRegister                 text98       012430
_PWM2_16BIT_Slice1Output1_DefaultInterruptHandler             (abs)        000000
_PWM2_16BIT_Slice1Output1_InterruptHandler                    nvBANK5      0005F1
_PWM2_16BIT_Slice1Output1_SetInterruptHandler                 text77       012366
_PWM2_16BIT_Slice1Output2_DefaultInterruptHandler             (abs)        000000
_PWM2_16BIT_Slice1Output2_InterruptHandler                    nvBANK5      0005EE
_PWM2_16BIT_Slice1Output2_SetInterruptHandler                 text76       012358
_PWM3CLK                                                      (abs)        00047F
_PWM3CON                                                      (abs)        000487
_PWM3CONbits                                                  (abs)        000487
_PWM3CPRE                                                     (abs)        000483
_PWM3ERS                                                      (abs)        00047E
_PWM3GIE                                                      (abs)        000486
_PWM3GIEbits                                                  (abs)        000486
_PWM3GIR                                                      (abs)        000485
_PWM3GIRbits                                                  (abs)        000485
_PWM3LDS                                                      (abs)        000480
_PWM3PIPOS                                                    (abs)        000484
_PWM3PRH                                                      (abs)        000482
_PWM3PRL                                                      (abs)        000481
_PWM3S1CFG                                                    (abs)        000488
_PWM3S1P1H                                                    (abs)        00048A
_PWM3S1P1L                                                    (abs)        000489
_PWM3S1P2H                                                    (abs)        00048C
_PWM3S1P2L                                                    (abs)        00048B
_PWM3_16BIT_Enable                                            text6        012492
_PWM3_16BIT_Initialize                                        text71       0119B0
_PWM3_16BIT_LoadBufferRegisters                               text97       0124A6
_PWM3_16BIT_Period_DefaultInterruptHandler                    (abs)        000000
_PWM3_16BIT_Period_InterruptHandler                           nvBANK5      0005E2
_PWM3_16BIT_Period_SetInterruptHandler                        text74       01234A
_PWM3_16BIT_SetSlice1Output1DutyCycleRegister                 text96       012426
_PWM3_16BIT_SetSlice1Output2DutyCycleRegister                 text95       01241C
_PWM3_16BIT_Slice1Output1_DefaultInterruptHandler             (abs)        000000
_PWM3_16BIT_Slice1Output1_InterruptHandler                    nvBANK5      0005E8
_PWM3_16BIT_Slice1Output1_SetInterruptHandler                 text73       01233C
_PWM3_16BIT_Slice1Output2_DefaultInterruptHandler             (abs)        000000
_PWM3_16BIT_Slice1Output2_InterruptHandler                    nvBANK5      0005E5
_PWM3_16BIT_Slice1Output2_SetInterruptHandler                 text72       01232E
_RB0PPS                                                       (abs)        000209
_RB1I2C                                                       (abs)        000289
_RB1PPS                                                       (abs)        00020A
_RB2I2C                                                       (abs)        000288
_RB2PPS                                                       (abs)        00020B
_RB3PPS                                                       (abs)        00020C
_RC0PPS                                                       (abs)        000211
_RC3I2C                                                       (abs)        000287
_RC3PPS                                                       (abs)        000214
_RC4I2C                                                       (abs)        000286
_RC4PPS                                                       (abs)        000215
_SLRCONA                                                      (abs)        000403
_SLRCONB                                                      (abs)        00040B
_SLRCONC                                                      (abs)        000413
_SLRCOND                                                      (abs)        00041B
_SLRCONE                                                      (abs)        000423
_SLRCONF                                                      (abs)        00042B
_SPI1BAUD                                                     (abs)        000089
_SPI1CLK                                                      (abs)        00008C
_SPI1CON0                                                     (abs)        000084
_SPI1CON0bits                                                 (abs)        000084
_SPI1CON1                                                     (abs)        000085
_SPI1CON2                                                     (abs)        000086
_SPI1INTFbits                                                 (abs)        00008A
_SPI1RXB                                                      (abs)        000080
_SPI1SCKPPS                                                   (abs)        00026A
_SPI1SDIPPS                                                   (abs)        00026B
_SPI1STATUSbits                                               (abs)        000087
_SPI1TCNTH                                                    (abs)        000083
_SPI1TCNTL                                                    (abs)        000082
_SPI1TXB                                                      (abs)        000081
_SPI1_BufferExchange                                          (abs)        000000
_SPI1_BufferRead                                              (abs)        000000
_SPI1_BufferWrite                                             (abs)        000000
_SPI1_ByteExchange                                            text62       012114
_SPI1_ByteRead                                                (abs)        000000
_SPI1_ByteWrite                                               (abs)        000000
_SPI1_Close                                                   (abs)        000000
_SPI1_Deinitialize                                            (abs)        000000
_SPI1_Host                                                    mediumconst  00C1DB
_SPI1_Initialize                                              text70       012284
_SPI1_IsRxReady                                               (abs)        000000
_SPI1_IsTxReady                                               (abs)        000000
_SPI1_Open                                                    text48       011142
_SPI_read_buff                                                text60       011F30
_SPI_write_buff                                               text45       011DC0
_SYSTEM_Initialize                                            text65       01208E
_T0CON0                                                       (abs)        00031A
_T0CON0bits                                                   (abs)        00031A
_T0CON1                                                       (abs)        00031B
_T1CLK                                                        (abs)        000321
_T1CON                                                        (abs)        00031E
_T1CONbits                                                    (abs)        00031E
_T1GATE                                                       (abs)        000320
_T1GCON                                                       (abs)        00031F
_T1GCONbits                                                   (abs)        00031F
_T2CLKCON                                                     (abs)        000326
_T2CON                                                        (abs)        000324
_T2CONbits                                                    (abs)        000324
_T2HLT                                                        (abs)        000325
_T2HLTbits                                                    (abs)        000325
_T2PR                                                         (abs)        000323
_T2RST                                                        (abs)        000327
_T2RSTbits                                                    (abs)        000327
_T2TMR                                                        (abs)        000322
_TMR0H                                                        (abs)        000319
_TMR0L                                                        (abs)        000318
_TMR0_DefaultCallback                                         text107      0124B2
_TMR0_ISR                                                     text106      011E84
_TMR0_Initialize                                              text69       011F64
_TMR0_OverflowCallback                                        nvBANK5      0005D3
_TMR0_OverflowCallbackRegister                                text39       012312
_TMR0_Start                                                   text20       01244A
_TMR0_Stop                                                    text64       012474
_TMR1H                                                        (abs)        00031D
_TMR1L                                                        (abs)        00031C
_TMR1_CounterSet                                              text105      011D7A
_TMR1_DefaultGateCallback                                     (abs)        000000
_TMR1_DefaultOverflowCallback                                 text102      0124B0
_TMR1_GateCallback                                            nvBANK6      00066A
_TMR1_Initialize                                              text68       011D32
_TMR1_OverflowCallback                                        nvBANK5      0005CD
_TMR1_OverflowCallbackRegister                                text13       012304
_TMR1_OverflowISR                                             text101      011E44
_TMR1_Start                                                   text41       012468
_TMR1_Stop                                                    text12       012444
_TMR2                                                         (abs)        000322
_TMR2_DefaultOverflowCallback                                 text93       0124AE
_TMR2_ISR                                                     text92       0121FA
_TMR2_Initialize                                              text66       012140
_TMR2_OverflowCallback                                        nvBANK5      0005D0
_TMR2_OverflowCallbackRegister                                text67       012320
_TMR2_PeriodCountSet                                          text35       01245C
_TMR2_Start                                                   text40       012462
_TMR2_Stop                                                    text63       01246E
_TRISA                                                        (abs)        0004C6
_TRISB                                                        (abs)        0004C7
_TRISC                                                        (abs)        0004C8
_TRISCbits                                                    (abs)        0004C8
_TRISD                                                        (abs)        0004C9
_TRISE                                                        (abs)        0004CA
_TRISF                                                        (abs)        0004CB
_Timer2                                                       mediumconst  00C205
_WPUA                                                         (abs)        000401
_WPUB                                                         (abs)        000409
_WPUC                                                         (abs)        000411
_WPUD                                                         (abs)        000419
_WPUE                                                         (abs)        000421
_WPUF                                                         (abs)        000429
__HRAM                                                        (abs)        000000
__H__absolute__                                               __absolute__ 000000
__Habs1                                                       abs1         000000
__Hbank10                                                     bank10       000000
__Hbank11                                                     bank11       000000
__Hbank12                                                     bank12       000000
__Hbank13                                                     bank13       000000
__Hbank14                                                     bank14       000000
__Hbank15                                                     bank15       000000
__Hbank16                                                     bank16       000000
__Hbank17                                                     bank17       000000
__Hbank18                                                     bank18       000000
__Hbank19                                                     bank19       000000
__Hbank20                                                     bank20       000000
__Hbank21                                                     bank21       000000
__Hbank22                                                     bank22       000000
__Hbank23                                                     bank23       000000
__Hbank24                                                     bank24       000000
__Hbank25                                                     bank25       000000
__Hbank26                                                     bank26       000000
__Hbank27                                                     bank27       000000
__Hbank28                                                     bank28       000000
__Hbank29                                                     bank29       000000
__Hbank30                                                     bank30       000000
__Hbank31                                                     bank31       000000
__Hbank32                                                     bank32       000000
__Hbank33                                                     bank33       000000
__Hbank34                                                     bank34       000000
__Hbank35                                                     bank35       000000
__Hbank36                                                     bank36       000000
__Hbank5                                                      bank5        000000
__Hbank6                                                      bank6        000000
__Hbank7                                                      bank7        000000
__Hbank8                                                      bank8        000000
__Hbank9                                                      bank9        000000
__Hbigbss                                                     bigbss       000000
__Hbigdata                                                    bigdata      000000
__Hbigram                                                     bigram       000000
__Hbigsfr                                                     bigsfr       000000
__Hbss                                                        bss          000000
__HbssBANK5                                                   bssBANK5     000000
__HbssBANK6                                                   bssBANK6     000000
__HbssCOMRAM                                                  bssCOMRAM    000000
__Hcinit                                                      cinit        000000
__Hclrtext                                                    clrtext      000000
__Hcomram                                                     comram       000000
__Hconfig                                                     config       30000A
__Hconst                                                      const        000000
__HcstackBANK5                                                cstackBANK5  000000
__HcstackBANK6                                                cstackBANK6  000000
__HcstackCOMRAM                                               cstackCOMRAM 000000
__Hdata                                                       data         000000
__HdataBANK5                                                  dataBANK5    000000
__HdataBANK6                                                  dataBANK6    000000
__HdataCOMRAM                                                 dataCOMRAM   000000
__Heeprom_data                                                eeprom_data  000000
__Hfarbss                                                     farbss       000000
__Hfardata                                                    fardata      000000
__Hheap                                                       heap         002500
__Hibigdata                                                   ibigdata     000000
__Hidata                                                      idata        000000
__HidataBANK5                                                 idataBANK5   000000
__HidataBANK6                                                 idataBANK6   000000
__HidataCOMRAM                                                idataCOMRAM  000000
__Hidloc                                                      idloc        000000
__Hifardata                                                   ifardata     000000
__Hinit                                                       init         00001E
__Hintsave_regs                                               intsave_regs 000000
__Hirdata                                                     irdata       000000
__Hivt0x8                                                     ivt0x8       00001A
__Hmediumconst                                                mediumconst  010000
__HnvBANK5                                                    nvBANK5      000000
__HnvBANK6                                                    nvBANK6      000000
__HnvCOMRAM                                                   nvCOMRAM     000000
__HnvFARRAM                                                   nvFARRAM     000000
__Hnvbit                                                      nvbit        000000
__Hnvrram                                                     nvrram       000000
__Hparam                                                      rparam       000000
__Hpowerup                                                    powerup      000000
__Hram                                                        ram          000000
__Hramtop                                                     ramtop       002600
__Hrbit                                                       rbit         000000
__Hrbss                                                       rbss         000000
__Hrdata                                                      rdata        000000
__Hreset_vec                                                  reset_vec    000004
__Hrparam                                                     rparam       000000
__Hsfr                                                        sfr          000000
__Hsmallconst                                                 smallconst   000000
__Hspace_0                                                    (abs)        0124B7
__Hspace_1                                                    (abs)        00066D
__Hspace_2                                                    (abs)        000000
__Hspace_4                                                    (abs)        60000A
__Hstack                                                      stack        000000
__Hstruct                                                     struct       000000
__Htemp                                                       temp         000000
__Htext                                                       text         000000
__Htext0                                                      text0        000000
__Htext1                                                      text1        000000
__Htext10                                                     text10       000000
__Htext100                                                    text100      000000
__Htext101                                                    text101      000000
__Htext102                                                    text102      000000
__Htext103                                                    text103      000000
__Htext104                                                    text104      000000
__Htext105                                                    text105      000000
__Htext106                                                    text106      000000
__Htext107                                                    text107      000000
__Htext108                                                    text108      000000
__Htext109                                                    text109      000000
__Htext11                                                     text11       000000
__Htext110                                                    text110      000000
__Htext111                                                    text111      000000
__Htext112                                                    text112      000000
__Htext113                                                    text113      000000
__Htext12                                                     text12       000000
__Htext13                                                     text13       000000
__Htext14                                                     text14       000000
__Htext15                                                     text15       000000
__Htext16                                                     text16       000000
__Htext17                                                     text17       000000
__Htext18                                                     text18       000000
__Htext19                                                     text19       000000
__Htext2                                                      text2        000000
__Htext20                                                     text20       000000
__Htext21                                                     text21       000000
__Htext22                                                     text22       000000
__Htext23                                                     text23       000000
__Htext24                                                     text24       000000
__Htext25                                                     text25       000000
__Htext26                                                     text26       000000
__Htext27                                                     text27       000000
__Htext28                                                     text28       000000
__Htext29                                                     text29       000000
__Htext3                                                      text3        000000
__Htext30                                                     text30       000000
__Htext31                                                     text31       000000
__Htext32                                                     text32       000000
__Htext33                                                     text33       000000
__Htext34                                                     text34       000000
__Htext35                                                     text35       000000
__Htext36                                                     text36       000000
__Htext37                                                     text37       000000
__Htext38                                                     text38       000000
__Htext39                                                     text39       000000
__Htext4                                                      text4        000000
__Htext40                                                     text40       000000
__Htext41                                                     text41       000000
__Htext42                                                     text42       000000
__Htext43                                                     text43       000000
__Htext44                                                     text44       000000
__Htext45                                                     text45       000000
__Htext46                                                     text46       000000
__Htext47                                                     text47       000000
__Htext48                                                     text48       000000
__Htext49                                                     text49       000000
__Htext5                                                      text5        000000
__Htext50                                                     text50       000000
__Htext51                                                     text51       000000
__Htext52                                                     text52       000000
__Htext53                                                     text53       000000
__Htext54                                                     text54       000000
__Htext55                                                     text55       000000
__Htext56                                                     text56       000000
__Htext57                                                     text57       000000
__Htext58                                                     text58       000000
__Htext59                                                     text59       000000
__Htext6                                                      text6        000000
__Htext60                                                     text60       000000
__Htext61                                                     text61       000000
__Htext62                                                     text62       000000
__Htext63                                                     text63       000000
__Htext64                                                     text64       000000
__Htext65                                                     text65       000000
__Htext66                                                     text66       000000
__Htext67                                                     text67       000000
__Htext68                                                     text68       000000
__Htext69                                                     text69       000000
__Htext7                                                      text7        000000
__Htext70                                                     text70       000000
__Htext71                                                     text71       000000
__Htext72                                                     text72       000000
__Htext73                                                     text73       000000
__Htext74                                                     text74       000000
__Htext75                                                     text75       000000
__Htext76                                                     text76       000000
__Htext77                                                     text77       000000
__Htext78                                                     text78       000000
__Htext79                                                     text79       000000
__Htext8                                                      text8        000000
__Htext80                                                     text80       000000
__Htext81                                                     text81       000000
__Htext82                                                     text82       000000
__Htext83                                                     text83       000000
__Htext84                                                     text84       000000
[...]
_enablePWM                                                    text5        012252
_errno                                                        bssCOMRAM    00053F
_getAngle                                                     text30       01221A
_get_adjusted_servo_angles                                    text29       010E54
_get_adjusted_servo_angles$2877                               cstackCOMRAM 00051D
_get_adjusted_servo_angles_up                                 text28       010D2E
_get_adjusted_servo_angles_up$2884                            cstackCOMRAM 00051D
_get_dependent_servo_angle                                    text27       01120C
_get_dependent_servo_angle$2870                               cstackCOMRAM 00051B
_get_docking_servo_angles                                     text26       0122DC
_get_docking_servo_angles_up                                  text25       0122C8
_get_grid_servo_angles                                        text24       011CE6
_grid_angles                                                  mediumconst  00FDE4
_grid_angles_up                                               mediumconst  00C145
_index                                                        bssCOMRAM    000541
_initServo                                                    text37       0118D0
_isrTim0                                                      text94       010784
_main                                                         text0        011F98
_malloc                                                       text9        010BCC
_memcpy                                                       text4        011C48
_move_servo_to_angles                                         text23       01185E
_move_servo_to_int                                            text22       011B48
_nRF24_IRQ_DefaultInterruptHandler                            text112      0124B4
_nRF24_IRQ_ISR                                                text111      011EFA
_nRF24_IRQ_InterruptHandler                                   nvBANK5      0005DF
_nRF24_IRQ_SetInterruptHandler                                text84       0123AC
_next_state                                                   bssBANK5     00059B
_nrf_flag                                                     bssCOMRAM    000549
_nrf_irq                                                      text113      012486
_parse_robot_message                                          text3        010F7A
_previous_state                                               bssBANK5     00059A
_process_fsm                                                  bssBANK5     000594
_rf24_crclength                                               mediumconst  00FE7A
_rf24_datarates                                               dataBANK6    000620
_rf24_pa_dbm                                                  dataBANK6    000600
_servoMovement                                                text21       01164E
_servos                                                       bssBANK5     000560
_set_magnet_strength                                          text15       011AE6
_slave                                                        text1        0109CE
_sound                                                        bssCOMRAM    000543
_spi1_configuration                                           mediumconst  00C217
_start_fsm_delay                                              text19       012412
_state_done                                                   dataCOMRAM   00054D
_strncmp                                                      text2        011070
_target_boat                                                  bssBANK5     000598
_target_orientation                                           bssBANK5     000595
_target_x                                                     bssBANK5     000597
_target_y                                                     bssBANK5     000596
_tim_1_irs                                                    text103      0117E6
_timer1ReloadVal                                              bssCOMRAM    000545
_tmr0PeriodCount                                              bssCOMRAM    000547
arm_fsm_update@F297                                           dataBANK5    0005FA
arm_fsm_update@angles                                         cstackBANK5  0005A9
arm_fsm_update@angles_2826                                    cstackBANK5  0005AB
arm_fsm_update@angles_2832                                    cstackBANK5  0005C5
arm_fsm_update@angles_2833                                    cstackBANK5  0005A1
arm_fsm_update@angles_2834                                    cstackBANK5  0005A5
arm_fsm_update@idle_angles                                    cstackBANK5  00059D
arm_fsm_update@moveup_angles                                  cstackBANK5  0005AD
arm_fsm_update@moveup_angles_2828                             cstackBANK5  0005B5
arm_fsm_update@moveup_angles_2830                             cstackBANK5  0005BD
arm_set_target@boat_id                                        cstackCOMRAM 000519
arm_set_target@is_vertical                                    cstackCOMRAM 000517
arm_set_target@mode                                           cstackCOMRAM 000518
arm_set_target@x                                              cstackCOMRAM 000515
arm_set_target@y                                              cstackCOMRAM 000516
calculateAngle@angleDeg                                       cstackCOMRAM 000517
end_of_initialization                                         cinit        011764
getAngle@i                                                    cstackCOMRAM 000515
get_adjusted_servo_angles@i                                   cstackCOMRAM 000520
get_adjusted_servo_angles@is_vertical                         cstackCOMRAM 000514
get_adjusted_servo_angles@out_angles                          cstackCOMRAM 000515
get_adjusted_servo_angles@x                                   cstackCOMRAM 00051F
get_adjusted_servo_angles@y                                   cstackCOMRAM 000513
get_adjusted_servo_angles_up@i                                cstackCOMRAM 000520
get_adjusted_servo_angles_up@is_vertical                      cstackCOMRAM 000514
get_adjusted_servo_angles_up@out_angles                       cstackCOMRAM 000515
get_adjusted_servo_angles_up@x                                cstackCOMRAM 00051F
get_adjusted_servo_angles_up@y                                cstackCOMRAM 000513
get_dependent_servo_angle@is_vertical                         cstackCOMRAM 000514
get_dependent_servo_angle@x                                   cstackCOMRAM 00051D
get_dependent_servo_angle@y                                   cstackCOMRAM 000513
get_docking_servo_angles@boat_id                              cstackCOMRAM 000516
get_docking_servo_angles_up@boat_id                           cstackCOMRAM 000516
get_grid_servo_angles@x                                       cstackCOMRAM 00051A
get_grid_servo_angles@y                                       cstackCOMRAM 000513
i2_TMR0_Stop                                                  text109      012480
i2_TMR1_Stop                                                  text104      01247A
intlevel0                                                     text         000000
intlevel1                                                     text         000000
intlevel2                                                     text         000000
intlevel3                                                     text         000000
isa$std                                                       (abs)        000001
isa$xinst                                                     (abs)        000000
isrTim0@i                                                     cstackCOMRAM 00050B
ivt0x8_base                                                   ivt0x8       000008
malloc@cur                                                    bssCOMRAM    00053D
malloc@end                                                    bssCOMRAM    00053B
malloc@lock                                                   bssBANK5     000590
malloc@m                                                      cstackCOMRAM 00052D
malloc@n                                                      cstackCOMRAM 000528
malloc@new                                                    cstackCOMRAM 000533
malloc@p                                                      cstackCOMRAM 000531
malloc@sz                                                     cstackCOMRAM 00052F
memcpy@d                                                      cstackCOMRAM 00051A
memcpy@d1                                                     cstackCOMRAM 000513
memcpy@n                                                      cstackCOMRAM 000517
memcpy@s                                                      cstackCOMRAM 00051C
memcpy@s1                                                     cstackCOMRAM 000515
memcpy@tmp                                                    cstackCOMRAM 000519
move_servo_to_angles@angles                                   cstackCOMRAM 000518
move_servo_to_angles@i                                        cstackCOMRAM 00051C
move_servo_to_int@i                                           cstackCOMRAM 000517
move_servo_to_int@intAngles                                   cstackCOMRAM 000513
nRF24_IRQ_SetInterruptHandler@InterruptHandler                cstackCOMRAM 000513
parse_robot_message@out                                       cstackCOMRAM 000520
parse_robot_message@raw_data                                  cstackCOMRAM 00051E
servoMovement@i                                               cstackCOMRAM 00051B
slave@dev                                                     cstackBANK6  000667
slave@pvParameters                                            cstackCOMRAM 000535
slave@ret                                                     cstackBANK6  000658
slave@rob                                                     cstackBANK6  00065A
stackhi                                                       (abs)        000000
stacklo                                                       (abs)        000000
start                                                         init         00001A
start_initialization                                          cinit        0116E0
strncmp@l                                                     cstackCOMRAM 000513
strncmp@n                                                     cstackCOMRAM 000517
strncmp@r                                                     cstackCOMRAM 000515


MODULE INFORMATION

Module		Function		Class		Link	Load	Size
servo.c
		_move_servo_to_int		CODE           	11B48	0000	88
		_disableMagnet 		CODE           	12456	0000	6
		_isrTim0       		CODE           	10784	0000	586
		_enablePWM     		CODE           	12252	0000	26
		_enableMagnet  		CODE           	12450	0000	6
		_initServo     		CODE           	118D0	0000	114
		_move_servo_to_angles		CODE           	1185E	0000	114
		_getAngle      		CODE           	1221A	0000	28
		_servoMovement 		CODE           	1164E	0000	146
		_calculateAngle		CODE           	12236	0000	28

servo.c estimated size: 1142

/opt/microchip/xc8/v2.50/pic/sources/c99/common/lite_malloc.c
		_malloc        		CODE           	10BCC	0000	354

/opt/microchip/xc8/v2.50/pic/sources/c99/common/lite_malloc.c estimated size: 354

mcc_generated_files/pwm/src/pwm3_16bit.c
		_PWM3_16BIT_Enable		CODE           	12492	0000	4
		_PWM3_16BIT_Period_SetInterruptHandler		CODE           	1234A	0000	14
		_PWM3_16BIT_Slice1Output1_SetInterruptHandler		CODE           	1233C	0000	14
		_PWM3_16BIT_Slice1Output2_SetInterruptHandler		CODE           	1232E	0000	14
		_PWM3_16BIT_Initialize		CODE           	119B0	0000	104
		_PWM3_16BIT_LoadBufferRegisters		CODE           	124A6	0000	4
		_PWM3_16BIT_SetSlice1Output1DutyCycleRegister		CODE           	12426	0000	10
		_PWM3_16BIT_SetSlice1Output2DutyCycleRegister		CODE           	1241C	0000	10

mcc_generated_files/pwm/src/pwm3_16bit.c estimated size: 174

message_parser.c
		_parse_robot_message		CODE           	10F7A	0000	246

message_parser.c estimated size: 246

mcc_generated_files/timer/src/tmr1.c
		_TMR1_Initialize		CODE           	11D32	0000	72
		_TMR1_Stop     		CODE           	12444	0000	6
		_TMR1_Start    		CODE           	12468	0000	6
		_TMR1_OverflowCallbackRegister		CODE           	12304	0000	14
		_TMR1_DefaultOverflowCallback		CODE           	124B0	0000	2
		_TMR1_CounterSet		CODE           	11D7A	0000	70
		_TMR1_OverflowISR		CODE           	11E44	0000	64

mcc_generated_files/timer/src/tmr1.c estimated size: 234

mcc_generated_files/system/src/interrupt.c
		_INT0_SetInterruptHandler		CODE           	123D6	0000	14
		_INT1_SetInterruptHandler		CODE           	123C8	0000	14
		_INT2_SetInterruptHandler		CODE           	123BA	0000	14
		_INTERRUPT_Initialize		CODE           	11E04	0000	64
		_INTERRUPT_InterruptManager		CODE           	11398	0000	194

mcc_generated_files/system/src/interrupt.c estimated size: 300

mcc_generated_files/pwm/src/pwm1_16bit.c
		_PWM1_16BIT_Disable		CODE           	124A2	0000	4
		_PWM1_16BIT_Period_SetInterruptHandler		CODE           	1239E	0000	14
		_PWM1_16BIT_Slice1Output1_SetInterruptHandler		CODE           	12390	0000	14
		_PWM1_16BIT_Slice1Output2_SetInterruptHandler		CODE           	12382	0000	14
		_PWM1_16BIT_Initialize		CODE           	11A80	0000	102
		_PWM1_16BIT_LoadBufferRegisters		CODE           	1249A	0000	4
		_PWM1_16BIT_SetSlice1Output1DutyCycleRegister		CODE           	12408	0000	10
		_PWM1_16BIT_Enable		CODE           	1249E	0000	4

mcc_generated_files/pwm/src/pwm1_16bit.c estimated size: 166

/opt/microchip/xc8/v2.50/pic/sources/c99/common/strncmp.c
		_strncmp       		CODE           	11070	0000	210

/opt/microchip/xc8/v2.50/pic/sources/c99/common/strncmp.c estimated size: 210

/opt/microchip/xc8/v2.50/pic/sources/c99/common/memcpy.c
		_memcpy        		CODE           	11C48	0000	80

/opt/microchip/xc8/v2.50/pic/sources/c99/common/memcpy.c estimated size: 80

/opt/microchip/xc8/v2.50/pic/sources/c99/common/lite_free.c
		___simple_search_fl		CODE           	1050E	0000	630

/opt/microchip/xc8/v2.50/pic/sources/c99/common/lite_free.c estimated size: 630

mcc_generated_files/system/src/pins.c
		_PIN_MANAGER_Initialize		CODE           	112D4	0000	196
		_nRF24_IRQ_DefaultInterruptHandler		CODE           	124B4	0000	2
		_nRF24_IRQ_ISR 		CODE           	11EFA	0000	54
		_nRF24_IRQ_SetInterruptHandler		CODE           	123AC	0000	14
		_PIN_MANAGER_IOC		CODE           	122B2	0000	22

mcc_generated_files/system/src/pins.c estimated size: 288

mcc_generated_files/timer/src/delay.c
		_DELAY_milliseconds		CODE           	1202E	0000	48
		_DELAY_microseconds		CODE           	11BF6	0000	82

mcc_generated_files/timer/src/delay.c estimated size: 130

mcc_generated_files/dac/src/dac1.c
		_DAC1_Initialize		CODE           	123F0	0000	12

mcc_generated_files/dac/src/dac1.c estimated size: 12

shared
		_grid_angles   		MEDIUMCONST    	FDE4	0000	150
		_docking_positions		MEDIUMCONST    	FEA8	0000	16
		_rf24_crclength		MEDIUMCONST    	FE7A	0000	30
		_HitSound      		MEDIUMCONST    	C226	0000	11206
		i2_TMR1_Stop   		CODE           	1247A	0000	6
		_Timer2        		MEDIUMCONST    	C205	0000	18
		_grid_angles_up		MEDIUMCONST    	C145	0000	150
		__initialization		CODE           	116E0	0000	132
		_SPI1_Host     		MEDIUMCONST    	C1DB	0000	42
		_docking_up    		MEDIUMCONST    	FE98	0000	16
		_spi1_configuration		MEDIUMCONST    	C217	0000	15
		i2_TMR0_Stop   		CODE           	12480	0000	6
		_MissSound     		MEDIUMCONST    	EDEC	0000	4088

shared estimated size: 15875

mirf.c
		_Nrf24_writeRegister		CODE           	11FCA	0000	50
		_Nrf24_dataReady		CODE           	1216A	0000	38
		_Nrf24_getStatus		CODE           	1229C	0000	22
		_SPI_write_buff		CODE           	11DC0	0000	68
		_SPI_read_buff 		CODE           	11F30	0000	52
		_Nrf24_powerUpRx		CODE           	121B4	0000	36
		_Nrf24_setRetransmitDelay		CODE           	120E8	0000	44
		_Nrf24_getData 		CODE           	11FFC	0000	50
		_Nrf24_configRegister		CODE           	1226C	0000	24
		_Nrf24_SetSpeedDataRates		CODE           	11942	0000	110
		_Nrf24_readRegister		CODE           	1205E	0000	48
		_Nrf24_config  		CODE           	1176A	0000	124
		_Nrf24_init    		CODE           	120BC	0000	44
		_Nrf24_flushRx 		CODE           	123E4	0000	12
		_Nrf24_setRADDR		CODE           	115B4	0000	154
		_Nrf24_setTADDR		CODE           	11508	0000	172

mirf.c estimated size: 1048

grid_lookup.c
		_get_grid_servo_angles		CODE           	11CE6	0000	76
		_get_adjusted_servo_angles		CODE           	10E54	0000	294
		_get_adjusted_servo_angles_up		CODE           	10D2E	0000	294
		_get_dependent_servo_angle		CODE           	1120C	0000	200

grid_lookup.c estimated size: 864

arm_fsm.c
		_arm_set_target		CODE           	11C98	0000	78
		_delay         		CODE           	123FC	0000	12
		_start_fsm_delay		CODE           	12412	0000	10
		_arm_fsm_init  		CODE           	12190	0000	36
		_arm_fsm_update		CODE           	10000	0000	1294
		_set_magnet_strength		CODE           	11AE6	0000	98

arm_fsm.c estimated size: 1528

mcc_generated_files/timer/src/tmr2.c
		_TMR2_ISR      		CODE           	121FA	0000	32
		_TMR2_PeriodCountSet		CODE           	1245C	0000	6
		_TMR2_Initialize		CODE           	12140	0000	42
		_TMR2_Stop     		CODE           	1246E	0000	6
		_TMR2_Start    		CODE           	12462	0000	6
		_TMR2_OverflowCallbackRegister		CODE           	12320	0000	14
		_TMR2_DefaultOverflowCallback		CODE           	124AE	0000	2

mcc_generated_files/timer/src/tmr2.c estimated size: 108

mcc_generated_files/system/src/clock.c
		_CLOCK_Initialize		CODE           	122F0	0000	20

mcc_generated_files/system/src/clock.c estimated size: 20

mcc_generated_files/timer/src/tmr0.c
		_TMR0_DefaultCallback		CODE           	124B2	0000	2
		_TMR0_OverflowCallbackRegister		CODE           	12312	0000	14
		_TMR0_ISR      		CODE           	11E84	0000	62
		_TMR0_Initialize		CODE           	11F64	0000	52
		_TMR0_Stop     		CODE           	12474	0000	6
		_TMR0_Start    		CODE           	1244A	0000	6

mcc_generated_files/timer/src/tmr0.c estimated size: 142

/opt/microchip/xc8/v2.50/pic/sources/c99/common/expand_heap.c
		___expand_heap 		CODE           	1145A	0000	174

/opt/microchip/xc8/v2.50/pic/sources/c99/common/expand_heap.c estimated size: 174

main.c
		_nrf_irq       		CODE           	12486	0000	6
		_main          		CODE           	11F98	0000	50
		_slave         		CODE           	109CE	0000	510
		_AdvancedSettings		CODE           	121D8	0000	34

main.c estimated size: 600

mcc_generated_files/pwm/src/pwm2_16bit.c
		_PWM2_16BIT_Period_SetInterruptHandler		CODE           	12374	0000	14
		_PWM2_16BIT_Slice1Output1_SetInterruptHandler		CODE           	12366	0000	14
		_PWM2_16BIT_Slice1Output2_SetInterruptHandler		CODE           	12358	0000	14
		_PWM2_16BIT_Initialize		CODE           	11A18	0000	104
		_PWM2_16BIT_LoadBufferRegisters		CODE           	124AA	0000	4
		_PWM2_16BIT_SetSlice1Output1DutyCycleRegister		CODE           	1243A	0000	10
		_PWM2_16BIT_SetSlice1Output2DutyCycleRegister		CODE           	12430	0000	10
		_PWM2_16BIT_Enable		CODE           	12496	0000	4

mcc_generated_files/pwm/src/pwm2_16bit.c estimated size: 174

audio.c
		_tim_1_irs     		CODE           	117E6	0000	120
		_audio_init    		CODE           	11BA0	0000	86

audio.c estimated size: 206

boat_control.c
		_get_docking_servo_angles		CODE           	122DC	0000	20
		_get_docking_servo_angles_up		CODE           	122C8	0000	20

boat_control.c estimated size: 40

mcc_generated_files/system/src/system.c
		_SYSTEM_Initialize		CODE           	1208E	0000	46

mcc_generated_files/system/src/system.c estimated size: 46

mcc_generated_files/spi/src/spi1.c
		_SPI1_ByteExchange		CODE           	12114	0000	44
		_SPI1_Open     		CODE           	11142	0000	202
		_SPI1_Initialize		CODE           	12284	0000	24

mcc_generated_files/spi/src/spi1.c estimated size: 270

